config-server-1  | 2026-09-23T14:42:14.823698303Z 
config-server-1  | 2026-09-23T14:42:14.823776988Z   .   ____          _            __ _ _
config-server-1  | 2026-09-23T14:42:14.823782669Z  /\\ / ___'_ __ _ _(_)_ __  __ _ \ \ \ \
config-server-1  | 2026-09-23T14:42:14.823785855Z ( ( )\___ | '_ | '_| | '_ \/ _` | \ \ \ \
config-server-1  | 2026-09-23T14:42:14.823788681Z  \\/  ___)| |_)| | | | | || (_| |  ) ) ) )
config-server-1  | 2026-09-23T14:42:14.823791366Z   '  |____| .__|_| |_|_| |_\__, | / / / /
config-server-1  | 2026-09-23T14:42:14.823794011Z  =========|_|==============|___/=/_/_/_/
config-server-1  | 2026-09-23T14:42:14.823796576Z 
config-server-1  | 2026-09-23T14:42:14.824082373Z  :: Spring Boot ::                (v4.0.1)
config-server-1  | 2026-09-23T14:42:14.824095619Z 
config-server-1  | 2026-09-23T14:42:14.905106144Z 2026-09-23T14:42:14.902Z  INFO 1 --- [           main] o.s.s.p.config.ConfigServerApplication   : Starting ConfigServerApplication v4.0.1 using Java 17.0.20 with PID 1 (/application/BOOT-INF/classes started by root in /application)
config-server-1  | 2026-09-23T14:42:14.906936650Z 2026-09-23T14:42:14.906Z  INFO 1 --- [           main] o.s.s.p.config.ConfigServerApplication   : The following 1 profile is active: "docker"
config-server-1  | 2026-09-23T14:42:15.772224603Z 2026-09-23T14:42:15.771Z  INFO 1 --- [           main] o.s.cloud.context.scope.GenericScope     : BeanFactory id=6d1c9e9d-ef40-32be-9e63-ab5fef88f9b6
config-server-1  | 2026-09-23T14:42:16.066676909Z 2026-09-23T14:42:16.065Z  INFO 1 --- [           main] o.s.boot.tomcat.TomcatWebServer          : Tomcat initialized with port 8888 (http)
config-server-1  | 2026-09-23T14:42:16.079002999Z 2026-09-23T14:42:16.078Z  INFO 1 --- [           main] o.apache.catalina.core.StandardService   : Starting service [Tomcat]
config-server-1  | 2026-09-23T14:42:16.079104438Z 2026-09-23T14:42:16.078Z  INFO 1 --- [           main] o.apache.catalina.core.StandardEngine    : Starting Servlet engine: [Apache Tomcat/11.0.15]
config-server-1  | 2026-09-23T14:42:16.139428146Z 2026-09-23T14:42:16.138Z  INFO 1 --- [           main] b.w.c.s.WebApplicationContextInitializer : Root WebApplicationContext: initialization completed in 1178 ms
config-server-1  | 2026-09-23T14:42:16.285604730Z 2026-09-23T14:42:16.284Z  INFO 1 --- [           main] o.s.b.w.a.WelcomePageHandlerMapping      : Adding welcome page: class path resource [static/index.html]
config-server-1  | 2026-09-23T14:42:17.097217248Z 2026-09-23T14:42:17.096Z  INFO 1 --- [           main] o.s.boot.tomcat.TomcatWebServer          : Tomcat started on port 8888 (http) with context path '/'
config-server-1  | 2026-09-23T14:42:17.119346919Z 2026-09-23T14:42:17.118Z  INFO 1 --- [           main] o.s.s.p.config.ConfigServerApplication   : Started ConfigServerApplication in 2.838 seconds (process running for 3.563)
config-server-1  | 2026-09-23T14:42:18.940166942Z 2026-09-23T14:42:18.939Z  INFO 1 --- [nio-8888-exec-1] o.a.c.c.C.[Tomcat].[localhost].[/]       : Initializing Spring DispatcherServlet 'dispatcherServlet'
config-server-1  | 2026-09-23T14:42:18.940327817Z 2026-09-23T14:42:18.940Z  INFO 1 --- [nio-8888-exec-1] o.s.web.servlet.DispatcherServlet        : Initializing Servlet 'dispatcherServlet'
config-server-1  | 2026-09-23T14:42:18.943341471Z 2026-09-23T14:42:18.942Z  INFO 1 --- [nio-8888-exec-1] o.s.web.servlet.DispatcherServlet        : Completed initialization in 2 ms
config-server-1  | 2026-09-23T14:42:25.398445125Z 2026-09-23T14:42:25.397Z  INFO 1 --- [nio-8888-exec-1] o.s.c.c.s.e.NativeEnvironmentRepository  : Adding property source: Config resource 'file [/tmp/config-repo-1704550645314979767/api-gateway.yml]' via location 'file:/tmp/config-repo-1704550645314979767/' (document #1)
config-server-1  | 2026-09-23T14:42:25.398597203Z 2026-09-23T14:42:25.398Z  INFO 1 --- [nio-8888-exec-1] o.s.c.c.s.e.NativeEnvironmentRepository  : Adding property source: Config resource 'file [/tmp/config-repo-1704550645314979767/api-gateway.yml]' via location 'file:/tmp/config-repo-1704550645314979767/' (document #0)
config-server-1  | 2026-09-23T14:42:25.398822183Z 2026-09-23T14:42:25.398Z  INFO 1 --- [nio-8888-exec-1] o.s.c.c.s.e.NativeEnvironmentRepository  : Adding property source: Config resource 'file [/tmp/config-repo-1704550645314979767/application.yml]' via location 'file:/tmp/config-repo-1704550645314979767/' (document #2)
config-server-1  | 2026-09-23T14:42:25.398909955Z 2026-09-23T14:42:25.398Z  INFO 1 --- [nio-8888-exec-1] o.s.c.c.s.e.NativeEnvironmentRepository  : Adding property source: Config resource 'file [/tmp/config-repo-1704550645314979767/application.yml]' via location 'file:/tmp/config-repo-1704550645314979767/' (document #0)
config-server-1  | 2026-09-23T14:42:29.134907529Z 2026-09-23T14:42:29.134Z  INFO 1 --- [nio-8888-exec-3] o.s.c.c.s.e.NativeEnvironmentRepository  : Adding property source: Config resource 'file [/tmp/config-repo-1704550645314979767/discovery-server.yml]' via location 'file:/tmp/config-repo-1704550645314979767/'
config-server-1  | 2026-09-23T14:42:29.135047830Z 2026-09-23T14:42:29.134Z  INFO 1 --- [nio-8888-exec-3] o.s.c.c.s.e.NativeEnvironmentRepository  : Adding property source: Config resource 'file [/tmp/config-repo-1704550645314979767/application.yml]' via location 'file:/tmp/config-repo-1704550645314979767/' (document #2)
config-server-1  | 2026-09-23T14:42:29.135483576Z 2026-09-23T14:42:29.135Z  INFO 1 --- [nio-8888-exec-3] o.s.c.c.s.e.NativeEnvironmentRepository  : Adding property source: Config resource 'file [/tmp/config-repo-1704550645314979767/application.yml]' via location 'file:/tmp/config-repo-1704550645314979767/' (document #0)
config-server-1  | 2026-09-23T14:42:30.263700360Z 2026-09-23T14:42:30.263Z  INFO 1 --- [nio-8888-exec-4] o.s.c.c.s.e.NativeEnvironmentRepository  : Adding property source: Config resource 'file [/tmp/config-repo-1704550645314979767/discovery-server.yml]' via location 'file:/tmp/config-repo-1704550645314979767/'
config-server-1  | 2026-09-23T14:42:30.263864774Z 2026-09-23T14:42:30.263Z  INFO 1 --- [nio-8888-exec-4] o.s.c.c.s.e.NativeEnvironmentRepository  : Adding property source: Config resource 'file [/tmp/config-repo-1704550645314979767/application.yml]' via location 'file:/tmp/config-repo-1704550645314979767/' (document #0)
config-server-1  | 2026-09-23T14:42:39.300993394Z 2026-09-23T14:42:39.300Z  INFO 1 --- [nio-8888-exec-5] o.s.c.c.s.e.NativeEnvironmentRepository  : Adding property source: Config resource 'file [/tmp/config-repo-1704550645314979767/visits-service.yml]' via location 'file:/tmp/config-repo-1704550645314979767/' (document #1)
config-server-1  | 2026-09-23T14:42:39.301049795Z 2026-09-23T14:42:39.300Z  INFO 1 --- [nio-8888-exec-5] o.s.c.c.s.e.NativeEnvironmentRepository  : Adding property source: Config resource 'file [/tmp/config-repo-1704550645314979767/application.yml]' via location 'file:/tmp/config-repo-1704550645314979767/' (document #2)
config-server-1  | 2026-09-23T14:42:39.302062282Z 2026-09-23T14:42:39.301Z  INFO 1 --- [nio-8888-exec-5] o.s.c.c.s.e.NativeEnvironmentRepository  : Adding property source: Config resource 'file [/tmp/config-repo-1704550645314979767/application.yml]' via location 'file:/tmp/config-repo-1704550645314979767/' (document #0)
config-server-1  | 2026-09-23T14:42:40.739907076Z 2026-09-23T14:42:40.739Z  INFO 1 --- [nio-8888-exec-6] o.s.c.c.s.e.NativeEnvironmentRepository  : Adding property source: Config resource 'file [/tmp/config-repo-1704550645314979767/customers-service.yml]' via location 'file:/tmp/config-repo-1704550645314979767/' (document #1)
config-server-1  | 2026-09-23T14:42:40.739971091Z 2026-09-23T14:42:40.739Z  INFO 1 --- [nio-8888-exec-6] o.s.c.c.s.e.NativeEnvironmentRepository  : Adding property source: Config resource 'file [/tmp/config-repo-1704550645314979767/application.yml]' via location 'file:/tmp/config-repo-1704550645314979767/' (document #2)
config-server-1  | 2026-09-23T14:42:40.740250418Z 2026-09-23T14:42:40.739Z  INFO 1 --- [nio-8888-exec-6] o.s.c.c.s.e.NativeEnvironmentRepository  : Adding property source: Config resource 'file [/tmp/config-repo-1704550645314979767/application.yml]' via location 'file:/tmp/config-repo-1704550645314979767/' (document #0)
config-server-1  | 2026-09-23T14:42:41.723496094Z 2026-09-23T14:42:41.722Z  INFO 1 --- [nio-8888-exec-7] o.s.c.c.s.e.NativeEnvironmentRepository  : Adding property source: Config resource 'file [/tmp/config-repo-1704550645314979767/visits-service.yml]' via location 'file:/tmp/config-repo-1704550645314979767/' (document #0)
config-server-1  | 2026-09-23T14:42:41.723535100Z 2026-09-23T14:42:41.723Z  INFO 1 --- [nio-8888-exec-7] o.s.c.c.s.e.NativeEnvironmentRepository  : Adding property source: Config resource 'file [/tmp/config-repo-1704550645314979767/application.yml]' via location 'file:/tmp/config-repo-1704550645314979767/' (document #0)
config-server-1  | 2026-09-23T14:42:42.719609421Z 2026-09-23T14:42:42.719Z  INFO 1 --- [nio-8888-exec-8] o.s.c.c.s.e.NativeEnvironmentRepository  : Adding property source: Config resource 'file [/tmp/config-repo-1704550645314979767/customers-service.yml]' via location 'file:/tmp/config-repo-1704550645314979767/' (document #0)
config-server-1  | 2026-09-23T14:42:42.719978594Z 2026-09-23T14:42:42.719Z  INFO 1 --- [nio-8888-exec-8] o.s.c.c.s.e.NativeEnvironmentRepository  : Adding property source: Config resource 'file [/tmp/config-repo-1704550645314979767/application.yml]' via location 'file:/tmp/config-repo-1704550645314979767/' (document #0)
config-server-1  | 2026-09-23T14:43:03.081370925Z 2026-09-23T14:43:03.080Z  INFO 1 --- [nio-8888-exec-9] o.s.c.c.s.e.NativeEnvironmentRepository  : Adding property source: Config resource 'file [/tmp/config-repo-1704550645314979767/api-gateway.yml]' via location 'file:/tmp/config-repo-1704550645314979767/' (document #1)
config-server-1  | 2026-09-23T14:43:03.081506120Z 2026-09-23T14:43:03.081Z  INFO 1 --- [nio-8888-exec-9] o.s.c.c.s.e.NativeEnvironmentRepository  : Adding property source: Config resource 'file [/tmp/config-repo-1704550645314979767/api-gateway.yml]' via location 'file:/tmp/config-repo-1704550645314979767/' (document #0)
config-server-1  | 2026-09-23T14:43:03.081537762Z 2026-09-23T14:43:03.081Z  INFO 1 --- [nio-8888-exec-9] o.s.c.c.s.e.NativeEnvironmentRepository  : Adding property source: Config resource 'file [/tmp/config-repo-1704550645314979767/application.yml]' via location 'file:/tmp/config-repo-1704550645314979767/' (document #2)
config-server-1  | 2026-09-23T14:43:03.081742232Z 2026-09-23T14:43:03.081Z  INFO 1 --- [nio-8888-exec-9] o.s.c.c.s.e.NativeEnvironmentRepository  : Adding property source: Config resource 'file [/tmp/config-repo-1704550645314979767/application.yml]' via location 'file:/tmp/config-repo-1704550645314979767/' (document #0)
config-server-1  | 2026-09-23T14:43:04.224105612Z 2026-09-23T14:43:04.223Z  INFO 1 --- [io-8888-exec-10] o.s.c.c.s.e.NativeEnvironmentRepository  : Adding property source: Config resource 'file [/tmp/config-repo-1704550645314979767/api-gateway.yml]' via location 'file:/tmp/config-repo-1704550645314979767/' (document #0)
config-server-1  | 2026-09-23T14:43:04.224166181Z 2026-09-23T14:43:04.223Z  INFO 1 --- [io-8888-exec-10] o.s.c.c.s.e.NativeEnvironmentRepository  : Adding property source: Config resource 'file [/tmp/config-repo-1704550645314979767/application.yml]' via location 'file:/tmp/config-repo-1704550645314979767/' (document #0)
