visits-service-1  | 2026-09-23T14:42:41.963992458Z 14:42:41,963 |-WARN in ch.qos.logback.core.model.processor.ImplicitModelHandler - Ignoring unknown property [jmxConfigurator] in [ch.qos.logback.classic.LoggerContext]
visits-service-1  | 2026-09-23T14:42:42.041098470Z 
visits-service-1  | 2026-09-23T14:42:42.041139070Z   .   ____          _            __ _ _
visits-service-1  | 2026-09-23T14:42:42.041145793Z  /\\ / ___'_ __ _ _(_)_ __  __ _ \ \ \ \
visits-service-1  | 2026-09-23T14:42:42.041150903Z ( ( )\___ | '_ | '_| | '_ \/ _` | \ \ \ \
visits-service-1  | 2026-09-23T14:42:42.041155893Z  \\/  ___)| |_)| | | | | || (_| |  ) ) ) )
visits-service-1  | 2026-09-23T14:42:42.041160622Z   '  |____| .__|_| |_|_| |_\__, | / / / /
visits-service-1  | 2026-09-23T14:42:42.041165011Z  =========|_|==============|___/=/_/_/_/
visits-service-1  | 2026-09-23T14:42:42.041169580Z 
visits-service-1  | 2026-09-23T14:42:42.041423117Z  :: Spring Boot ::                (v4.0.1)
visits-service-1  | 2026-09-23T14:42:42.041434009Z 
visits-service-1  | 2026-09-23T14:42:42.117940861Z 2026-09-23T14:42:42.115Z  INFO 1 --- [visits-service] [           main] [                                                 ] o.s.s.p.visits.VisitsServiceApplication  : Starting VisitsServiceApplication v4.0.1 using Java 17.0.20 with PID 1 (/application/BOOT-INF/classes started by root in /application)
visits-service-1  | 2026-09-23T14:42:42.119972301Z 2026-09-23T14:42:42.119Z  INFO 1 --- [visits-service] [           main] [                                                 ] o.s.s.p.visits.VisitsServiceApplication  : The following 1 profile is active: "docker"
visits-service-1  | 2026-09-23T14:42:42.176057148Z 2026-09-23T14:42:42.175Z  INFO 1 --- [visits-service] [           main] [                                                 ] o.s.c.c.c.ConfigServerConfigDataLoader   : Fetching config from server at : http://localhost:8888/
visits-service-1  | 2026-09-23T14:42:42.176438695Z 2026-09-23T14:42:42.176Z  INFO 1 --- [visits-service] [           main] [                                                 ] o.s.c.c.c.ConfigServerConfigDataLoader   : Exception on Url - http://localhost:8888/:org.springframework.web.client.ResourceAccessException: I/O error on GET request for "http://localhost:8888/visits-service/default": Connection refused. Will be trying the next url if available
visits-service-1  | 2026-09-23T14:42:42.176821951Z 2026-09-23T14:42:42.176Z  WARN 1 --- [visits-service] [           main] [                                                 ] o.s.c.c.c.ConfigServerConfigDataLoader   : Could not locate PropertySource ([ConfigServerConfigDataResource@fac80 uris = array<String>['http://localhost:8888/'], optional = true, profiles = 'default']): I/O error on GET request for "http://localhost:8888/visits-service/default": Connection refused
visits-service-1  | 2026-09-23T14:42:42.177416277Z 2026-09-23T14:42:42.177Z  INFO 1 --- [visits-service] [           main] [                                                 ] o.s.c.c.c.ConfigServerConfigDataLoader   : Fetching config from server at : http://config-server:8888
visits-service-1  | 2026-09-23T14:42:42.178101996Z 2026-09-23T14:42:42.177Z  INFO 1 --- [visits-service] [           main] [                                                 ] o.s.c.c.c.ConfigServerConfigDataLoader   : Located environment: name=visits-service, profiles=[docker], label=null, version=323993ce2519c6d02df63e08bf4458d123d3b611, state=
visits-service-1  | 2026-09-23T14:42:42.178116344Z 2026-09-23T14:42:42.177Z  INFO 1 --- [visits-service] [           main] [                                                 ] o.s.c.c.c.ConfigServerConfigDataLoader   : Fetching config from server at : http://config-server:8888
visits-service-1  | 2026-09-23T14:42:42.178667284Z 2026-09-23T14:42:42.178Z  INFO 1 --- [visits-service] [           main] [                                                 ] o.s.c.c.c.ConfigServerConfigDataLoader   : Located environment: name=visits-service, profiles=[default], label=null, version=323993ce2519c6d02df63e08bf4458d123d3b611, state=
visits-service-1  | 2026-09-23T14:42:42.179009857Z 2026-09-23T14:42:42.178Z  INFO 1 --- [visits-service] [           main] [                                                 ] o.s.c.c.c.ConfigServerConfigDataLoader   : Fetching config from server at : http://localhost:8888/
visits-service-1  | 2026-09-23T14:42:42.179458756Z 2026-09-23T14:42:42.179Z  INFO 1 --- [visits-service] [           main] [                                                 ] o.s.c.c.c.ConfigServerConfigDataLoader   : Exception on Url - http://localhost:8888/:org.springframework.web.client.ResourceAccessException: I/O error on GET request for "http://localhost:8888/visits-service/docker": Connection refused. Will be trying the next url if available
visits-service-1  | 2026-09-23T14:42:42.179758479Z 2026-09-23T14:42:42.179Z  WARN 1 --- [visits-service] [           main] [                                                 ] o.s.c.c.c.ConfigServerConfigDataLoader   : Could not locate PropertySource ([ConfigServerConfigDataResource@6e4ea0bd uris = array<String>['http://localhost:8888/'], optional = true, profiles = 'docker']): I/O error on GET request for "http://localhost:8888/visits-service/docker": Connection refused
visits-service-1  | 2026-09-23T14:42:42.180028494Z 2026-09-23T14:42:42.179Z  INFO 1 --- [visits-service] [           main] [                                                 ] o.s.c.c.c.ConfigServerConfigDataLoader   : Fetching config from server at : http://localhost:8888/
visits-service-1  | 2026-09-23T14:42:42.180308013Z 2026-09-23T14:42:42.179Z  INFO 1 --- [visits-service] [           main] [                                                 ] o.s.c.c.c.ConfigServerConfigDataLoader   : Exception on Url - http://localhost:8888/:org.springframework.web.client.ResourceAccessException: I/O error on GET request for "http://localhost:8888/visits-service/default": Connection refused. Will be trying the next url if available
visits-service-1  | 2026-09-23T14:42:42.180636413Z 2026-09-23T14:42:42.180Z  WARN 1 --- [visits-service] [           main] [                                                 ] o.s.c.c.c.ConfigServerConfigDataLoader   : Could not locate PropertySource ([ConfigServerConfigDataResource@56f2bbea uris = array<String>['http://localhost:8888/'], optional = true, profiles = 'default']): I/O error on GET request for "http://localhost:8888/visits-service/default": Connection refused
visits-service-1  | 2026-09-23T14:42:43.762613961Z 2026-09-23T14:42:43.759Z  INFO 1 --- [visits-service] [           main] [                                                 ] .s.d.r.c.RepositoryConfigurationDelegate : Bootstrapping Spring Data JPA repositories in DEFAULT mode.
visits-service-1  | 2026-09-23T14:42:44.103064011Z 2026-09-23T14:42:44.101Z  INFO 1 --- [visits-service] [           main] [                                                 ] .s.d.r.c.RepositoryConfigurationDelegate : Finished Spring Data repository scanning in 323 ms. Found 1 JPA repository interface.
visits-service-1  | 2026-09-23T14:42:44.713804009Z 2026-09-23T14:42:44.713Z  INFO 1 --- [visits-service] [           main] [                                                 ] o.s.cloud.context.scope.GenericScope     : BeanFactory id=039e684b-1d05-31eb-b6ff-27172c6bfc0c
visits-service-1  | 2026-09-23T14:42:46.087836398Z 2026-09-23T14:42:46.085Z  INFO 1 --- [visits-service] [           main] [                                                 ] o.s.boot.tomcat.TomcatWebServer          : Tomcat initialized with port 8082 (http)
visits-service-1  | 2026-09-23T14:42:46.150120732Z 2026-09-23T14:42:46.148Z  INFO 1 --- [visits-service] [           main] [                                                 ] o.apache.catalina.core.StandardService   : Starting service [Tomcat]
visits-service-1  | 2026-09-23T14:42:46.159220900Z 2026-09-23T14:42:46.150Z  INFO 1 --- [visits-service] [           main] [                                                 ] o.apache.catalina.core.StandardEngine    : Starting Servlet engine: [Apache Tomcat/11.0.15]
visits-service-1  | 2026-09-23T14:42:46.345528492Z 2026-09-23T14:42:46.343Z  INFO 1 --- [visits-service] [           main] [                                                 ] b.w.c.s.WebApplicationContextInitializer : Root WebApplicationContext: initialization completed in 4160 ms
visits-service-1  | 2026-09-23T14:42:47.809343491Z 2026-09-23T14:42:47.790Z  INFO 1 --- [visits-service] [           main] [                                                 ] com.zaxxer.hikari.HikariDataSource       : HikariPool-1 - Starting...
visits-service-1  | 2026-09-23T14:42:48.409051811Z 2026-09-23T14:42:48.408Z  INFO 1 --- [visits-service] [           main] [                                                 ] com.zaxxer.hikari.pool.PoolBase          : HikariPool-1 - Driver does not support get/set network timeout for connections. (feature not supported)
visits-service-1  | 2026-09-23T14:42:48.412935219Z 2026-09-23T14:42:48.411Z  INFO 1 --- [visits-service] [           main] [                                                 ] com.zaxxer.hikari.pool.HikariPool        : HikariPool-1 - Added connection org.hsqldb.jdbc.JDBCConnection@38b0e2a7
visits-service-1  | 2026-09-23T14:42:48.418187641Z 2026-09-23T14:42:48.415Z  INFO 1 --- [visits-service] [           main] [                                                 ] com.zaxxer.hikari.HikariDataSource       : HikariPool-1 - Start completed.
visits-service-1  | 2026-09-23T14:42:48.772361646Z 2026-09-23T14:42:48.771Z  INFO 1 --- [visits-service] [           main] [                                                 ] org.hibernate.orm.jpa                    : HHH008540: Processing PersistenceUnitInfo [name: default]
visits-service-1  | 2026-09-23T14:42:48.912391551Z 2026-09-23T14:42:48.911Z  INFO 1 --- [visits-service] [           main] [                                                 ] org.hibernate.orm.core                   : HHH000001: Hibernate ORM core version 7.2.0.Final
visits-service-1  | 2026-09-23T14:42:49.660313703Z 2026-09-23T14:42:49.659Z  INFO 1 --- [visits-service] [           main] [                                                 ] o.s.o.j.p.SpringPersistenceUnitInfo      : No LoadTimeWeaver setup: ignoring JPA class transformer
visits-service-1  | 2026-09-23T14:42:49.751648720Z 2026-09-23T14:42:49.751Z  INFO 1 --- [visits-service] [           main] [                                                 ] org.hibernate.orm.connections.pooling    : HHH10001005: Database info:
visits-service-1  | 2026-09-23T14:42:49.751671425Z 	Database JDBC URL [jdbc:hsqldb:mem:6a22caf4-3da6-41a7-893f-26a89cef05e3]
visits-service-1  | 2026-09-23T14:42:49.751675453Z 	Database driver: HSQL Database Engine Driver
visits-service-1  | 2026-09-23T14:42:49.751678499Z 	Database dialect: HSQLDialect
visits-service-1  | 2026-09-23T14:42:49.751681104Z 	Database version: 2.7.3
visits-service-1  | 2026-09-23T14:42:49.751683969Z 	Default catalog/schema: PUBLIC/PUBLIC
visits-service-1  | 2026-09-23T14:42:49.751686604Z 	Autocommit mode: undefined/unknown
visits-service-1  | 2026-09-23T14:42:49.751689650Z 	Isolation level: READ_COMMITTED [default READ_COMMITTED]
visits-service-1  | 2026-09-23T14:42:49.751692326Z 	JDBC fetch size: none
visits-service-1  | 2026-09-23T14:42:49.751712505Z 	Pool: DataSourceConnectionProvider
visits-service-1  | 2026-09-23T14:42:49.751715180Z 	Minimum pool size: undefined/unknown
visits-service-1  | 2026-09-23T14:42:49.751717735Z 	Maximum pool size: undefined/unknown
visits-service-1  | 2026-09-23T14:42:49.912204015Z 2026-09-23T14:42:49.911Z  WARN 1 --- [visits-service] [           main] [                                                 ] org.hibernate.orm.deprecation            : HHH90000033: Encountered use of deprecated annotation [interface jakarta.persistence.Temporal] at org.springframework.samples.petclinic.visits.model.Visit.date.
visits-service-1  | 2026-09-23T14:42:50.760028738Z 2026-09-23T14:42:50.759Z  INFO 1 --- [visits-service] [           main] [                                                 ] org.hibernate.orm.core                   : HHH000489: No JTA platform available (set 'hibernate.transaction.jta.platform' to enable JTA platform integration)
visits-service-1  | 2026-09-23T14:42:50.769941810Z 2026-09-23T14:42:50.769Z  INFO 1 --- [visits-service] [           main] [                                                 ] j.LocalContainerEntityManagerFactoryBean : Initialized JPA EntityManagerFactory for persistence unit 'default'
visits-service-1  | 2026-09-23T14:42:50.915062718Z 2026-09-23T14:42:50.914Z  INFO 1 --- [visits-service] [           main] [                                                 ] o.s.d.j.r.query.QueryEnhancerFactories   : Hibernate is in classpath; If applicable, HQL parser will be used.
visits-service-1  | 2026-09-23T14:42:52.481054777Z 2026-09-23T14:42:52.480Z  INFO 1 --- [visits-service] [           main] [                                                 ] DiscoveryClientOptionalArgsConfiguration : Eureka HTTP Client uses RestClient.
visits-service-1  | 2026-09-23T14:42:52.569698043Z 2026-09-23T14:42:52.569Z  WARN 1 --- [visits-service] [           main] [                                                 ] iguration$LoadBalancerCaffeineWarnLogger : Spring Cloud LoadBalancer is currently working with the default cache. While this cache implementation is useful for development and tests, it's recommended to use Caffeine cache in production.You can switch to using Caffeine cache, by adding it and org.springframework.cache.caffeine.CaffeineCacheManager to the classpath.
visits-service-1  | 2026-09-23T14:42:52.584518649Z 2026-09-23T14:42:52.583Z  INFO 1 --- [visits-service] [           main] [                                                 ] o.s.b.a.e.web.EndpointLinksResolver      : Exposing 17 endpoints beneath base path '/actuator'
visits-service-1  | 2026-09-23T14:42:52.784074573Z 2026-09-23T14:42:52.783Z  INFO 1 --- [visits-service] [           main] [                                                 ] o.s.c.n.eureka.InstanceInfoFactory       : Setting initial instance status as: STARTING
visits-service-1  | 2026-09-23T14:42:52.832027260Z 2026-09-23T14:42:52.830Z  INFO 1 --- [visits-service] [           main] [                                                 ] com.netflix.discovery.DiscoveryClient    : Initializing Eureka in region us-east-1
visits-service-1  | 2026-09-23T14:42:52.839258771Z 2026-09-23T14:42:52.838Z  INFO 1 --- [visits-service] [           main] [                                                 ] c.n.d.s.r.aws.ConfigClusterResolver      : Resolving eureka endpoints via configuration
visits-service-1  | 2026-09-23T14:42:52.856678970Z 2026-09-23T14:42:52.856Z  INFO 1 --- [visits-service] [           main] [                                                 ] com.netflix.discovery.DiscoveryClient    : Disable delta property : false
visits-service-1  | 2026-09-23T14:42:52.857014447Z 2026-09-23T14:42:52.856Z  INFO 1 --- [visits-service] [           main] [                                                 ] com.netflix.discovery.DiscoveryClient    : Single vip registry refresh property : null
visits-service-1  | 2026-09-23T14:42:52.858108951Z 2026-09-23T14:42:52.857Z  INFO 1 --- [visits-service] [           main] [                                                 ] com.netflix.discovery.DiscoveryClient    : Force full registry fetch : false
visits-service-1  | 2026-09-23T14:42:52.858556126Z 2026-09-23T14:42:52.858Z  INFO 1 --- [visits-service] [           main] [                                                 ] com.netflix.discovery.DiscoveryClient    : Application is null : false
visits-service-1  | 2026-09-23T14:42:52.858896260Z 2026-09-23T14:42:52.858Z  INFO 1 --- [visits-service] [           main] [                                                 ] com.netflix.discovery.DiscoveryClient    : Registered Applications size is zero : true
visits-service-1  | 2026-09-23T14:42:52.859036778Z 2026-09-23T14:42:52.858Z  INFO 1 --- [visits-service] [           main] [                                                 ] com.netflix.discovery.DiscoveryClient    : Application version is -1: true
visits-service-1  | 2026-09-23T14:42:52.859102146Z 2026-09-23T14:42:52.858Z  INFO 1 --- [visits-service] [           main] [                                                 ] com.netflix.discovery.DiscoveryClient    : Getting all instance registry info from the eureka server
visits-service-1  | 2026-09-23T14:42:53.392021424Z 2026-09-23T14:42:53.391Z  INFO 1 --- [visits-service] [           main] [                                                 ] com.netflix.discovery.DiscoveryClient    : The response status is 200
visits-service-1  | 2026-09-23T14:42:53.394929780Z 2026-09-23T14:42:53.394Z  INFO 1 --- [visits-service] [           main] [                                                 ] com.netflix.discovery.DiscoveryClient    : Starting heartbeat executor: renew interval is: 30
visits-service-1  | 2026-09-23T14:42:53.397696548Z 2026-09-23T14:42:53.397Z  INFO 1 --- [visits-service] [           main] [                                                 ] c.n.discovery.InstanceInfoReplicator     : InstanceInfoReplicator onDemand update allowed rate per min is 4
visits-service-1  | 2026-09-23T14:42:53.400202283Z 2026-09-23T14:42:53.399Z  INFO 1 --- [visits-service] [           main] [                                                 ] com.netflix.discovery.DiscoveryClient    : Discovery Client initialized at timestamp 1790174573398 with initial instances count: 0
visits-service-1  | 2026-09-23T14:42:53.408882462Z 2026-09-23T14:42:53.408Z  INFO 1 --- [visits-service] [           main] [                                                 ] o.s.c.n.e.s.EurekaServiceRegistry        : Registering application VISITS-SERVICE with eureka with status UP
visits-service-1  | 2026-09-23T14:42:53.410456647Z 2026-09-23T14:42:53.409Z  INFO 1 --- [visits-service] [           main] [                                                 ] com.netflix.discovery.DiscoveryClient    : Saw local status change event StatusChangeEvent [timestamp=1790174573409, current=UP, previous=STARTING]
visits-service-1  | 2026-09-23T14:42:53.413545377Z 2026-09-23T14:42:53.412Z  INFO 1 --- [visits-service] [foReplicator-%d] [                                                 ] com.netflix.discovery.DiscoveryClient    : DiscoveryClient_VISITS-SERVICE/5e180536aaee:visits-service:8082: registering service...
visits-service-1  | 2026-09-23T14:42:53.434551035Z 2026-09-23T14:42:53.433Z  INFO 1 --- [visits-service] [           main] [                                                 ] o.s.boot.tomcat.TomcatWebServer          : Tomcat started on port 8082 (http) with context path '/'
visits-service-1  | 2026-09-23T14:42:53.436379426Z 2026-09-23T14:42:53.435Z  INFO 1 --- [visits-service] [           main] [                                                 ] .s.c.n.e.s.EurekaAutoServiceRegistration : Updating port to 8082
visits-service-1  | 2026-09-23T14:42:53.457579819Z 2026-09-23T14:42:53.456Z  INFO 1 --- [visits-service] [           main] [                                                 ] o.s.s.p.visits.VisitsServiceApplication  : Started VisitsServiceApplication in 16.101 seconds (process running for 16.918)
visits-service-1  | 2026-09-23T14:42:53.584231461Z 2026-09-23T14:42:53.580Z  INFO 1 --- [visits-service] [foReplicator-%d] [                                                 ] com.netflix.discovery.DiscoveryClient    : DiscoveryClient_VISITS-SERVICE/5e180536aaee:visits-service:8082 - registration status: 204
visits-service-1  | 2026-09-23T14:42:53.674460163Z 2026-09-23T14:42:53.673Z  WARN 1 --- [visits-service] [/api/v2/spans}}] [                                                 ] z.r.i.AsyncReporter$BoundedAsyncReporter : Spans were dropped due to exceptions. All subsequent errors will be logged at FINE level.
visits-service-1  | 2026-09-23T14:42:53.680091102Z 2026-09-23T14:42:53.674Z  WARN 1 --- [visits-service] [/api/v2/spans}}] [                                                 ] z.r.i.AsyncReporter$BoundedAsyncReporter : Dropped 11 spans due to ConnectException()
visits-service-1  | 2026-09-23T14:42:53.680134487Z 
visits-service-1  | 2026-09-23T14:42:53.680139286Z java.net.ConnectException
visits-service-1  | 2026-09-23T14:42:53.680142883Z 	at java.net.http/jdk.internal.net.http.HttpClientImpl.send(HttpClientImpl.java:900)
visits-service-1  | 2026-09-23T14:42:53.680146941Z 	at java.net.http/jdk.internal.net.http.HttpClientFacade.send(HttpClientFacade.java:133)
visits-service-1  | 2026-09-23T14:42:53.680150859Z 	at org.springframework.boot.zipkin.autoconfigure.ZipkinHttpClientSender.postSpans(ZipkinHttpClientSender.java:59)
visits-service-1  | 2026-09-23T14:42:53.680154957Z 	at org.springframework.boot.zipkin.autoconfigure.HttpSender.postSpans(HttpSender.java:69)
visits-service-1  | 2026-09-23T14:42:53.680158624Z 	at org.springframework.boot.zipkin.autoconfigure.HttpSender.postSpans(HttpSender.java:41)
visits-service-1  | 2026-09-23T14:42:53.680162151Z 	at zipkin2.reporter.BaseHttpSender.send(BaseHttpSender.java:123)
visits-service-1  | 2026-09-23T14:42:53.680165548Z 	at zipkin2.reporter.internal.AsyncReporter$BoundedAsyncReporter.flush(AsyncReporter.java:266)
visits-service-1  | 2026-09-23T14:42:53.680169215Z 	at zipkin2.reporter.internal.AsyncReporter$Flusher.run(AsyncReporter.java:352)
visits-service-1  | 2026-09-23T14:42:53.680172882Z 	at java.base/java.lang.Thread.run(Thread.java:840)
visits-service-1  | 2026-09-23T14:42:53.680176399Z Caused by: java.net.ConnectException
visits-service-1  | 2026-09-23T14:42:53.680180347Z 	at java.net.http/jdk.internal.net.http.common.Utils.toConnectException(Utils.java:1107)
visits-service-1  | 2026-09-23T14:42:53.680183713Z 	at java.net.http/jdk.internal.net.http.PlainHttpConnection.connectAsync(PlainHttpConnection.java:203)
visits-service-1  | 2026-09-23T14:42:53.680187381Z 	at java.net.http/jdk.internal.net.http.Http1Exchange.sendHeadersAsync(Http1Exchange.java:308)
visits-service-1  | 2026-09-23T14:42:53.680190867Z 	at java.net.http/jdk.internal.net.http.Exchange.lambda$responseAsyncImpl0$8(Exchange.java:564)
visits-service-1  | 2026-09-23T14:42:53.680194224Z 	at java.net.http/jdk.internal.net.http.Exchange.checkFor407(Exchange.java:435)
visits-service-1  | 2026-09-23T14:42:53.680197440Z 	at java.net.http/jdk.internal.net.http.Exchange.lambda$responseAsyncImpl0$9(Exchange.java:568)
visits-service-1  | 2026-09-23T14:42:53.680281114Z 	at java.base/java.util.concurrent.CompletableFuture.uniHandle(CompletableFuture.java:934)
visits-service-1  | 2026-09-23T14:42:53.680287206Z 	at java.base/java.util.concurrent.CompletableFuture.uniHandleStage(CompletableFuture.java:950)
visits-service-1  | 2026-09-23T14:42:53.680290873Z 	at java.base/java.util.concurrent.CompletableFuture.handle(CompletableFuture.java:2340)
visits-service-1  | 2026-09-23T14:42:53.680294671Z 	at java.net.http/jdk.internal.net.http.Exchange.responseAsyncImpl0(Exchange.java:568)
visits-service-1  | 2026-09-23T14:42:53.680298618Z 	at java.net.http/jdk.internal.net.http.Exchange.responseAsyncImpl(Exchange.java:411)
visits-service-1  | 2026-09-23T14:42:53.680305302Z 	at java.net.http/jdk.internal.net.http.Exchange.responseAsync(Exchange.java:403)
visits-service-1  | 2026-09-23T14:42:53.680308929Z 	at java.net.http/jdk.internal.net.http.MultiExchange.responseAsyncImpl(MultiExchange.java:430)
visits-service-1  | 2026-09-23T14:42:53.680312275Z 	at java.net.http/jdk.internal.net.http.MultiExchange.lambda$responseAsyncImpl$7(MultiExchange.java:471)
visits-service-1  | 2026-09-23T14:42:53.680315692Z 	at java.base/java.util.concurrent.CompletableFuture.uniHandle(CompletableFuture.java:934)
visits-service-1  | 2026-09-23T14:42:53.680319189Z 	at java.base/java.util.concurrent.CompletableFuture.uniHandleStage(CompletableFuture.java:950)
visits-service-1  | 2026-09-23T14:42:53.680322796Z 	at java.base/java.util.concurrent.CompletableFuture.handle(CompletableFuture.java:2340)
visits-service-1  | 2026-09-23T14:42:53.680326202Z 	at java.net.http/jdk.internal.net.http.MultiExchange.responseAsyncImpl(MultiExchange.java:461)
visits-service-1  | 2026-09-23T14:42:53.680329579Z 	at java.net.http/jdk.internal.net.http.MultiExchange.lambda$responseAsync0$2(MultiExchange.java:350)
visits-service-1  | 2026-09-23T14:42:53.680333096Z 	at java.base/java.util.concurrent.CompletableFuture$UniCompose.tryFire(CompletableFuture.java:1150)
visits-service-1  | 2026-09-23T14:42:53.680336693Z 	at java.base/java.util.concurrent.CompletableFuture.postComplete(CompletableFuture.java:510)
visits-service-1  | 2026-09-23T14:42:53.680340180Z 	at java.base/java.util.concurrent.CompletableFuture$AsyncSupply.run(CompletableFuture.java:1773)
visits-service-1  | 2026-09-23T14:42:53.680343456Z 	at java.net.http/jdk.internal.net.http.HttpClientImpl$DelegatingExecutor.execute(HttpClientImpl.java:174)
visits-service-1  | 2026-09-23T14:42:53.680346803Z 	at java.base/java.util.concurrent.CompletableFuture.completeAsync(CompletableFuture.java:2673)
visits-service-1  | 2026-09-23T14:42:53.680350139Z 	at java.net.http/jdk.internal.net.http.MultiExchange.responseAsync(MultiExchange.java:303)
visits-service-1  | 2026-09-23T14:42:53.680353296Z 	at java.net.http/jdk.internal.net.http.HttpClientImpl.sendAsync(HttpClientImpl.java:991)
visits-service-1  | 2026-09-23T14:42:53.680356572Z 	at java.net.http/jdk.internal.net.http.HttpClientImpl.send(HttpClientImpl.java:878)
visits-service-1  | 2026-09-23T14:42:53.680359828Z 	... 8 common frames omitted
visits-service-1  | 2026-09-23T14:42:53.680363035Z Caused by: java.nio.channels.UnresolvedAddressException
visits-service-1  | 2026-09-23T14:42:53.680366201Z 	at java.base/sun.nio.ch.Net.checkAddress(Net.java:159)
visits-service-1  | 2026-09-23T14:42:53.680369387Z 	at java.base/sun.nio.ch.Net.checkAddress(Net.java:167)
visits-service-1  | 2026-09-23T14:42:53.680372603Z 	at java.base/sun.nio.ch.SocketChannelImpl.checkRemote(SocketChannelImpl.java:816)
visits-service-1  | 2026-09-23T14:42:53.680384416Z 	at java.base/sun.nio.ch.SocketChannelImpl.connect(SocketChannelImpl.java:839)
visits-service-1  | 2026-09-23T14:42:53.680387923Z 	at java.net.http/jdk.internal.net.http.PlainHttpConnection.lambda$connectAsync$0(PlainHttpConnection.java:187)
visits-service-1  | 2026-09-23T14:42:53.680392572Z 	at java.base/java.security.AccessController.doPrivileged(AccessController.java:569)
visits-service-1  | 2026-09-23T14:42:53.680396089Z 	at java.net.http/jdk.internal.net.http.PlainHttpConnection.connectAsync(PlainHttpConnection.java:189)
visits-service-1  | 2026-09-23T14:42:53.680399426Z 	... 33 common frames omitted
visits-service-1  | 2026-09-23T14:42:53.680402752Z 
visits-service-1  | 2026-09-23T14:42:58.477520573Z 2026-09-23T14:42:58.476Z  INFO 1 --- [visits-service] [nio-8082-exec-1] [                                                 ] o.a.c.c.C.[Tomcat].[localhost].[/]       : Initializing Spring DispatcherServlet 'dispatcherServlet'
visits-service-1  | 2026-09-23T14:42:58.477953350Z 2026-09-23T14:42:58.477Z  INFO 1 --- [visits-service] [nio-8082-exec-1] [                                                 ] o.s.web.servlet.DispatcherServlet        : Initializing Servlet 'dispatcherServlet'
visits-service-1  | 2026-09-23T14:42:58.481373429Z 2026-09-23T14:42:58.480Z  INFO 1 --- [visits-service] [nio-8082-exec-1] [                                                 ] o.s.web.servlet.DispatcherServlet        : Completed initialization in 3 ms
