customers-service-1  | 2026-09-23T14:42:43.031552089Z 14:42:43,030 |-WARN in ch.qos.logback.core.model.processor.ImplicitModelHandler - Ignoring unknown property [jmxConfigurator] in [ch.qos.logback.classic.LoggerContext]
customers-service-1  | 2026-09-23T14:42:43.124126515Z 
customers-service-1  | 2026-09-23T14:42:43.124176934Z   .   ____          _            __ _ _
customers-service-1  | 2026-09-23T14:42:43.124181894Z  /\\ / ___'_ __ _ _(_)_ __  __ _ \ \ \ \
customers-service-1  | 2026-09-23T14:42:43.124185982Z ( ( )\___ | '_ | '_| | '_ \/ _` | \ \ \ \
customers-service-1  | 2026-09-23T14:42:43.124189740Z  \\/  ___)| |_)| | | | | || (_| |  ) ) ) )
customers-service-1  | 2026-09-23T14:42:43.124193327Z   '  |____| .__|_| |_|_| |_\__, | / / / /
customers-service-1  | 2026-09-23T14:42:43.124196954Z  =========|_|==============|___/=/_/_/_/
customers-service-1  | 2026-09-23T14:42:43.124200521Z 
customers-service-1  | 2026-09-23T14:42:43.124486352Z  :: Spring Boot ::                (v4.0.1)
customers-service-1  | 2026-09-23T14:42:43.124499047Z 
customers-service-1  | 2026-09-23T14:42:43.223839031Z 2026-09-23T14:42:43.219Z  INFO 1 --- [customers-service] [           main] [                                                 ] o.s.s.p.c.CustomersServiceApplication    : Starting CustomersServiceApplication v4.0.1 using Java 17.0.20 with PID 1 (/application/BOOT-INF/classes started by root in /application)
customers-service-1  | 2026-09-23T14:42:43.226341156Z 2026-09-23T14:42:43.225Z  INFO 1 --- [customers-service] [           main] [                                                 ] o.s.s.p.c.CustomersServiceApplication    : The following 1 profile is active: "docker"
customers-service-1  | 2026-09-23T14:42:43.285961636Z 2026-09-23T14:42:43.285Z  INFO 1 --- [customers-service] [           main] [                                                 ] o.s.c.c.c.ConfigServerConfigDataLoader   : Fetching config from server at : http://localhost:8888/
customers-service-1  | 2026-09-23T14:42:43.286355501Z 2026-09-23T14:42:43.286Z  INFO 1 --- [customers-service] [           main] [                                                 ] o.s.c.c.c.ConfigServerConfigDataLoader   : Exception on Url - http://localhost:8888/:org.springframework.web.client.ResourceAccessException: I/O error on GET request for "http://localhost:8888/customers-service/default": Connection refused. Will be trying the next url if available
customers-service-1  | 2026-09-23T14:42:43.286698304Z 2026-09-23T14:42:43.286Z  WARN 1 --- [customers-service] [           main] [                                                 ] o.s.c.c.c.ConfigServerConfigDataLoader   : Could not locate PropertySource ([ConfigServerConfigDataResource@fac80 uris = array<String>['http://localhost:8888/'], optional = true, profiles = 'default']): I/O error on GET request for "http://localhost:8888/customers-service/default": Connection refused
customers-service-1  | 2026-09-23T14:42:43.287026369Z 2026-09-23T14:42:43.286Z  INFO 1 --- [customers-service] [           main] [                                                 ] o.s.c.c.c.ConfigServerConfigDataLoader   : Fetching config from server at : http://config-server:8888
customers-service-1  | 2026-09-23T14:42:43.287434279Z 2026-09-23T14:42:43.287Z  INFO 1 --- [customers-service] [           main] [                                                 ] o.s.c.c.c.ConfigServerConfigDataLoader   : Located environment: name=customers-service, profiles=[docker], label=null, version=323993ce2519c6d02df63e08bf4458d123d3b611, state=
customers-service-1  | 2026-09-23T14:42:43.288074766Z 2026-09-23T14:42:43.287Z  INFO 1 --- [customers-service] [           main] [                                                 ] o.s.c.c.c.ConfigServerConfigDataLoader   : Fetching config from server at : http://config-server:8888
customers-service-1  | 2026-09-23T14:42:43.288354527Z 2026-09-23T14:42:43.288Z  INFO 1 --- [customers-service] [           main] [                                                 ] o.s.c.c.c.ConfigServerConfigDataLoader   : Located environment: name=customers-service, profiles=[default], label=null, version=323993ce2519c6d02df63e08bf4458d123d3b611, state=
customers-service-1  | 2026-09-23T14:42:43.288608746Z 2026-09-23T14:42:43.288Z  INFO 1 --- [customers-service] [           main] [                                                 ] o.s.c.c.c.ConfigServerConfigDataLoader   : Fetching config from server at : http://localhost:8888/
customers-service-1  | 2026-09-23T14:42:43.288916158Z 2026-09-23T14:42:43.288Z  INFO 1 --- [customers-service] [           main] [                                                 ] o.s.c.c.c.ConfigServerConfigDataLoader   : Exception on Url - http://localhost:8888/:org.springframework.web.client.ResourceAccessException: I/O error on GET request for "http://localhost:8888/customers-service/docker": Connection refused. Will be trying the next url if available
customers-service-1  | 2026-09-23T14:42:43.289164568Z 2026-09-23T14:42:43.288Z  WARN 1 --- [customers-service] [           main] [                                                 ] o.s.c.c.c.ConfigServerConfigDataLoader   : Could not locate PropertySource ([ConfigServerConfigDataResource@6e4ea0bd uris = array<String>['http://localhost:8888/'], optional = true, profiles = 'docker']): I/O error on GET request for "http://localhost:8888/customers-service/docker": Connection refused
customers-service-1  | 2026-09-23T14:42:43.289519563Z 2026-09-23T14:42:43.289Z  INFO 1 --- [customers-service] [           main] [                                                 ] o.s.c.c.c.ConfigServerConfigDataLoader   : Fetching config from server at : http://localhost:8888/
customers-service-1  | 2026-09-23T14:42:43.289761068Z 2026-09-23T14:42:43.289Z  INFO 1 --- [customers-service] [           main] [                                                 ] o.s.c.c.c.ConfigServerConfigDataLoader   : Exception on Url - http://localhost:8888/:org.springframework.web.client.ResourceAccessException: I/O error on GET request for "http://localhost:8888/customers-service/default": Connection refused. Will be trying the next url if available
customers-service-1  | 2026-09-23T14:42:43.290131244Z 2026-09-23T14:42:43.289Z  WARN 1 --- [customers-service] [           main] [                                                 ] o.s.c.c.c.ConfigServerConfigDataLoader   : Could not locate PropertySource ([ConfigServerConfigDataResource@56f2bbea uris = array<String>['http://localhost:8888/'], optional = true, profiles = 'default']): I/O error on GET request for "http://localhost:8888/customers-service/default": Connection refused
customers-service-1  | 2026-09-23T14:42:45.229992962Z 2026-09-23T14:42:45.229Z  INFO 1 --- [customers-service] [           main] [                                                 ] .s.d.r.c.RepositoryConfigurationDelegate : Bootstrapping Spring Data JPA repositories in DEFAULT mode.
customers-service-1  | 2026-09-23T14:42:45.513501107Z 2026-09-23T14:42:45.512Z  INFO 1 --- [customers-service] [           main] [                                                 ] .s.d.r.c.RepositoryConfigurationDelegate : Finished Spring Data repository scanning in 260 ms. Found 2 JPA repository interfaces.
customers-service-1  | 2026-09-23T14:42:46.571111819Z 2026-09-23T14:42:46.570Z  INFO 1 --- [customers-service] [           main] [                                                 ] o.s.cloud.context.scope.GenericScope     : BeanFactory id=915a3209-3627-306d-96ad-ee3ecfe559f4
customers-service-1  | 2026-09-23T14:42:47.906601850Z 2026-09-23T14:42:47.905Z  INFO 1 --- [customers-service] [           main] [                                                 ] o.s.boot.tomcat.TomcatWebServer          : Tomcat initialized with port 8081 (http)
customers-service-1  | 2026-09-23T14:42:47.947903837Z 2026-09-23T14:42:47.947Z  INFO 1 --- [customers-service] [           main] [                                                 ] o.apache.catalina.core.StandardService   : Starting service [Tomcat]
customers-service-1  | 2026-09-23T14:42:47.949424856Z 2026-09-23T14:42:47.948Z  INFO 1 --- [customers-service] [           main] [                                                 ] o.apache.catalina.core.StandardEngine    : Starting Servlet engine: [Apache Tomcat/11.0.15]
customers-service-1  | 2026-09-23T14:42:48.078402407Z 2026-09-23T14:42:48.077Z  INFO 1 --- [customers-service] [           main] [                                                 ] b.w.c.s.WebApplicationContextInitializer : Root WebApplicationContext: initialization completed in 4785 ms
customers-service-1  | 2026-09-23T14:42:49.348363430Z 2026-09-23T14:42:49.344Z  INFO 1 --- [customers-service] [           main] [                                                 ] com.zaxxer.hikari.HikariDataSource       : HikariPool-1 - Starting...
customers-service-1  | 2026-09-23T14:42:49.694510467Z 2026-09-23T14:42:49.693Z  INFO 1 --- [customers-service] [           main] [                                                 ] com.zaxxer.hikari.pool.PoolBase          : HikariPool-1 - Driver does not support get/set network timeout for connections. (feature not supported)
customers-service-1  | 2026-09-23T14:42:49.696413922Z 2026-09-23T14:42:49.695Z  INFO 1 --- [customers-service] [           main] [                                                 ] com.zaxxer.hikari.pool.HikariPool        : HikariPool-1 - Added connection org.hsqldb.jdbc.JDBCConnection@7ffe8a82
customers-service-1  | 2026-09-23T14:42:49.698236858Z 2026-09-23T14:42:49.697Z  INFO 1 --- [customers-service] [           main] [                                                 ] com.zaxxer.hikari.HikariDataSource       : HikariPool-1 - Start completed.
customers-service-1  | 2026-09-23T14:42:49.994907426Z 2026-09-23T14:42:49.994Z  INFO 1 --- [customers-service] [           main] [                                                 ] org.hibernate.orm.jpa                    : HHH008540: Processing PersistenceUnitInfo [name: default]
customers-service-1  | 2026-09-23T14:42:50.094751024Z 2026-09-23T14:42:50.093Z  INFO 1 --- [customers-service] [           main] [                                                 ] org.hibernate.orm.core                   : HHH000001: Hibernate ORM core version 7.2.0.Final
customers-service-1  | 2026-09-23T14:42:50.597353518Z 2026-09-23T14:42:50.596Z  INFO 1 --- [customers-service] [           main] [                                                 ] o.s.o.j.p.SpringPersistenceUnitInfo      : No LoadTimeWeaver setup: ignoring JPA class transformer
customers-service-1  | 2026-09-23T14:42:50.690781193Z 2026-09-23T14:42:50.690Z  INFO 1 --- [customers-service] [           main] [                                                 ] org.hibernate.orm.connections.pooling    : HHH10001005: Database info:
customers-service-1  | 2026-09-23T14:42:50.690823125Z 	Database JDBC URL [jdbc:hsqldb:mem:9137d2fe-80e1-4cb5-b207-a6adedbdb318]
customers-service-1  | 2026-09-23T14:42:50.690828125Z 	Database driver: HSQL Database Engine Driver
customers-service-1  | 2026-09-23T14:42:50.690831321Z 	Database dialect: HSQLDialect
customers-service-1  | 2026-09-23T14:42:50.690834107Z 	Database version: 2.7.3
customers-service-1  | 2026-09-23T14:42:50.690836652Z 	Default catalog/schema: PUBLIC/PUBLIC
customers-service-1  | 2026-09-23T14:42:50.690839307Z 	Autocommit mode: undefined/unknown
customers-service-1  | 2026-09-23T14:42:50.690841882Z 	Isolation level: READ_COMMITTED [default READ_COMMITTED]
customers-service-1  | 2026-09-23T14:42:50.690858154Z 	JDBC fetch size: none
customers-service-1  | 2026-09-23T14:42:50.690863004Z 	Pool: DataSourceConnectionProvider
customers-service-1  | 2026-09-23T14:42:50.690867783Z 	Minimum pool size: undefined/unknown
customers-service-1  | 2026-09-23T14:42:50.690871610Z 	Maximum pool size: undefined/unknown
customers-service-1  | 2026-09-23T14:42:50.863026574Z 2026-09-23T14:42:50.861Z  WARN 1 --- [customers-service] [           main] [                                                 ] org.hibernate.orm.deprecation            : HHH90000033: Encountered use of deprecated annotation [interface jakarta.persistence.Temporal] at org.springframework.samples.petclinic.customers.model.Pet.birthDate.
customers-service-1  | 2026-09-23T14:42:51.983775993Z 2026-09-23T14:42:51.983Z  INFO 1 --- [customers-service] [           main] [                                                 ] org.hibernate.orm.core                   : HHH000489: No JTA platform available (set 'hibernate.transaction.jta.platform' to enable JTA platform integration)
customers-service-1  | 2026-09-23T14:42:51.993112940Z 2026-09-23T14:42:51.992Z  INFO 1 --- [customers-service] [           main] [                                                 ] j.LocalContainerEntityManagerFactoryBean : Initialized JPA EntityManagerFactory for persistence unit 'default'
customers-service-1  | 2026-09-23T14:42:52.196594231Z 2026-09-23T14:42:52.196Z  INFO 1 --- [customers-service] [           main] [                                                 ] o.s.d.j.r.query.QueryEnhancerFactories   : Hibernate is in classpath; If applicable, HQL parser will be used.
customers-service-1  | 2026-09-23T14:42:54.644218033Z 2026-09-23T14:42:54.643Z  INFO 1 --- [customers-service] [           main] [                                                 ] DiscoveryClientOptionalArgsConfiguration : Eureka HTTP Client uses RestClient.
customers-service-1  | 2026-09-23T14:42:54.723971830Z 2026-09-23T14:42:54.722Z  WARN 1 --- [customers-service] [           main] [                                                 ] iguration$LoadBalancerCaffeineWarnLogger : Spring Cloud LoadBalancer is currently working with the default cache. While this cache implementation is useful for development and tests, it's recommended to use Caffeine cache in production.You can switch to using Caffeine cache, by adding it and org.springframework.cache.caffeine.CaffeineCacheManager to the classpath.
customers-service-1  | 2026-09-23T14:42:54.735063233Z 2026-09-23T14:42:54.734Z  INFO 1 --- [customers-service] [           main] [                                                 ] o.s.b.a.e.web.EndpointLinksResolver      : Exposing 17 endpoints beneath base path '/actuator'
customers-service-1  | 2026-09-23T14:42:54.857744031Z 2026-09-23T14:42:54.857Z  WARN 1 --- [customers-service] [/api/v2/spans}}] [                                                 ] z.r.i.AsyncReporter$BoundedAsyncReporter : Spans were dropped due to exceptions. All subsequent errors will be logged at FINE level.
customers-service-1  | 2026-09-23T14:42:54.861724337Z 2026-09-23T14:42:54.857Z  WARN 1 --- [customers-service] [/api/v2/spans}}] [                                                 ] z.r.i.AsyncReporter$BoundedAsyncReporter : Dropped 45 spans due to ConnectException()
customers-service-1  | 2026-09-23T14:42:54.861758484Z 
customers-service-1  | 2026-09-23T14:42:54.861765237Z java.net.ConnectException
customers-service-1  | 2026-09-23T14:42:54.861771229Z 	at java.net.http/jdk.internal.net.http.HttpClientImpl.send(HttpClientImpl.java:900)
customers-service-1  | 2026-09-23T14:42:54.861777491Z 	at java.net.http/jdk.internal.net.http.HttpClientFacade.send(HttpClientFacade.java:133)
customers-service-1  | 2026-09-23T14:42:54.861801488Z 	at org.springframework.boot.zipkin.autoconfigure.ZipkinHttpClientSender.postSpans(ZipkinHttpClientSender.java:59)
customers-service-1  | 2026-09-23T14:42:54.861805466Z 	at org.springframework.boot.zipkin.autoconfigure.HttpSender.postSpans(HttpSender.java:69)
customers-service-1  | 2026-09-23T14:42:54.861809003Z 	at org.springframework.boot.zipkin.autoconfigure.HttpSender.postSpans(HttpSender.java:41)
customers-service-1  | 2026-09-23T14:42:54.861812670Z 	at zipkin2.reporter.BaseHttpSender.send(BaseHttpSender.java:123)
customers-service-1  | 2026-09-23T14:42:54.861816277Z 	at zipkin2.reporter.internal.AsyncReporter$BoundedAsyncReporter.flush(AsyncReporter.java:266)
customers-service-1  | 2026-09-23T14:42:54.861819944Z 	at zipkin2.reporter.internal.AsyncReporter$Flusher.run(AsyncReporter.java:352)
customers-service-1  | 2026-09-23T14:42:54.861823521Z 	at java.base/java.lang.Thread.run(Thread.java:840)
customers-service-1  | 2026-09-23T14:42:54.861827068Z Caused by: java.net.ConnectException
customers-service-1  | 2026-09-23T14:42:54.861830525Z 	at java.net.http/jdk.internal.net.http.common.Utils.toConnectException(Utils.java:1107)
customers-service-1  | 2026-09-23T14:42:54.861834162Z 	at java.net.http/jdk.internal.net.http.PlainHttpConnection.connectAsync(PlainHttpConnection.java:203)
customers-service-1  | 2026-09-23T14:42:54.861837839Z 	at java.net.http/jdk.internal.net.http.Http1Exchange.sendHeadersAsync(Http1Exchange.java:308)
customers-service-1  | 2026-09-23T14:42:54.861841456Z 	at java.net.http/jdk.internal.net.http.Exchange.lambda$responseAsyncImpl0$8(Exchange.java:564)
customers-service-1  | 2026-09-23T14:42:54.861845173Z 	at java.net.http/jdk.internal.net.http.Exchange.checkFor407(Exchange.java:435)
customers-service-1  | 2026-09-23T14:42:54.861848821Z 	at java.net.http/jdk.internal.net.http.Exchange.lambda$responseAsyncImpl0$9(Exchange.java:568)
customers-service-1  | 2026-09-23T14:42:54.861852458Z 	at java.base/java.util.concurrent.CompletableFuture.uniHandle(CompletableFuture.java:934)
customers-service-1  | 2026-09-23T14:42:54.861856045Z 	at java.base/java.util.concurrent.CompletableFuture.uniHandleStage(CompletableFuture.java:950)
customers-service-1  | 2026-09-23T14:42:54.861860103Z 	at java.base/java.util.concurrent.CompletableFuture.handle(CompletableFuture.java:2340)
customers-service-1  | 2026-09-23T14:42:54.861863870Z 	at java.net.http/jdk.internal.net.http.Exchange.responseAsyncImpl0(Exchange.java:568)
customers-service-1  | 2026-09-23T14:42:54.861869331Z 	at java.net.http/jdk.internal.net.http.Exchange.responseAsyncImpl(Exchange.java:411)
customers-service-1  | 2026-09-23T14:42:54.861873028Z 	at java.net.http/jdk.internal.net.http.Exchange.responseAsync(Exchange.java:403)
customers-service-1  | 2026-09-23T14:42:54.861876675Z 	at java.net.http/jdk.internal.net.http.MultiExchange.responseAsyncImpl(MultiExchange.java:430)
customers-service-1  | 2026-09-23T14:42:54.861880292Z 	at java.net.http/jdk.internal.net.http.MultiExchange.lambda$responseAsyncImpl$7(MultiExchange.java:471)
customers-service-1  | 2026-09-23T14:42:54.861883839Z 	at java.base/java.util.concurrent.CompletableFuture.uniHandle(CompletableFuture.java:934)
customers-service-1  | 2026-09-23T14:42:54.861887536Z 	at java.base/java.util.concurrent.CompletableFuture.uniHandleStage(CompletableFuture.java:950)
customers-service-1  | 2026-09-23T14:42:54.861891244Z 	at java.base/java.util.concurrent.CompletableFuture.handle(CompletableFuture.java:2340)
customers-service-1  | 2026-09-23T14:42:54.861895121Z 	at java.net.http/jdk.internal.net.http.MultiExchange.responseAsyncImpl(MultiExchange.java:461)
customers-service-1  | 2026-09-23T14:42:54.861906023Z 	at java.net.http/jdk.internal.net.http.MultiExchange.lambda$responseAsync0$2(MultiExchange.java:350)
customers-service-1  | 2026-09-23T14:42:54.861909840Z 	at java.base/java.util.concurrent.CompletableFuture$UniCompose.tryFire(CompletableFuture.java:1150)
customers-service-1  | 2026-09-23T14:42:54.861913567Z 	at java.base/java.util.concurrent.CompletableFuture.postComplete(CompletableFuture.java:510)
customers-service-1  | 2026-09-23T14:42:54.861917214Z 	at java.base/java.util.concurrent.CompletableFuture$AsyncSupply.run(CompletableFuture.java:1773)
customers-service-1  | 2026-09-23T14:42:54.861920852Z 	at java.net.http/jdk.internal.net.http.HttpClientImpl$DelegatingExecutor.execute(HttpClientImpl.java:174)
customers-service-1  | 2026-09-23T14:42:54.861924459Z 	at java.base/java.util.concurrent.CompletableFuture.completeAsync(CompletableFuture.java:2673)
customers-service-1  | 2026-09-23T14:42:54.861928196Z 	at java.net.http/jdk.internal.net.http.MultiExchange.responseAsync(MultiExchange.java:303)
customers-service-1  | 2026-09-23T14:42:54.861931853Z 	at java.net.http/jdk.internal.net.http.HttpClientImpl.sendAsync(HttpClientImpl.java:991)
customers-service-1  | 2026-09-23T14:42:54.861935460Z 	at java.net.http/jdk.internal.net.http.HttpClientImpl.send(HttpClientImpl.java:878)
customers-service-1  | 2026-09-23T14:42:54.861939248Z 	... 8 common frames omitted
customers-service-1  | 2026-09-23T14:42:54.861942805Z Caused by: java.nio.channels.UnresolvedAddressException
customers-service-1  | 2026-09-23T14:42:54.861946301Z 	at java.base/sun.nio.ch.Net.checkAddress(Net.java:159)
customers-service-1  | 2026-09-23T14:42:54.861949878Z 	at java.base/sun.nio.ch.Net.checkAddress(Net.java:167)
customers-service-1  | 2026-09-23T14:42:54.861953395Z 	at java.base/sun.nio.ch.SocketChannelImpl.checkRemote(SocketChannelImpl.java:816)
customers-service-1  | 2026-09-23T14:42:54.861966822Z 	at java.base/sun.nio.ch.SocketChannelImpl.connect(SocketChannelImpl.java:839)
customers-service-1  | 2026-09-23T14:42:54.861970529Z 	at java.net.http/jdk.internal.net.http.PlainHttpConnection.lambda$connectAsync$0(PlainHttpConnection.java:187)
customers-service-1  | 2026-09-23T14:42:54.861974998Z 	at java.base/java.security.AccessController.doPrivileged(AccessController.java:569)
customers-service-1  | 2026-09-23T14:42:54.861978785Z 	at java.net.http/jdk.internal.net.http.PlainHttpConnection.connectAsync(PlainHttpConnection.java:189)
customers-service-1  | 2026-09-23T14:42:54.861982482Z 	... 33 common frames omitted
customers-service-1  | 2026-09-23T14:42:54.861985879Z 
customers-service-1  | 2026-09-23T14:42:54.861989807Z 2026-09-23T14:42:54.861Z  INFO 1 --- [customers-service] [           main] [                                                 ] o.s.c.n.eureka.InstanceInfoFactory       : Setting initial instance status as: STARTING
customers-service-1  | 2026-09-23T14:42:54.895191574Z 2026-09-23T14:42:54.894Z  INFO 1 --- [customers-service] [           main] [                                                 ] com.netflix.discovery.DiscoveryClient    : Initializing Eureka in region us-east-1
customers-service-1  | 2026-09-23T14:42:54.900029601Z 2026-09-23T14:42:54.899Z  INFO 1 --- [customers-service] [           main] [                                                 ] c.n.d.s.r.aws.ConfigClusterResolver      : Resolving eureka endpoints via configuration
customers-service-1  | 2026-09-23T14:42:54.909719721Z 2026-09-23T14:42:54.908Z  INFO 1 --- [customers-service] [           main] [                                                 ] com.netflix.discovery.DiscoveryClient    : Disable delta property : false
customers-service-1  | 2026-09-23T14:42:54.910162859Z 2026-09-23T14:42:54.909Z  INFO 1 --- [customers-service] [           main] [                                                 ] com.netflix.discovery.DiscoveryClient    : Single vip registry refresh property : null
customers-service-1  | 2026-09-23T14:42:54.910530827Z 2026-09-23T14:42:54.910Z  INFO 1 --- [customers-service] [           main] [                                                 ] com.netflix.discovery.DiscoveryClient    : Force full registry fetch : false
customers-service-1  | 2026-09-23T14:42:54.911005648Z 2026-09-23T14:42:54.910Z  INFO 1 --- [customers-service] [           main] [                                                 ] com.netflix.discovery.DiscoveryClient    : Application is null : false
customers-service-1  | 2026-09-23T14:42:54.911016600Z 2026-09-23T14:42:54.910Z  INFO 1 --- [customers-service] [           main] [                                                 ] com.netflix.discovery.DiscoveryClient    : Registered Applications size is zero : true
customers-service-1  | 2026-09-23T14:42:54.911274895Z 2026-09-23T14:42:54.911Z  INFO 1 --- [customers-service] [           main] [                                                 ] com.netflix.discovery.DiscoveryClient    : Application version is -1: true
customers-service-1  | 2026-09-23T14:42:54.911625772Z 2026-09-23T14:42:54.911Z  INFO 1 --- [customers-service] [           main] [                                                 ] com.netflix.discovery.DiscoveryClient    : Getting all instance registry info from the eureka server
customers-service-1  | 2026-09-23T14:42:55.193693356Z 2026-09-23T14:42:55.192Z  INFO 1 --- [customers-service] [           main] [                                                 ] com.netflix.discovery.DiscoveryClient    : The response status is 200
customers-service-1  | 2026-09-23T14:42:55.195501308Z 2026-09-23T14:42:55.195Z  INFO 1 --- [customers-service] [           main] [                                                 ] com.netflix.discovery.DiscoveryClient    : Starting heartbeat executor: renew interval is: 30
customers-service-1  | 2026-09-23T14:42:55.197985703Z 2026-09-23T14:42:55.197Z  INFO 1 --- [customers-service] [           main] [                                                 ] c.n.discovery.InstanceInfoReplicator     : InstanceInfoReplicator onDemand update allowed rate per min is 4
customers-service-1  | 2026-09-23T14:42:55.200006931Z 2026-09-23T14:42:55.199Z  INFO 1 --- [customers-service] [           main] [                                                 ] com.netflix.discovery.DiscoveryClient    : Discovery Client initialized at timestamp 1790174575199 with initial instances count: 0
customers-service-1  | 2026-09-23T14:42:55.212290661Z 2026-09-23T14:42:55.211Z  INFO 1 --- [customers-service] [           main] [                                                 ] o.s.c.n.e.s.EurekaServiceRegistry        : Registering application CUSTOMERS-SERVICE with eureka with status UP
customers-service-1  | 2026-09-23T14:42:55.213603452Z 2026-09-23T14:42:55.213Z  INFO 1 --- [customers-service] [           main] [                                                 ] com.netflix.discovery.DiscoveryClient    : Saw local status change event StatusChangeEvent [timestamp=1790174575212, current=UP, previous=STARTING]
customers-service-1  | 2026-09-23T14:42:55.216278712Z 2026-09-23T14:42:55.215Z  INFO 1 --- [customers-service] [foReplicator-%d] [                                                 ] com.netflix.discovery.DiscoveryClient    : DiscoveryClient_CUSTOMERS-SERVICE/ac3a01e6110a:customers-service:8081: registering service...
customers-service-1  | 2026-09-23T14:42:55.238848689Z 2026-09-23T14:42:55.238Z  INFO 1 --- [customers-service] [           main] [                                                 ] o.s.boot.tomcat.TomcatWebServer          : Tomcat started on port 8081 (http) with context path '/'
customers-service-1  | 2026-09-23T14:42:55.240136460Z 2026-09-23T14:42:55.239Z  INFO 1 --- [customers-service] [           main] [                                                 ] .s.c.n.e.s.EurekaAutoServiceRegistration : Updating port to 8081
customers-service-1  | 2026-09-23T14:42:55.259616983Z 2026-09-23T14:42:55.259Z  INFO 1 --- [customers-service] [           main] [                                                 ] o.s.s.p.c.CustomersServiceApplication    : Started CustomersServiceApplication in 17.858 seconds (process running for 18.669)
customers-service-1  | 2026-09-23T14:42:55.277179326Z 2026-09-23T14:42:55.276Z  INFO 1 --- [customers-service] [foReplicator-%d] [                                                 ] com.netflix.discovery.DiscoveryClient    : DiscoveryClient_CUSTOMERS-SERVICE/ac3a01e6110a:customers-service:8081 - registration status: 204
customers-service-1  | 2026-09-23T14:42:58.050651228Z 2026-09-23T14:42:58.050Z  INFO 1 --- [customers-service] [nio-8081-exec-1] [                                                 ] o.a.c.c.C.[Tomcat].[localhost].[/]       : Initializing Spring DispatcherServlet 'dispatcherServlet'
customers-service-1  | 2026-09-23T14:42:58.050970834Z 2026-09-23T14:42:58.050Z  INFO 1 --- [customers-service] [nio-8081-exec-1] [                                                 ] o.s.web.servlet.DispatcherServlet        : Initializing Servlet 'dispatcherServlet'
customers-service-1  | 2026-09-23T14:42:58.053316435Z 2026-09-23T14:42:58.052Z  INFO 1 --- [customers-service] [nio-8081-exec-1] [                                                 ] o.s.web.servlet.DispatcherServlet        : Completed initialization in 2 ms
