discovery-server-1  | 2026-09-23T14:42:30.435877037Z 
discovery-server-1  | 2026-09-23T14:42:30.435959789Z   .   ____          _            __ _ _
discovery-server-1  | 2026-09-23T14:42:30.435966162Z  /\\ / ___'_ __ _ _(_)_ __  __ _ \ \ \ \
discovery-server-1  | 2026-09-23T14:42:30.435970651Z ( ( )\___ | '_ | '_| | '_ \/ _` | \ \ \ \
discovery-server-1  | 2026-09-23T14:42:30.435974679Z  \\/  ___)| |_)| | | | | || (_| |  ) ) ) )
discovery-server-1  | 2026-09-23T14:42:30.435978356Z   '  |____| .__|_| |_|_| |_\__, | / / / /
discovery-server-1  | 2026-09-23T14:42:30.435981953Z  =========|_|==============|___/=/_/_/_/
discovery-server-1  | 2026-09-23T14:42:30.435985590Z 
discovery-server-1  | 2026-09-23T14:42:30.436384392Z  :: Spring Boot ::                (v4.0.1)
discovery-server-1  | 2026-09-23T14:42:30.436394923Z 
discovery-server-1  | 2026-09-23T14:42:30.524624617Z 2026-09-23T14:42:30.521Z  INFO 1 --- [discovery-server] [           main] o.s.s.p.d.DiscoveryServerApplication     : Starting DiscoveryServerApplication v4.0.1 using Java 17.0.20 with PID 1 (/application/BOOT-INF/classes started by root in /application)
discovery-server-1  | 2026-09-23T14:42:30.526335222Z 2026-09-23T14:42:30.525Z  INFO 1 --- [discovery-server] [           main] o.s.s.p.d.DiscoveryServerApplication     : The following 1 profile is active: "docker"
discovery-server-1  | 2026-09-23T14:42:30.584964292Z 2026-09-23T14:42:30.584Z  INFO 1 --- [discovery-server] [           main] o.s.c.c.c.ConfigServerConfigDataLoader   : Fetching config from server at : http://localhost:8888/
discovery-server-1  | 2026-09-23T14:42:30.585198099Z 2026-09-23T14:42:30.584Z  INFO 1 --- [discovery-server] [           main] o.s.c.c.c.ConfigServerConfigDataLoader   : Exception on Url - http://localhost:8888/:org.springframework.web.client.ResourceAccessException: I/O error on GET request for "http://localhost:8888/discovery-server/default": Connection refused. Will be trying the next url if available
discovery-server-1  | 2026-09-23T14:42:30.585684500Z 2026-09-23T14:42:30.585Z  WARN 1 --- [discovery-server] [           main] o.s.c.c.c.ConfigServerConfigDataLoader   : Could not locate PropertySource ([ConfigServerConfigDataResource@6edcd0d8 uris = array<String>['http://localhost:8888/'], optional = true, profiles = 'default']): I/O error on GET request for "http://localhost:8888/discovery-server/default": Connection refused
discovery-server-1  | 2026-09-23T14:42:30.587010781Z 2026-09-23T14:42:30.586Z  INFO 1 --- [discovery-server] [           main] o.s.c.c.c.ConfigServerConfigDataLoader   : Fetching config from server at : http://config-server:8888
discovery-server-1  | 2026-09-23T14:42:30.587065509Z 2026-09-23T14:42:30.586Z  INFO 1 --- [discovery-server] [           main] o.s.c.c.c.ConfigServerConfigDataLoader   : Located environment: name=discovery-server, profiles=[docker], label=null, version=323993ce2519c6d02df63e08bf4458d123d3b611, state=
discovery-server-1  | 2026-09-23T14:42:30.587631003Z 2026-09-23T14:42:30.587Z  INFO 1 --- [discovery-server] [           main] o.s.c.c.c.ConfigServerConfigDataLoader   : Fetching config from server at : http://config-server:8888
discovery-server-1  | 2026-09-23T14:42:30.587668446Z 2026-09-23T14:42:30.587Z  INFO 1 --- [discovery-server] [           main] o.s.c.c.c.ConfigServerConfigDataLoader   : Located environment: name=discovery-server, profiles=[default], label=null, version=323993ce2519c6d02df63e08bf4458d123d3b611, state=
discovery-server-1  | 2026-09-23T14:42:30.588293122Z 2026-09-23T14:42:30.587Z  INFO 1 --- [discovery-server] [           main] o.s.c.c.c.ConfigServerConfigDataLoader   : Fetching config from server at : http://localhost:8888/
discovery-server-1  | 2026-09-23T14:42:30.588409487Z 2026-09-23T14:42:30.588Z  INFO 1 --- [discovery-server] [           main] o.s.c.c.c.ConfigServerConfigDataLoader   : Exception on Url - http://localhost:8888/:org.springframework.web.client.ResourceAccessException: I/O error on GET request for "http://localhost:8888/discovery-server/docker": Connection refused. Will be trying the next url if available
discovery-server-1  | 2026-09-23T14:42:30.588567597Z 2026-09-23T14:42:30.588Z  WARN 1 --- [discovery-server] [           main] o.s.c.c.c.ConfigServerConfigDataLoader   : Could not locate PropertySource ([ConfigServerConfigDataResource@1706a5c9 uris = array<String>['http://localhost:8888/'], optional = true, profiles = 'docker']): I/O error on GET request for "http://localhost:8888/discovery-server/docker": Connection refused
discovery-server-1  | 2026-09-23T14:42:30.588961627Z 2026-09-23T14:42:30.588Z  INFO 1 --- [discovery-server] [           main] o.s.c.c.c.ConfigServerConfigDataLoader   : Fetching config from server at : http://localhost:8888/
discovery-server-1  | 2026-09-23T14:42:30.588989232Z 2026-09-23T14:42:30.588Z  INFO 1 --- [discovery-server] [           main] o.s.c.c.c.ConfigServerConfigDataLoader   : Exception on Url - http://localhost:8888/:org.springframework.web.client.ResourceAccessException: I/O error on GET request for "http://localhost:8888/discovery-server/default": Connection refused. Will be trying the next url if available
discovery-server-1  | 2026-09-23T14:42:30.589225668Z 2026-09-23T14:42:30.588Z  WARN 1 --- [discovery-server] [           main] o.s.c.c.c.ConfigServerConfigDataLoader   : Could not locate PropertySource ([ConfigServerConfigDataResource@64412d34 uris = array<String>['http://localhost:8888/'], optional = true, profiles = 'default']): I/O error on GET request for "http://localhost:8888/discovery-server/default": Connection refused
discovery-server-1  | 2026-09-23T14:42:31.855461698Z 2026-09-23T14:42:31.854Z  INFO 1 --- [discovery-server] [           main] o.s.cloud.context.scope.GenericScope     : BeanFactory id=84fd98dd-dd53-32f5-9281-4fc95c535fbe
discovery-server-1  | 2026-09-23T14:42:32.184961007Z 2026-09-23T14:42:32.184Z  INFO 1 --- [discovery-server] [           main] o.s.boot.tomcat.TomcatWebServer          : Tomcat initialized with port 8761 (http)
discovery-server-1  | 2026-09-23T14:42:32.197500077Z 2026-09-23T14:42:32.196Z  INFO 1 --- [discovery-server] [           main] o.apache.catalina.core.StandardService   : Starting service [Tomcat]
discovery-server-1  | 2026-09-23T14:42:32.198048395Z 2026-09-23T14:42:32.197Z  INFO 1 --- [discovery-server] [           main] o.apache.catalina.core.StandardEngine    : Starting Servlet engine: [Apache Tomcat/11.0.15]
discovery-server-1  | 2026-09-23T14:42:32.266688849Z 2026-09-23T14:42:32.266Z  INFO 1 --- [discovery-server] [           main] b.w.c.s.WebApplicationContextInitializer : Root WebApplicationContext: initialization completed in 1672 ms
discovery-server-1  | 2026-09-23T14:42:33.318090491Z 2026-09-23T14:42:33.317Z  INFO 1 --- [discovery-server] [           main] c.n.d.provider.DiscoveryJerseyProvider   : Using JSON encoding codec LegacyJacksonJson
discovery-server-1  | 2026-09-23T14:42:33.318120179Z 2026-09-23T14:42:33.317Z  INFO 1 --- [discovery-server] [           main] c.n.d.provider.DiscoveryJerseyProvider   : Using JSON decoding codec LegacyJacksonJson
discovery-server-1  | 2026-09-23T14:42:33.503458152Z 2026-09-23T14:42:33.503Z  INFO 1 --- [discovery-server] [           main] c.n.d.provider.DiscoveryJerseyProvider   : Using XML encoding codec XStreamXml
discovery-server-1  | 2026-09-23T14:42:33.503501768Z 2026-09-23T14:42:33.503Z  INFO 1 --- [discovery-server] [           main] c.n.d.provider.DiscoveryJerseyProvider   : Using XML decoding codec XStreamXml
discovery-server-1  | 2026-09-23T14:42:33.720570844Z 2026-09-23T14:42:33.720Z  INFO 1 --- [discovery-server] [           main] o.s.v.b.OptionalValidatorFactoryBean     : Failed to set up a Bean Validation provider: jakarta.validation.NoProviderFoundException: Unable to create a Configuration, because no Jakarta Validation provider could be found. Add a provider like Hibernate Validator (RI) to your classpath.
discovery-server-1  | 2026-09-23T14:42:34.596313251Z 2026-09-23T14:42:34.595Z  WARN 1 --- [discovery-server] [           main] iguration$LoadBalancerCaffeineWarnLogger : Spring Cloud LoadBalancer is currently working with the default cache. While this cache implementation is useful for development and tests, it's recommended to use Caffeine cache in production.You can switch to using Caffeine cache, by adding it and org.springframework.cache.caffeine.CaffeineCacheManager to the classpath.
discovery-server-1  | 2026-09-23T14:42:34.619358155Z 2026-09-23T14:42:34.618Z  INFO 1 --- [discovery-server] [           main] o.s.c.n.eureka.InstanceInfoFactory       : Setting initial instance status as: STARTING
discovery-server-1  | 2026-09-23T14:42:34.641195293Z 2026-09-23T14:42:34.640Z  INFO 1 --- [discovery-server] [           main] com.netflix.discovery.DiscoveryClient    : Initializing Eureka in region us-east-1
discovery-server-1  | 2026-09-23T14:42:34.641232607Z 2026-09-23T14:42:34.640Z  INFO 1 --- [discovery-server] [           main] com.netflix.discovery.DiscoveryClient    : Client configured to neither register nor query for data.
discovery-server-1  | 2026-09-23T14:42:34.643027950Z 2026-09-23T14:42:34.642Z  INFO 1 --- [discovery-server] [           main] com.netflix.discovery.DiscoveryClient    : Discovery Client initialized at timestamp 1790174554641 with initial instances count: 0
discovery-server-1  | 2026-09-23T14:42:34.685715957Z 2026-09-23T14:42:34.685Z  INFO 1 --- [discovery-server] [           main] c.n.eureka.DefaultEurekaServerContext    : Initializing ...
discovery-server-1  | 2026-09-23T14:42:34.687772455Z 2026-09-23T14:42:34.686Z  INFO 1 --- [discovery-server] [           main] c.n.eureka.cluster.PeerEurekaNodes       : Adding new peer nodes [http://localhost:8761/eureka/]
discovery-server-1  | 2026-09-23T14:42:34.822917665Z 2026-09-23T14:42:34.822Z  INFO 1 --- [discovery-server] [           main] c.n.d.provider.DiscoveryJerseyProvider   : Using JSON encoding codec LegacyJacksonJson
discovery-server-1  | 2026-09-23T14:42:34.822953896Z 2026-09-23T14:42:34.822Z  INFO 1 --- [discovery-server] [           main] c.n.d.provider.DiscoveryJerseyProvider   : Using JSON decoding codec LegacyJacksonJson
discovery-server-1  | 2026-09-23T14:42:34.822959116Z 2026-09-23T14:42:34.822Z  INFO 1 --- [discovery-server] [           main] c.n.d.provider.DiscoveryJerseyProvider   : Using XML encoding codec XStreamXml
discovery-server-1  | 2026-09-23T14:42:34.823043172Z 2026-09-23T14:42:34.822Z  INFO 1 --- [discovery-server] [           main] c.n.d.provider.DiscoveryJerseyProvider   : Using XML decoding codec XStreamXml
discovery-server-1  | 2026-09-23T14:42:34.870930334Z 2026-09-23T14:42:34.870Z  INFO 1 --- [discovery-server] [           main] c.n.eureka.cluster.PeerEurekaNodes       : Replica node URL:  http://localhost:8761/eureka/
discovery-server-1  | 2026-09-23T14:42:34.878455741Z 2026-09-23T14:42:34.877Z  INFO 1 --- [discovery-server] [           main] c.n.e.registry.AbstractInstanceRegistry  : Finished initializing remote region registries. All known remote regions: []
discovery-server-1  | 2026-09-23T14:42:34.878491120Z 2026-09-23T14:42:34.878Z  INFO 1 --- [discovery-server] [           main] c.n.eureka.DefaultEurekaServerContext    : Initialized
discovery-server-1  | 2026-09-23T14:42:34.888246461Z 2026-09-23T14:42:34.887Z  INFO 1 --- [discovery-server] [           main] o.s.b.a.e.web.EndpointLinksResolver      : Exposing 16 endpoints beneath base path '/actuator'
discovery-server-1  | 2026-09-23T14:42:34.971066760Z 2026-09-23T14:42:34.970Z  INFO 1 --- [discovery-server] [           main] o.s.c.n.e.s.EurekaServiceRegistry        : Registering application DISCOVERY-SERVER with eureka with status UP
discovery-server-1  | 2026-09-23T14:42:34.987349302Z 2026-09-23T14:42:34.986Z  INFO 1 --- [discovery-server] [       Thread-9] o.s.c.n.e.server.EurekaServerBootstrap   : isAws returned false
discovery-server-1  | 2026-09-23T14:42:34.988044106Z 2026-09-23T14:42:34.987Z  INFO 1 --- [discovery-server] [       Thread-9] o.s.c.n.e.server.EurekaServerBootstrap   : Initialized server context
discovery-server-1  | 2026-09-23T14:42:34.988242802Z 2026-09-23T14:42:34.987Z  INFO 1 --- [discovery-server] [       Thread-9] c.n.e.r.PeerAwareInstanceRegistryImpl    : Got 1 instances from neighboring DS node
discovery-server-1  | 2026-09-23T14:42:34.988260156Z 2026-09-23T14:42:34.988Z  INFO 1 --- [discovery-server] [       Thread-9] c.n.e.r.PeerAwareInstanceRegistryImpl    : Renew threshold is: 1
discovery-server-1  | 2026-09-23T14:42:34.988562421Z 2026-09-23T14:42:34.988Z  INFO 1 --- [discovery-server] [       Thread-9] c.n.e.r.PeerAwareInstanceRegistryImpl    : Changing status to UP
discovery-server-1  | 2026-09-23T14:42:34.992157442Z 2026-09-23T14:42:34.991Z  INFO 1 --- [discovery-server] [       Thread-9] e.s.EurekaServerInitializerConfiguration : Started Eureka Server
discovery-server-1  | 2026-09-23T14:42:34.994444679Z 2026-09-23T14:42:34.993Z  INFO 1 --- [discovery-server] [           main] o.s.boot.tomcat.TomcatWebServer          : Tomcat started on port 8761 (http) with context path '/'
discovery-server-1  | 2026-09-23T14:42:34.996024197Z 2026-09-23T14:42:34.995Z  INFO 1 --- [discovery-server] [           main] .s.c.n.e.s.EurekaAutoServiceRegistration : Updating port to 8761
discovery-server-1  | 2026-09-23T14:42:35.009601918Z 2026-09-23T14:42:35.009Z  INFO 1 --- [discovery-server] [           main] o.s.s.p.d.DiscoveryServerApplication     : Started DiscoveryServerApplication in 8.005 seconds (process running for 8.801)
discovery-server-1  | 2026-09-23T14:42:35.547634590Z 2026-09-23T14:42:35.546Z  INFO 1 --- [discovery-server] [nio-8761-exec-1] o.a.c.c.C.[Tomcat].[localhost].[/]       : Initializing Spring DispatcherServlet 'dispatcherServlet'
discovery-server-1  | 2026-09-23T14:42:35.547904086Z 2026-09-23T14:42:35.547Z  INFO 1 --- [discovery-server] [nio-8761-exec-1] o.s.web.servlet.DispatcherServlet        : Initializing Servlet 'dispatcherServlet'
discovery-server-1  | 2026-09-23T14:42:35.550268263Z 2026-09-23T14:42:35.549Z  INFO 1 --- [discovery-server] [nio-8761-exec-1] o.s.web.servlet.DispatcherServlet        : Completed initialization in 2 ms
discovery-server-1  | 2026-09-23T14:42:53.569609402Z 2026-09-23T14:42:53.568Z  INFO 1 --- [discovery-server] [nio-8761-exec-4] c.n.e.registry.AbstractInstanceRegistry  : Registered instance VISITS-SERVICE/5e180536aaee:visits-service:8082 with status UP (replication=false)
discovery-server-1  | 2026-09-23T14:42:54.234017965Z 2026-09-23T14:42:54.233Z  INFO 1 --- [discovery-server] [nio-8761-exec-5] c.n.e.registry.AbstractInstanceRegistry  : Registered instance VISITS-SERVICE/5e180536aaee:visits-service:8082 with status UP (replication=true)
discovery-server-1  | 2026-09-23T14:42:55.274782289Z 2026-09-23T14:42:55.274Z  INFO 1 --- [discovery-server] [nio-8761-exec-7] c.n.e.registry.AbstractInstanceRegistry  : Registered instance CUSTOMERS-SERVICE/ac3a01e6110a:customers-service:8081 with status UP (replication=false)
discovery-server-1  | 2026-09-23T14:42:55.791013489Z 2026-09-23T14:42:55.790Z  INFO 1 --- [discovery-server] [nio-8761-exec-8] c.n.e.registry.AbstractInstanceRegistry  : Registered instance CUSTOMERS-SERVICE/ac3a01e6110a:customers-service:8081 with status UP (replication=true)
discovery-server-1  | 2026-09-23T14:43:09.679239482Z 2026-09-23T14:43:09.678Z  INFO 1 --- [discovery-server] [nio-8761-exec-2] c.n.e.registry.AbstractInstanceRegistry  : Registered instance API-GATEWAY/37a8e496ddd3:api-gateway:8080 with status UP (replication=false)
discovery-server-1  | 2026-09-23T14:43:10.196548042Z 2026-09-23T14:43:10.196Z  INFO 1 --- [discovery-server] [nio-8761-exec-3] c.n.e.registry.AbstractInstanceRegistry  : Registered instance API-GATEWAY/37a8e496ddd3:api-gateway:8080 with status UP (replication=true)
discovery-server-1  | 2026-09-23T14:43:15.313322391Z 2026-09-23T14:43:15.312Z  INFO 1 --- [discovery-server] [nio-8761-exec-4] c.n.e.registry.AbstractInstanceRegistry  : Registered instance VISITS-SERVICE/5e180536aaee:visits-service:8082 with status DOWN (replication=false)
discovery-server-1  | 2026-09-23T14:43:15.832947738Z 2026-09-23T14:43:15.832Z  INFO 1 --- [discovery-server] [nio-8761-exec-5] c.n.e.registry.AbstractInstanceRegistry  : Registered instance VISITS-SERVICE/5e180536aaee:visits-service:8082 with status DOWN (replication=true)
discovery-server-1  | 2026-09-23T14:43:30.656397621Z 2026-09-23T14:43:30.655Z  INFO 1 --- [discovery-server] [nio-8761-exec-2] c.n.e.registry.AbstractInstanceRegistry  : Registered instance VISITS-SERVICE/98effee61fb7:visits-service:8082 with status UP (replication=false)
discovery-server-1  | 2026-09-23T14:43:31.172062507Z 2026-09-23T14:43:31.171Z  INFO 1 --- [discovery-server] [nio-8761-exec-3] c.n.e.registry.AbstractInstanceRegistry  : Registered instance VISITS-SERVICE/98effee61fb7:visits-service:8082 with status UP (replication=true)
discovery-server-1  | 2026-09-23T14:43:34.990152046Z 2026-09-23T14:43:34.989Z  INFO 1 --- [discovery-server] [a-EvictionTimer] c.n.e.registry.AbstractInstanceRegistry  : Running the evict task with compensationTime 0ms
