visits-service-1  | 2026-09-23T14:43:22.212533058Z 14:43:22,211 |-WARN in ch.qos.logback.core.model.processor.ImplicitModelHandler - Ignoring unknown property [jmxConfigurator] in [ch.qos.logback.classic.LoggerContext]
visits-service-1  | 2026-09-23T14:43:22.279600986Z 
visits-service-1  | 2026-09-23T14:43:22.279634372Z   .   ____          _            __ _ _
visits-service-1  | 2026-09-23T14:43:22.279639802Z  /\\ / ___'_ __ _ _(_)_ __  __ _ \ \ \ \
visits-service-1  | 2026-09-23T14:43:22.279644040Z ( ( )\___ | '_ | '_| | '_ \/ _` | \ \ \ \
visits-service-1  | 2026-09-23T14:43:22.279648409Z  \\/  ___)| |_)| | | | | || (_| |  ) ) ) )
visits-service-1  | 2026-09-23T14:43:22.279652146Z   '  |____| .__|_| |_|_| |_\__, | / / / /
visits-service-1  | 2026-09-23T14:43:22.279655693Z  =========|_|==============|___/=/_/_/_/
visits-service-1  | 2026-09-23T14:43:22.279659250Z 
visits-service-1  | 2026-09-23T14:43:22.279950461Z  :: Spring Boot ::                (v4.0.1)
visits-service-1  | 2026-09-23T14:43:22.279958948Z 
visits-service-1  | 2026-09-23T14:43:22.346770172Z 2026-09-23T14:43:22.344Z  INFO 1 --- [visits-service] [           main] [                                                 ] o.s.s.p.visits.VisitsServiceApplication  : Starting VisitsServiceApplication v4.0.1 using Java 17.0.20 with PID 1 (/application/BOOT-INF/classes started by root in /application)
visits-service-1  | 2026-09-23T14:43:22.348433738Z 2026-09-23T14:43:22.347Z  INFO 1 --- [visits-service] [           main] [                                                 ] o.s.s.p.visits.VisitsServiceApplication  : The following 1 profile is active: "docker"
visits-service-1  | 2026-09-23T14:43:22.395656748Z 2026-09-23T14:43:22.394Z  INFO 1 --- [visits-service] [           main] [                                                 ] o.s.c.c.c.ConfigServerConfigDataLoader   : Fetching config from server at : http://localhost:8888/
visits-service-1  | 2026-09-23T14:43:22.396095969Z 2026-09-23T14:43:22.395Z  INFO 1 --- [visits-service] [           main] [                                                 ] o.s.c.c.c.ConfigServerConfigDataLoader   : Exception on Url - http://localhost:8888/:org.springframework.web.client.ResourceAccessException: I/O error on GET request for "http://localhost:8888/visits-service/default": Connection refused. Will be trying the next url if available
visits-service-1  | 2026-09-23T14:43:22.396576901Z 2026-09-23T14:43:22.396Z  WARN 1 --- [visits-service] [           main] [                                                 ] o.s.c.c.c.ConfigServerConfigDataLoader   : Could not locate PropertySource ([ConfigServerConfigDataResource@fac80 uris = array<String>['http://localhost:8888/'], optional = true, profiles = 'default']): I/O error on GET request for "http://localhost:8888/visits-service/default": Connection refused
visits-service-1  | 2026-09-23T14:43:22.397177602Z 2026-09-23T14:43:22.396Z  INFO 1 --- [visits-service] [           main] [                                                 ] o.s.c.c.c.ConfigServerConfigDataLoader   : Fetching config from server at : http://config-server:8888
visits-service-1  | 2026-09-23T14:43:22.397478251Z 2026-09-23T14:43:22.397Z  INFO 1 --- [visits-service] [           main] [                                                 ] o.s.c.c.c.ConfigServerConfigDataLoader   : Located environment: name=visits-service, profiles=[docker], label=null, version=323993ce2519c6d02df63e08bf4458d123d3b611, state=
visits-service-1  | 2026-09-23T14:43:22.397788098Z 2026-09-23T14:43:22.397Z  INFO 1 --- [visits-service] [           main] [                                                 ] o.s.c.c.c.ConfigServerConfigDataLoader   : Fetching config from server at : http://config-server:8888
visits-service-1  | 2026-09-23T14:43:22.398158003Z 2026-09-23T14:43:22.397Z  INFO 1 --- [visits-service] [           main] [                                                 ] o.s.c.c.c.ConfigServerConfigDataLoader   : Located environment: name=visits-service, profiles=[default], label=null, version=323993ce2519c6d02df63e08bf4458d123d3b611, state=
visits-service-1  | 2026-09-23T14:43:22.398669163Z 2026-09-23T14:43:22.398Z  INFO 1 --- [visits-service] [           main] [                                                 ] o.s.c.c.c.ConfigServerConfigDataLoader   : Fetching config from server at : http://localhost:8888/
visits-service-1  | 2026-09-23T14:43:22.399033840Z 2026-09-23T14:43:22.398Z  INFO 1 --- [visits-service] [           main] [                                                 ] o.s.c.c.c.ConfigServerConfigDataLoader   : Exception on Url - http://localhost:8888/:org.springframework.web.client.ResourceAccessException: I/O error on GET request for "http://localhost:8888/visits-service/docker": Connection refused. Will be trying the next url if available
visits-service-1  | 2026-09-23T14:43:22.399358737Z 2026-09-23T14:43:22.399Z  WARN 1 --- [visits-service] [           main] [                                                 ] o.s.c.c.c.ConfigServerConfigDataLoader   : Could not locate PropertySource ([ConfigServerConfigDataResource@6e4ea0bd uris = array<String>['http://localhost:8888/'], optional = true, profiles = 'docker']): I/O error on GET request for "http://localhost:8888/visits-service/docker": Connection refused
visits-service-1  | 2026-09-23T14:43:22.399635449Z 2026-09-23T14:43:22.399Z  INFO 1 --- [visits-service] [           main] [                                                 ] o.s.c.c.c.ConfigServerConfigDataLoader   : Fetching config from server at : http://localhost:8888/
visits-service-1  | 2026-09-23T14:43:22.399868854Z 2026-09-23T14:43:22.399Z  INFO 1 --- [visits-service] [           main] [                                                 ] o.s.c.c.c.ConfigServerConfigDataLoader   : Exception on Url - http://localhost:8888/:org.springframework.web.client.ResourceAccessException: I/O error on GET request for "http://localhost:8888/visits-service/default": Connection refused. Will be trying the next url if available
visits-service-1  | 2026-09-23T14:43:22.400167813Z 2026-09-23T14:43:22.399Z  WARN 1 --- [visits-service] [           main] [                                                 ] o.s.c.c.c.ConfigServerConfigDataLoader   : Could not locate PropertySource ([ConfigServerConfigDataResource@56f2bbea uris = array<String>['http://localhost:8888/'], optional = true, profiles = 'default']): I/O error on GET request for "http://localhost:8888/visits-service/default": Connection refused
visits-service-1  | 2026-09-23T14:43:23.704761106Z 2026-09-23T14:43:23.704Z  INFO 1 --- [visits-service] [           main] [                                                 ] .s.d.r.c.RepositoryConfigurationDelegate : Bootstrapping Spring Data JPA repositories in DEFAULT mode.
visits-service-1  | 2026-09-23T14:43:23.867073366Z 2026-09-23T14:43:23.866Z  INFO 1 --- [visits-service] [           main] [                                                 ] .s.d.r.c.RepositoryConfigurationDelegate : Finished Spring Data repository scanning in 148 ms. Found 1 JPA repository interface.
visits-service-1  | 2026-09-23T14:43:24.425811613Z 2026-09-23T14:43:24.425Z  INFO 1 --- [visits-service] [           main] [                                                 ] o.s.cloud.context.scope.GenericScope     : BeanFactory id=039e684b-1d05-31eb-b6ff-27172c6bfc0c
visits-service-1  | 2026-09-23T14:43:25.232941440Z 2026-09-23T14:43:25.232Z  INFO 1 --- [visits-service] [           main] [                                                 ] o.s.boot.tomcat.TomcatWebServer          : Tomcat initialized with port 8082 (http)
visits-service-1  | 2026-09-23T14:43:25.258918243Z 2026-09-23T14:43:25.258Z  INFO 1 --- [visits-service] [           main] [                                                 ] o.apache.catalina.core.StandardService   : Starting service [Tomcat]
visits-service-1  | 2026-09-23T14:43:25.260116011Z 2026-09-23T14:43:25.259Z  INFO 1 --- [visits-service] [           main] [                                                 ] o.apache.catalina.core.StandardEngine    : Starting Servlet engine: [Apache Tomcat/11.0.15]
visits-service-1  | 2026-09-23T14:43:25.354031836Z 2026-09-23T14:43:25.353Z  INFO 1 --- [visits-service] [           main] [                                                 ] b.w.c.s.WebApplicationContextInitializer : Root WebApplicationContext: initialization completed in 2950 ms
visits-service-1  | 2026-09-23T14:43:26.407538624Z 2026-09-23T14:43:26.404Z  INFO 1 --- [visits-service] [           main] [                                                 ] com.zaxxer.hikari.HikariDataSource       : HikariPool-1 - Starting...
visits-service-1  | 2026-09-23T14:43:26.729563737Z 2026-09-23T14:43:26.728Z  INFO 1 --- [visits-service] [           main] [                                                 ] com.zaxxer.hikari.pool.PoolBase          : HikariPool-1 - Driver does not support get/set network timeout for connections. (feature not supported)
visits-service-1  | 2026-09-23T14:43:26.733231428Z 2026-09-23T14:43:26.732Z  INFO 1 --- [visits-service] [           main] [                                                 ] com.zaxxer.hikari.pool.HikariPool        : HikariPool-1 - Added connection org.hsqldb.jdbc.JDBCConnection@337fb1a5
visits-service-1  | 2026-09-23T14:43:26.736916321Z 2026-09-23T14:43:26.735Z  INFO 1 --- [visits-service] [           main] [                                                 ] com.zaxxer.hikari.HikariDataSource       : HikariPool-1 - Start completed.
visits-service-1  | 2026-09-23T14:43:26.961295413Z 2026-09-23T14:43:26.960Z  INFO 1 --- [visits-service] [           main] [                                                 ] org.hibernate.orm.jpa                    : HHH008540: Processing PersistenceUnitInfo [name: default]
visits-service-1  | 2026-09-23T14:43:27.034229059Z 2026-09-23T14:43:27.033Z  INFO 1 --- [visits-service] [           main] [                                                 ] org.hibernate.orm.core                   : HHH000001: Hibernate ORM core version 7.2.0.Final
visits-service-1  | 2026-09-23T14:43:27.464132096Z 2026-09-23T14:43:27.463Z  INFO 1 --- [visits-service] [           main] [                                                 ] o.s.o.j.p.SpringPersistenceUnitInfo      : No LoadTimeWeaver setup: ignoring JPA class transformer
visits-service-1  | 2026-09-23T14:43:27.551030066Z 2026-09-23T14:43:27.550Z  INFO 1 --- [visits-service] [           main] [                                                 ] org.hibernate.orm.connections.pooling    : HHH10001005: Database info:
visits-service-1  | 2026-09-23T14:43:27.551080945Z 	Database JDBC URL [jdbc:hsqldb:mem:e806d516-a67a-4299-bbd0-889df0e660f6]
visits-service-1  | 2026-09-23T14:43:27.551091346Z 	Database driver: HSQL Database Engine Driver
visits-service-1  | 2026-09-23T14:43:27.551100183Z 	Database dialect: HSQLDialect
visits-service-1  | 2026-09-23T14:43:27.551109081Z 	Database version: 2.7.3
visits-service-1  | 2026-09-23T14:43:27.551117186Z 	Default catalog/schema: PUBLIC/PUBLIC
visits-service-1  | 2026-09-23T14:43:27.551125102Z 	Autocommit mode: undefined/unknown
visits-service-1  | 2026-09-23T14:43:27.551133398Z 	Isolation level: READ_COMMITTED [default READ_COMMITTED]
visits-service-1  | 2026-09-23T14:43:27.551142015Z 	JDBC fetch size: none
visits-service-1  | 2026-09-23T14:43:27.551184158Z 	Pool: DataSourceConnectionProvider
visits-service-1  | 2026-09-23T14:43:27.551190490Z 	Minimum pool size: undefined/unknown
visits-service-1  | 2026-09-23T14:43:27.551197624Z 	Maximum pool size: undefined/unknown
visits-service-1  | 2026-09-23T14:43:27.679233727Z 2026-09-23T14:43:27.678Z  WARN 1 --- [visits-service] [           main] [                                                 ] org.hibernate.orm.deprecation            : HHH90000033: Encountered use of deprecated annotation [interface jakarta.persistence.Temporal] at org.springframework.samples.petclinic.visits.model.Visit.date.
visits-service-1  | 2026-09-23T14:43:28.429765987Z 2026-09-23T14:43:28.428Z  INFO 1 --- [visits-service] [           main] [                                                 ] org.hibernate.orm.core                   : HHH000489: No JTA platform available (set 'hibernate.transaction.jta.platform' to enable JTA platform integration)
visits-service-1  | 2026-09-23T14:43:28.442746432Z 2026-09-23T14:43:28.442Z  INFO 1 --- [visits-service] [           main] [                                                 ] j.LocalContainerEntityManagerFactoryBean : Initialized JPA EntityManagerFactory for persistence unit 'default'
visits-service-1  | 2026-09-23T14:43:28.604748034Z 2026-09-23T14:43:28.604Z  INFO 1 --- [visits-service] [           main] [                                                 ] o.s.d.j.r.query.QueryEnhancerFactories   : Hibernate is in classpath; If applicable, HQL parser will be used.
visits-service-1  | 2026-09-23T14:43:30.043005741Z 2026-09-23T14:43:30.042Z  INFO 1 --- [visits-service] [           main] [                                                 ] DiscoveryClientOptionalArgsConfiguration : Eureka HTTP Client uses RestClient.
visits-service-1  | 2026-09-23T14:43:30.121478188Z 2026-09-23T14:43:30.120Z  WARN 1 --- [visits-service] [           main] [                                                 ] iguration$LoadBalancerCaffeineWarnLogger : Spring Cloud LoadBalancer is currently working with the default cache. While this cache implementation is useful for development and tests, it's recommended to use Caffeine cache in production.You can switch to using Caffeine cache, by adding it and org.springframework.cache.caffeine.CaffeineCacheManager to the classpath.
visits-service-1  | 2026-09-23T14:43:30.132306589Z 2026-09-23T14:43:30.131Z  INFO 1 --- [visits-service] [           main] [                                                 ] o.s.b.a.e.web.EndpointLinksResolver      : Exposing 17 endpoints beneath base path '/actuator'
visits-service-1  | 2026-09-23T14:43:30.240238094Z 2026-09-23T14:43:30.239Z  INFO 1 --- [visits-service] [           main] [                                                 ] o.s.c.n.eureka.InstanceInfoFactory       : Setting initial instance status as: STARTING
visits-service-1  | 2026-09-23T14:43:30.264213719Z 2026-09-23T14:43:30.263Z  INFO 1 --- [visits-service] [           main] [                                                 ] com.netflix.discovery.DiscoveryClient    : Initializing Eureka in region us-east-1
visits-service-1  | 2026-09-23T14:43:30.267681236Z 2026-09-23T14:43:30.267Z  INFO 1 --- [visits-service] [           main] [                                                 ] c.n.d.s.r.aws.ConfigClusterResolver      : Resolving eureka endpoints via configuration
visits-service-1  | 2026-09-23T14:43:30.276020315Z 2026-09-23T14:43:30.275Z  INFO 1 --- [visits-service] [           main] [                                                 ] com.netflix.discovery.DiscoveryClient    : Disable delta property : false
visits-service-1  | 2026-09-23T14:43:30.276208414Z 2026-09-23T14:43:30.275Z  INFO 1 --- [visits-service] [           main] [                                                 ] com.netflix.discovery.DiscoveryClient    : Single vip registry refresh property : null
visits-service-1  | 2026-09-23T14:43:30.277015223Z 2026-09-23T14:43:30.276Z  INFO 1 --- [visits-service] [           main] [                                                 ] com.netflix.discovery.DiscoveryClient    : Force full registry fetch : false
visits-service-1  | 2026-09-23T14:43:30.277246306Z 2026-09-23T14:43:30.277Z  INFO 1 --- [visits-service] [           main] [                                                 ] com.netflix.discovery.DiscoveryClient    : Application is null : false
visits-service-1  | 2026-09-23T14:43:30.277545059Z 2026-09-23T14:43:30.277Z  INFO 1 --- [visits-service] [           main] [                                                 ] com.netflix.discovery.DiscoveryClient    : Registered Applications size is zero : true
visits-service-1  | 2026-09-23T14:43:30.277665470Z 2026-09-23T14:43:30.277Z  INFO 1 --- [visits-service] [           main] [                                                 ] com.netflix.discovery.DiscoveryClient    : Application version is -1: true
visits-service-1  | 2026-09-23T14:43:30.277720278Z 2026-09-23T14:43:30.277Z  INFO 1 --- [visits-service] [           main] [                                                 ] com.netflix.discovery.DiscoveryClient    : Getting all instance registry info from the eureka server
visits-service-1  | 2026-09-23T14:43:30.572394566Z 2026-09-23T14:43:30.571Z  INFO 1 --- [visits-service] [           main] [                                                 ] com.netflix.discovery.DiscoveryClient    : The response status is 200
visits-service-1  | 2026-09-23T14:43:30.575722887Z 2026-09-23T14:43:30.575Z  INFO 1 --- [visits-service] [           main] [                                                 ] com.netflix.discovery.DiscoveryClient    : Starting heartbeat executor: renew interval is: 30
visits-service-1  | 2026-09-23T14:43:30.578959655Z 2026-09-23T14:43:30.578Z  INFO 1 --- [visits-service] [           main] [                                                 ] c.n.discovery.InstanceInfoReplicator     : InstanceInfoReplicator onDemand update allowed rate per min is 4
visits-service-1  | 2026-09-23T14:43:30.581000215Z 2026-09-23T14:43:30.580Z  INFO 1 --- [visits-service] [           main] [                                                 ] com.netflix.discovery.DiscoveryClient    : Discovery Client initialized at timestamp 1790174610580 with initial instances count: 3
visits-service-1  | 2026-09-23T14:43:30.589666633Z 2026-09-23T14:43:30.588Z  INFO 1 --- [visits-service] [           main] [                                                 ] o.s.c.n.e.s.EurekaServiceRegistry        : Registering application VISITS-SERVICE with eureka with status UP
visits-service-1  | 2026-09-23T14:43:30.591247740Z 2026-09-23T14:43:30.590Z  INFO 1 --- [visits-service] [           main] [                                                 ] com.netflix.discovery.DiscoveryClient    : Saw local status change event StatusChangeEvent [timestamp=1790174610590, current=UP, previous=STARTING]
visits-service-1  | 2026-09-23T14:43:30.593743241Z 2026-09-23T14:43:30.593Z  INFO 1 --- [visits-service] [foReplicator-%d] [                                                 ] com.netflix.discovery.DiscoveryClient    : DiscoveryClient_VISITS-SERVICE/98effee61fb7:visits-service:8082: registering service...
visits-service-1  | 2026-09-23T14:43:30.617185982Z 2026-09-23T14:43:30.616Z  INFO 1 --- [visits-service] [           main] [                                                 ] o.s.boot.tomcat.TomcatWebServer          : Tomcat started on port 8082 (http) with context path '/'
visits-service-1  | 2026-09-23T14:43:30.619252715Z 2026-09-23T14:43:30.618Z  INFO 1 --- [visits-service] [           main] [                                                 ] .s.c.n.e.s.EurekaAutoServiceRegistration : Updating port to 8082
visits-service-1  | 2026-09-23T14:43:30.641150673Z 2026-09-23T14:43:30.640Z  INFO 1 --- [visits-service] [           main] [                                                 ] o.s.s.p.visits.VisitsServiceApplication  : Started VisitsServiceApplication in 11.743 seconds (process running for 12.481)
visits-service-1  | 2026-09-23T14:43:30.658722047Z 2026-09-23T14:43:30.658Z  INFO 1 --- [visits-service] [foReplicator-%d] [                                                 ] com.netflix.discovery.DiscoveryClient    : DiscoveryClient_VISITS-SERVICE/98effee61fb7:visits-service:8082 - registration status: 204
visits-service-1  | 2026-09-23T14:43:31.907177621Z 2026-09-23T14:43:31.906Z  WARN 1 --- [visits-service] [/api/v2/spans}}] [                                                 ] z.r.i.AsyncReporter$BoundedAsyncReporter : Spans were dropped due to exceptions. All subsequent errors will be logged at FINE level.
visits-service-1  | 2026-09-23T14:43:31.909856387Z 2026-09-23T14:43:31.907Z  WARN 1 --- [visits-service] [/api/v2/spans}}] [                                                 ] z.r.i.AsyncReporter$BoundedAsyncReporter : Dropped 12 spans due to ConnectException()
visits-service-1  | 2026-09-23T14:43:31.909871677Z 
visits-service-1  | 2026-09-23T14:43:31.909876887Z java.net.ConnectException
visits-service-1  | 2026-09-23T14:43:31.909881125Z 	at java.net.http/jdk.internal.net.http.HttpClientImpl.send(HttpClientImpl.java:900)
visits-service-1  | 2026-09-23T14:43:31.909885484Z 	at java.net.http/jdk.internal.net.http.HttpClientFacade.send(HttpClientFacade.java:133)
visits-service-1  | 2026-09-23T14:43:31.909889702Z 	at org.springframework.boot.zipkin.autoconfigure.ZipkinHttpClientSender.postSpans(ZipkinHttpClientSender.java:59)
visits-service-1  | 2026-09-23T14:43:31.909894281Z 	at org.springframework.boot.zipkin.autoconfigure.HttpSender.postSpans(HttpSender.java:69)
visits-service-1  | 2026-09-23T14:43:31.909898710Z 	at org.springframework.boot.zipkin.autoconfigure.HttpSender.postSpans(HttpSender.java:41)
visits-service-1  | 2026-09-23T14:43:31.909903078Z 	at zipkin2.reporter.BaseHttpSender.send(BaseHttpSender.java:123)
visits-service-1  | 2026-09-23T14:43:31.909907136Z 	at zipkin2.reporter.internal.AsyncReporter$BoundedAsyncReporter.flush(AsyncReporter.java:266)
visits-service-1  | 2026-09-23T14:43:31.909910894Z 	at zipkin2.reporter.internal.AsyncReporter$Flusher.run(AsyncReporter.java:352)
visits-service-1  | 2026-09-23T14:43:31.909914671Z 	at java.base/java.lang.Thread.run(Thread.java:840)
visits-service-1  | 2026-09-23T14:43:31.909918759Z Caused by: java.net.ConnectException
visits-service-1  | 2026-09-23T14:43:31.909922777Z 	at java.net.http/jdk.internal.net.http.common.Utils.toConnectException(Utils.java:1107)
visits-service-1  | 2026-09-23T14:43:31.909974899Z 	at java.net.http/jdk.internal.net.http.PlainHttpConnection.connectAsync(PlainHttpConnection.java:203)
visits-service-1  | 2026-09-23T14:43:31.909981202Z 	at java.net.http/jdk.internal.net.http.Http1Exchange.sendHeadersAsync(Http1Exchange.java:308)
visits-service-1  | 2026-09-23T14:43:31.909985650Z 	at java.net.http/jdk.internal.net.http.Exchange.lambda$responseAsyncImpl0$8(Exchange.java:564)
visits-service-1  | 2026-09-23T14:43:31.909989949Z 	at java.net.http/jdk.internal.net.http.Exchange.checkFor407(Exchange.java:435)
visits-service-1  | 2026-09-23T14:43:31.909994297Z 	at java.net.http/jdk.internal.net.http.Exchange.lambda$responseAsyncImpl0$9(Exchange.java:568)
visits-service-1  | 2026-09-23T14:43:31.910011321Z 	at java.base/java.util.concurrent.CompletableFuture.uniHandle(CompletableFuture.java:934)
visits-service-1  | 2026-09-23T14:43:31.910014206Z 	at java.base/java.util.concurrent.CompletableFuture.uniHandleStage(CompletableFuture.java:950)
visits-service-1  | 2026-09-23T14:43:31.910016912Z 	at java.base/java.util.concurrent.CompletableFuture.handle(CompletableFuture.java:2340)
visits-service-1  | 2026-09-23T14:43:31.910019567Z 	at java.net.http/jdk.internal.net.http.Exchange.responseAsyncImpl0(Exchange.java:568)
visits-service-1  | 2026-09-23T14:43:31.910022232Z 	at java.net.http/jdk.internal.net.http.Exchange.responseAsyncImpl(Exchange.java:411)
visits-service-1  | 2026-09-23T14:43:31.910026390Z 	at java.net.http/jdk.internal.net.http.Exchange.responseAsync(Exchange.java:403)
visits-service-1  | 2026-09-23T14:43:31.910029105Z 	at java.net.http/jdk.internal.net.http.MultiExchange.responseAsyncImpl(MultiExchange.java:430)
visits-service-1  | 2026-09-23T14:43:31.910031761Z 	at java.net.http/jdk.internal.net.http.MultiExchange.lambda$responseAsyncImpl$7(MultiExchange.java:471)
visits-service-1  | 2026-09-23T14:43:31.910034386Z 	at java.base/java.util.concurrent.CompletableFuture.uniHandle(CompletableFuture.java:934)
visits-service-1  | 2026-09-23T14:43:31.910037041Z 	at java.base/java.util.concurrent.CompletableFuture.uniHandleStage(CompletableFuture.java:950)
visits-service-1  | 2026-09-23T14:43:31.910039656Z 	at java.base/java.util.concurrent.CompletableFuture.handle(CompletableFuture.java:2340)
visits-service-1  | 2026-09-23T14:43:31.910042291Z 	at java.net.http/jdk.internal.net.http.MultiExchange.responseAsyncImpl(MultiExchange.java:461)
visits-service-1  | 2026-09-23T14:43:31.910045277Z 	at java.net.http/jdk.internal.net.http.MultiExchange.lambda$responseAsync0$2(MultiExchange.java:350)
visits-service-1  | 2026-09-23T14:43:31.910047942Z 	at java.base/java.util.concurrent.CompletableFuture$UniCompose.tryFire(CompletableFuture.java:1150)
visits-service-1  | 2026-09-23T14:43:31.910050578Z 	at java.base/java.util.concurrent.CompletableFuture.postComplete(CompletableFuture.java:510)
visits-service-1  | 2026-09-23T14:43:31.910053223Z 	at java.base/java.util.concurrent.CompletableFuture$AsyncSupply.run(CompletableFuture.java:1773)
visits-service-1  | 2026-09-23T14:43:31.910055878Z 	at java.net.http/jdk.internal.net.http.HttpClientImpl$DelegatingExecutor.execute(HttpClientImpl.java:174)
visits-service-1  | 2026-09-23T14:43:31.910058543Z 	at java.base/java.util.concurrent.CompletableFuture.completeAsync(CompletableFuture.java:2673)
visits-service-1  | 2026-09-23T14:43:31.910061178Z 	at java.net.http/jdk.internal.net.http.MultiExchange.responseAsync(MultiExchange.java:303)
visits-service-1  | 2026-09-23T14:43:31.910063894Z 	at java.net.http/jdk.internal.net.http.HttpClientImpl.sendAsync(HttpClientImpl.java:991)
visits-service-1  | 2026-09-23T14:43:31.910066549Z 	at java.net.http/jdk.internal.net.http.HttpClientImpl.send(HttpClientImpl.java:878)
visits-service-1  | 2026-09-23T14:43:31.910069184Z 	... 8 common frames omitted
visits-service-1  | 2026-09-23T14:43:31.910071769Z Caused by: java.nio.channels.UnresolvedAddressException
visits-service-1  | 2026-09-23T14:43:31.910074364Z 	at java.base/sun.nio.ch.Net.checkAddress(Net.java:159)
visits-service-1  | 2026-09-23T14:43:31.910076969Z 	at java.base/sun.nio.ch.Net.checkAddress(Net.java:167)
visits-service-1  | 2026-09-23T14:43:31.910079554Z 	at java.base/sun.nio.ch.SocketChannelImpl.checkRemote(SocketChannelImpl.java:816)
visits-service-1  | 2026-09-23T14:43:31.910087470Z 	at java.base/sun.nio.ch.SocketChannelImpl.connect(SocketChannelImpl.java:839)
visits-service-1  | 2026-09-23T14:43:31.910090215Z 	at java.net.http/jdk.internal.net.http.PlainHttpConnection.lambda$connectAsync$0(PlainHttpConnection.java:187)
visits-service-1  | 2026-09-23T14:43:31.910093131Z 	at java.base/java.security.AccessController.doPrivileged(AccessController.java:569)
visits-service-1  | 2026-09-23T14:43:31.910095806Z 	at java.net.http/jdk.internal.net.http.PlainHttpConnection.connectAsync(PlainHttpConnection.java:189)
visits-service-1  | 2026-09-23T14:43:31.910098491Z 	... 33 common frames omitted
visits-service-1  | 2026-09-23T14:43:31.910101087Z 
visits-service-1  | 2026-09-23T14:43:33.563123582Z 2026-09-23T14:43:33.562Z  INFO 1 --- [visits-service] [nio-8082-exec-1] [                                                 ] o.a.c.c.C.[Tomcat].[localhost].[/]       : Initializing Spring DispatcherServlet 'dispatcherServlet'
visits-service-1  | 2026-09-23T14:43:33.563494760Z 2026-09-23T14:43:33.563Z  INFO 1 --- [visits-service] [nio-8082-exec-1] [                                                 ] o.s.web.servlet.DispatcherServlet        : Initializing Servlet 'dispatcherServlet'
visits-service-1  | 2026-09-23T14:43:33.565909139Z 2026-09-23T14:43:33.565Z  INFO 1 --- [visits-service] [nio-8082-exec-1] [                                                 ] o.s.web.servlet.DispatcherServlet        : Completed initialization in 2 ms
visits-service-1  | 2026-09-23T14:44:02.147293552Z 2026-09-23T14:44:02.146Z  WARN 1 --- [visits-service] [nio-8082-exec-3] [6ab3e5b245619c380611f4683dd46c58-0611f4683dd46c58] .w.s.m.s.DefaultHandlerExceptionResolver : Resolved [org.springframework.web.bind.MissingServletRequestParameterException: Required request parameter 'includeDetails' for method parameter type boolean is not present]
visits-service-1  | 2026-09-23T14:44:03.475863850Z 2026-09-23T14:44:03.475Z  WARN 1 --- [visits-service] [nio-8082-exec-4] [6ab3e5b356cc0f5cf80f092d4443ad83-f80f092d4443ad83] .w.s.m.s.DefaultHandlerExceptionResolver : Resolved [org.springframework.web.bind.MissingServletRequestParameterException: Required request parameter 'includeDetails' for method parameter type boolean is not present]
visits-service-1  | 2026-09-23T14:44:03.546037701Z 2026-09-23T14:44:03.545Z  WARN 1 --- [visits-service] [nio-8082-exec-6] [6ab3e5b3b5c45a78a0d26b5aae21c8b1-a0d26b5aae21c8b1] .w.s.m.s.DefaultHandlerExceptionResolver : Resolved [org.springframework.web.bind.MissingServletRequestParameterException: Required request parameter 'includeDetails' for method parameter type boolean is not present]
