2026-09-23T15:27:42.7235999+07:00	exit=0	docker version
2026-09-23T15:27:42.9628650+07:00	exit=0	docker compose version --short
2026-09-23T15:27:45.4009040+07:00	exit=0	docker compose -p p01-independent-rerun -f D:\vector-rag\benchmark\p01\derived\docker-compose-rerun.yml up -d config-server
2026-09-23T15:27:59.2086883+07:00	exit=0	docker compose -p p01-independent-rerun -f D:\vector-rag\benchmark\p01\derived\docker-compose-rerun.yml up -d discovery-server
2026-09-23T15:28:12.6997808+07:00	exit=0	docker compose -p p01-independent-rerun -f D:\vector-rag\benchmark\p01\derived\docker-compose-rerun.yml up -d customers-service visits-service
2026-09-23T15:28:35.6471584+07:00	exit=0	docker compose ps -q visits-service
2026-09-23T15:28:35.8398723+07:00	exit=0	docker inspect service IP visits-service
2026-09-23T15:28:36.9108650+07:00	exit=0	docker compose -p p01-independent-rerun -f D:\vector-rag\benchmark\p01\derived\docker-compose-rerun.yml up -d api-gateway
2026-09-23T15:29:17.7707129+07:00	exit=0	docker compose logs config-server (baseline)
2026-09-23T15:29:18.2268976+07:00	exit=0	docker compose logs discovery-server (baseline)
2026-09-23T15:29:18.7233305+07:00	exit=0	docker compose logs customers-service (baseline)
2026-09-23T15:29:19.1985910+07:00	exit=0	docker compose logs visits-service (baseline)
2026-09-23T15:29:19.7230192+07:00	exit=0	docker compose logs api-gateway (baseline)
2026-09-23T15:29:22.7068975+07:00	exit=0	docker compose -p p01-independent-rerun -f D:\vector-rag\benchmark\p01\derived\docker-compose-rerun.yml up -d --no-deps --force-recreate visits-service
2026-09-23T15:29:39.1459408+07:00	exit=0	docker compose ps -q visits-service
2026-09-23T15:29:39.3392110+07:00	exit=0	docker inspect service IP visits-service
2026-09-23T15:30:22.4860664+07:00	exit=0	gateway discovery preflight reached mutated visits-service on attempt 5
2026-09-23T15:30:23.2065405+07:00	exit=0	docker compose logs config-server (mutated)
2026-09-23T15:30:23.6562257+07:00	exit=0	docker compose logs discovery-server (mutated)
2026-09-23T15:30:24.1421886+07:00	exit=0	docker compose logs customers-service (mutated)
2026-09-23T15:30:24.6110457+07:00	exit=0	docker compose logs visits-service (mutated)
2026-09-23T15:30:25.0915884+07:00	exit=0	docker compose logs api-gateway (mutated)
2026-09-23T15:30:25.5803283+07:00	exit=0	docker compose ps --format json
2026-09-23T15:30:28.2834173+07:00	exit=0	docker compose -p p01-independent-rerun -f D:\vector-rag\benchmark\p01\derived\docker-compose-rerun.yml down --volumes --remove-orphans
