2026-09-23T21:42:11.5686761+07:00	exit=0	docker version
2026-09-23T21:42:11.7435840+07:00	exit=0	docker compose version --short
2026-09-23T21:42:13.7601392+07:00	exit=0	docker compose -p p01-independent-rerun -f D:\vector-rag\benchmark\p01\derived\docker-compose-rerun.yml up -d config-server
2026-09-23T21:42:26.4052942+07:00	exit=0	docker compose -p p01-independent-rerun -f D:\vector-rag\benchmark\p01\derived\docker-compose-rerun.yml up -d discovery-server
2026-09-23T21:42:36.7786027+07:00	exit=0	docker compose -p p01-independent-rerun -f D:\vector-rag\benchmark\p01\derived\docker-compose-rerun.yml up -d customers-service visits-service
2026-09-23T21:42:59.4709244+07:00	exit=0	docker compose ps -q visits-service
2026-09-23T21:42:59.5661651+07:00	exit=0	docker inspect service IP visits-service
2026-09-23T21:43:00.5811310+07:00	exit=0	docker compose -p p01-independent-rerun -f D:\vector-rag\benchmark\p01\derived\docker-compose-rerun.yml up -d api-gateway
2026-09-23T21:43:13.8288122+07:00	exit=0	docker compose logs config-server (baseline)
2026-09-23T21:43:14.0932582+07:00	exit=0	docker compose logs discovery-server (baseline)
2026-09-23T21:43:14.3273463+07:00	exit=0	docker compose logs customers-service (baseline)
2026-09-23T21:43:14.5740621+07:00	exit=0	docker compose logs visits-service (baseline)
2026-09-23T21:43:14.8171159+07:00	exit=0	docker compose logs api-gateway (baseline)
2026-09-23T21:43:18.3756098+07:00	exit=0	docker compose -p p01-independent-rerun -f D:\vector-rag\benchmark\p01\derived\docker-compose-rerun.yml up -d --no-deps --force-recreate visits-service
2026-09-23T21:43:34.5087645+07:00	exit=0	docker compose ps -q visits-service
2026-09-23T21:43:34.6001967+07:00	exit=0	docker inspect service IP visits-service
2026-09-23T21:44:03.4635399+07:00	exit=0	gateway discovery preflight reached mutated visits-service on attempt 1
2026-09-23T21:44:03.8628775+07:00	exit=0	docker compose logs config-server (mutated)
2026-09-23T21:44:04.1185886+07:00	exit=0	docker compose logs discovery-server (mutated)
2026-09-23T21:44:04.3384424+07:00	exit=0	docker compose logs customers-service (mutated)
2026-09-23T21:44:04.5852505+07:00	exit=0	docker compose logs visits-service (mutated)
2026-09-23T21:44:04.8388908+07:00	exit=0	docker compose logs api-gateway (mutated)
2026-09-23T21:44:05.1217770+07:00	exit=0	docker compose ps --format json
2026-09-23T21:44:07.6130432+07:00	exit=0	docker compose -p p01-independent-rerun -f D:\vector-rag\benchmark\p01\derived\docker-compose-rerun.yml down --volumes --remove-orphans
