discovery-server-1  | 2026-09-23T08:28:03.458744422Z 
discovery-server-1  | 2026-09-23T08:28:03.458824079Z   .   ____          _            __ _ _
discovery-server-1  | 2026-09-23T08:28:03.458830020Z  /\\ / ___'_ __ _ _(_)_ __  __ _ \ \ \ \
discovery-server-1  | 2026-09-23T08:28:03.458835080Z ( ( )\___ | '_ | '_| | '_ \/ _` | \ \ \ \
discovery-server-1  | 2026-09-23T08:28:03.458839379Z  \\/  ___)| |_)| | | | | || (_| |  ) ) ) )
discovery-server-1  | 2026-09-23T08:28:03.458843717Z   '  |____| .__|_| |_|_| |_\__, | / / / /
discovery-server-1  | 2026-09-23T08:28:03.458847946Z  =========|_|==============|___/=/_/_/_/
discovery-server-1  | 2026-09-23T08:28:03.458851914Z 
discovery-server-1  | 2026-09-23T08:28:03.459777017Z  :: Spring Boot ::                (v4.0.1)
discovery-server-1  | 2026-09-23T08:28:03.459812177Z 
discovery-server-1  | 2026-09-23T08:28:03.556685092Z 2026-09-23T08:28:03.553Z  INFO 1 --- [discovery-server] [           main] o.s.s.p.d.DiscoveryServerApplication     : Starting DiscoveryServerApplication v4.0.1 using Java 17.0.20 with PID 1 (/application/BOOT-INF/classes started by root in /application)
discovery-server-1  | 2026-09-23T08:28:03.558668435Z 2026-09-23T08:28:03.557Z  INFO 1 --- [discovery-server] [           main] o.s.s.p.d.DiscoveryServerApplication     : The following 1 profile is active: "docker"
discovery-server-1  | 2026-09-23T08:28:03.617051781Z 2026-09-23T08:28:03.616Z  INFO 1 --- [discovery-server] [           main] o.s.c.c.c.ConfigServerConfigDataLoader   : Fetching config from server at : http://localhost:8888/
discovery-server-1  | 2026-09-23T08:28:03.617113143Z 2026-09-23T08:28:03.616Z  INFO 1 --- [discovery-server] [           main] o.s.c.c.c.ConfigServerConfigDataLoader   : Exception on Url - http://localhost:8888/:org.springframework.web.client.ResourceAccessException: I/O error on GET request for "http://localhost:8888/discovery-server/default": Connection refused. Will be trying the next url if available
discovery-server-1  | 2026-09-23T08:28:03.617445576Z 2026-09-23T08:28:03.617Z  WARN 1 --- [discovery-server] [           main] o.s.c.c.c.ConfigServerConfigDataLoader   : Could not locate PropertySource ([ConfigServerConfigDataResource@6edcd0d8 uris = array<String>['http://localhost:8888/'], optional = true, profiles = 'default']): I/O error on GET request for "http://localhost:8888/discovery-server/default": Connection refused
discovery-server-1  | 2026-09-23T08:28:03.618796616Z 2026-09-23T08:28:03.618Z  INFO 1 --- [discovery-server] [           main] o.s.c.c.c.ConfigServerConfigDataLoader   : Fetching config from server at : http://config-server:8888
discovery-server-1  | 2026-09-23T08:28:03.618810764Z 2026-09-23T08:28:03.618Z  INFO 1 --- [discovery-server] [           main] o.s.c.c.c.ConfigServerConfigDataLoader   : Located environment: name=discovery-server, profiles=[docker], label=null, version=323993ce2519c6d02df63e08bf4458d123d3b611, state=
discovery-server-1  | 2026-09-23T08:28:03.619299595Z 2026-09-23T08:28:03.618Z  INFO 1 --- [discovery-server] [           main] o.s.c.c.c.ConfigServerConfigDataLoader   : Fetching config from server at : http://config-server:8888
discovery-server-1  | 2026-09-23T08:28:03.619431515Z 2026-09-23T08:28:03.619Z  INFO 1 --- [discovery-server] [           main] o.s.c.c.c.ConfigServerConfigDataLoader   : Located environment: name=discovery-server, profiles=[default], label=null, version=323993ce2519c6d02df63e08bf4458d123d3b611, state=
discovery-server-1  | 2026-09-23T08:28:03.619967373Z 2026-09-23T08:28:03.619Z  INFO 1 --- [discovery-server] [           main] o.s.c.c.c.ConfigServerConfigDataLoader   : Fetching config from server at : http://localhost:8888/
discovery-server-1  | 2026-09-23T08:28:03.619991891Z 2026-09-23T08:28:03.619Z  INFO 1 --- [discovery-server] [           main] o.s.c.c.c.ConfigServerConfigDataLoader   : Exception on Url - http://localhost:8888/:org.springframework.web.client.ResourceAccessException: I/O error on GET request for "http://localhost:8888/discovery-server/docker": Connection refused. Will be trying the next url if available
discovery-server-1  | 2026-09-23T08:28:03.620142948Z 2026-09-23T08:28:03.619Z  WARN 1 --- [discovery-server] [           main] o.s.c.c.c.ConfigServerConfigDataLoader   : Could not locate PropertySource ([ConfigServerConfigDataResource@1706a5c9 uris = array<String>['http://localhost:8888/'], optional = true, profiles = 'docker']): I/O error on GET request for "http://localhost:8888/discovery-server/docker": Connection refused
discovery-server-1  | 2026-09-23T08:28:03.620407567Z 2026-09-23T08:28:03.620Z  INFO 1 --- [discovery-server] [           main] o.s.c.c.c.ConfigServerConfigDataLoader   : Fetching config from server at : http://localhost:8888/
discovery-server-1  | 2026-09-23T08:28:03.620524377Z 2026-09-23T08:28:03.620Z  INFO 1 --- [discovery-server] [           main] o.s.c.c.c.ConfigServerConfigDataLoader   : Exception on Url - http://localhost:8888/:org.springframework.web.client.ResourceAccessException: I/O error on GET request for "http://localhost:8888/discovery-server/default": Connection refused. Will be trying the next url if available
discovery-server-1  | 2026-09-23T08:28:03.620541891Z 2026-09-23T08:28:03.620Z  WARN 1 --- [discovery-server] [           main] o.s.c.c.c.ConfigServerConfigDataLoader   : Could not locate PropertySource ([ConfigServerConfigDataResource@64412d34 uris = array<String>['http://localhost:8888/'], optional = true, profiles = 'default']): I/O error on GET request for "http://localhost:8888/discovery-server/default": Connection refused
discovery-server-1  | 2026-09-23T08:28:05.054125963Z 2026-09-23T08:28:05.053Z  INFO 1 --- [discovery-server] [           main] o.s.cloud.context.scope.GenericScope     : BeanFactory id=84fd98dd-dd53-32f5-9281-4fc95c535fbe
discovery-server-1  | 2026-09-23T08:28:05.514662675Z 2026-09-23T08:28:05.514Z  INFO 1 --- [discovery-server] [           main] o.s.boot.tomcat.TomcatWebServer          : Tomcat initialized with port 8761 (http)
discovery-server-1  | 2026-09-23T08:28:05.544091708Z 2026-09-23T08:28:05.543Z  INFO 1 --- [discovery-server] [           main] o.apache.catalina.core.StandardService   : Starting service [Tomcat]
discovery-server-1  | 2026-09-23T08:28:05.545374946Z 2026-09-23T08:28:05.544Z  INFO 1 --- [discovery-server] [           main] o.apache.catalina.core.StandardEngine    : Starting Servlet engine: [Apache Tomcat/11.0.15]
discovery-server-1  | 2026-09-23T08:28:05.627915452Z 2026-09-23T08:28:05.627Z  INFO 1 --- [discovery-server] [           main] b.w.c.s.WebApplicationContextInitializer : Root WebApplicationContext: initialization completed in 2002 ms
discovery-server-1  | 2026-09-23T08:28:06.743013646Z 2026-09-23T08:28:06.742Z  INFO 1 --- [discovery-server] [           main] c.n.d.provider.DiscoveryJerseyProvider   : Using JSON encoding codec LegacyJacksonJson
discovery-server-1  | 2026-09-23T08:28:06.743057862Z 2026-09-23T08:28:06.742Z  INFO 1 --- [discovery-server] [           main] c.n.d.provider.DiscoveryJerseyProvider   : Using JSON decoding codec LegacyJacksonJson
discovery-server-1  | 2026-09-23T08:28:06.987947639Z 2026-09-23T08:28:06.987Z  INFO 1 --- [discovery-server] [           main] c.n.d.provider.DiscoveryJerseyProvider   : Using XML encoding codec XStreamXml
discovery-server-1  | 2026-09-23T08:28:06.987988118Z 2026-09-23T08:28:06.987Z  INFO 1 --- [discovery-server] [           main] c.n.d.provider.DiscoveryJerseyProvider   : Using XML decoding codec XStreamXml
discovery-server-1  | 2026-09-23T08:28:07.224607124Z 2026-09-23T08:28:07.224Z  INFO 1 --- [discovery-server] [           main] o.s.v.b.OptionalValidatorFactoryBean     : Failed to set up a Bean Validation provider: jakarta.validation.NoProviderFoundException: Unable to create a Configuration, because no Jakarta Validation provider could be found. Add a provider like Hibernate Validator (RI) to your classpath.
discovery-server-1  | 2026-09-23T08:28:08.182416156Z 2026-09-23T08:28:08.181Z  WARN 1 --- [discovery-server] [           main] iguration$LoadBalancerCaffeineWarnLogger : Spring Cloud LoadBalancer is currently working with the default cache. While this cache implementation is useful for development and tests, it's recommended to use Caffeine cache in production.You can switch to using Caffeine cache, by adding it and org.springframework.cache.caffeine.CaffeineCacheManager to the classpath.
discovery-server-1  | 2026-09-23T08:28:08.204500904Z 2026-09-23T08:28:08.204Z  INFO 1 --- [discovery-server] [           main] o.s.c.n.eureka.InstanceInfoFactory       : Setting initial instance status as: STARTING
discovery-server-1  | 2026-09-23T08:28:08.223122931Z 2026-09-23T08:28:08.222Z  INFO 1 --- [discovery-server] [           main] com.netflix.discovery.DiscoveryClient    : Initializing Eureka in region us-east-1
discovery-server-1  | 2026-09-23T08:28:08.223161997Z 2026-09-23T08:28:08.222Z  INFO 1 --- [discovery-server] [           main] com.netflix.discovery.DiscoveryClient    : Client configured to neither register nor query for data.
discovery-server-1  | 2026-09-23T08:28:08.224523533Z 2026-09-23T08:28:08.224Z  INFO 1 --- [discovery-server] [           main] com.netflix.discovery.DiscoveryClient    : Discovery Client initialized at timestamp 1790152088223 with initial instances count: 0
discovery-server-1  | 2026-09-23T08:28:08.261962299Z 2026-09-23T08:28:08.261Z  INFO 1 --- [discovery-server] [           main] c.n.eureka.DefaultEurekaServerContext    : Initializing ...
discovery-server-1  | 2026-09-23T08:28:08.263400078Z 2026-09-23T08:28:08.262Z  INFO 1 --- [discovery-server] [           main] c.n.eureka.cluster.PeerEurekaNodes       : Adding new peer nodes [http://localhost:8761/eureka/]
discovery-server-1  | 2026-09-23T08:28:08.392171906Z 2026-09-23T08:28:08.391Z  INFO 1 --- [discovery-server] [           main] c.n.d.provider.DiscoveryJerseyProvider   : Using JSON encoding codec LegacyJacksonJson
discovery-server-1  | 2026-09-23T08:28:08.392213928Z 2026-09-23T08:28:08.391Z  INFO 1 --- [discovery-server] [           main] c.n.d.provider.DiscoveryJerseyProvider   : Using JSON decoding codec LegacyJacksonJson
discovery-server-1  | 2026-09-23T08:28:08.392221533Z 2026-09-23T08:28:08.391Z  INFO 1 --- [discovery-server] [           main] c.n.d.provider.DiscoveryJerseyProvider   : Using XML encoding codec XStreamXml
discovery-server-1  | 2026-09-23T08:28:08.392227635Z 2026-09-23T08:28:08.391Z  INFO 1 --- [discovery-server] [           main] c.n.d.provider.DiscoveryJerseyProvider   : Using XML decoding codec XStreamXml
discovery-server-1  | 2026-09-23T08:28:08.440406271Z 2026-09-23T08:28:08.439Z  INFO 1 --- [discovery-server] [           main] c.n.eureka.cluster.PeerEurekaNodes       : Replica node URL:  http://localhost:8761/eureka/
discovery-server-1  | 2026-09-23T08:28:08.448157652Z 2026-09-23T08:28:08.447Z  INFO 1 --- [discovery-server] [           main] c.n.e.registry.AbstractInstanceRegistry  : Finished initializing remote region registries. All known remote regions: []
discovery-server-1  | 2026-09-23T08:28:08.448187600Z 2026-09-23T08:28:08.447Z  INFO 1 --- [discovery-server] [           main] c.n.eureka.DefaultEurekaServerContext    : Initialized
discovery-server-1  | 2026-09-23T08:28:08.458123919Z 2026-09-23T08:28:08.457Z  INFO 1 --- [discovery-server] [           main] o.s.b.a.e.web.EndpointLinksResolver      : Exposing 16 endpoints beneath base path '/actuator'
discovery-server-1  | 2026-09-23T08:28:08.533672143Z 2026-09-23T08:28:08.533Z  INFO 1 --- [discovery-server] [           main] o.s.c.n.e.s.EurekaServiceRegistry        : Registering application DISCOVERY-SERVER with eureka with status UP
discovery-server-1  | 2026-09-23T08:28:08.548938333Z 2026-09-23T08:28:08.548Z  INFO 1 --- [discovery-server] [       Thread-9] o.s.c.n.e.server.EurekaServerBootstrap   : isAws returned false
discovery-server-1  | 2026-09-23T08:28:08.549825298Z 2026-09-23T08:28:08.549Z  INFO 1 --- [discovery-server] [       Thread-9] o.s.c.n.e.server.EurekaServerBootstrap   : Initialized server context
discovery-server-1  | 2026-09-23T08:28:08.549981342Z 2026-09-23T08:28:08.549Z  INFO 1 --- [discovery-server] [       Thread-9] c.n.e.r.PeerAwareInstanceRegistryImpl    : Got 1 instances from neighboring DS node
discovery-server-1  | 2026-09-23T08:28:08.550002012Z 2026-09-23T08:28:08.549Z  INFO 1 --- [discovery-server] [       Thread-9] c.n.e.r.PeerAwareInstanceRegistryImpl    : Renew threshold is: 1
discovery-server-1  | 2026-09-23T08:28:08.550354204Z 2026-09-23T08:28:08.550Z  INFO 1 --- [discovery-server] [       Thread-9] c.n.e.r.PeerAwareInstanceRegistryImpl    : Changing status to UP
discovery-server-1  | 2026-09-23T08:28:08.553270645Z 2026-09-23T08:28:08.552Z  INFO 1 --- [discovery-server] [       Thread-9] e.s.EurekaServerInitializerConfiguration : Started Eureka Server
discovery-server-1  | 2026-09-23T08:28:08.554950767Z 2026-09-23T08:28:08.554Z  INFO 1 --- [discovery-server] [           main] o.s.boot.tomcat.TomcatWebServer          : Tomcat started on port 8761 (http) with context path '/'
discovery-server-1  | 2026-09-23T08:28:08.556326602Z 2026-09-23T08:28:08.555Z  INFO 1 --- [discovery-server] [           main] .s.c.n.e.s.EurekaAutoServiceRegistration : Updating port to 8761
discovery-server-1  | 2026-09-23T08:28:08.568594276Z 2026-09-23T08:28:08.568Z  INFO 1 --- [discovery-server] [           main] o.s.s.p.d.DiscoveryServerApplication     : Started DiscoveryServerApplication in 8.738 seconds (process running for 9.601)
discovery-server-1  | 2026-09-23T08:28:11.404986861Z 2026-09-23T08:28:11.404Z  INFO 1 --- [discovery-server] [nio-8761-exec-1] o.a.c.c.C.[Tomcat].[localhost].[/]       : Initializing Spring DispatcherServlet 'dispatcherServlet'
discovery-server-1  | 2026-09-23T08:28:11.405058800Z 2026-09-23T08:28:11.404Z  INFO 1 --- [discovery-server] [nio-8761-exec-1] o.s.web.servlet.DispatcherServlet        : Initializing Servlet 'dispatcherServlet'
discovery-server-1  | 2026-09-23T08:28:11.406499665Z 2026-09-23T08:28:11.406Z  INFO 1 --- [discovery-server] [nio-8761-exec-1] o.s.web.servlet.DispatcherServlet        : Completed initialization in 1 ms
discovery-server-1  | 2026-09-23T08:28:31.515724401Z 2026-09-23T08:28:31.515Z  INFO 1 --- [discovery-server] [nio-8761-exec-5] c.n.e.registry.AbstractInstanceRegistry  : Registered instance VISITS-SERVICE/5434a1dc9ac6:visits-service:8082 with status UP (replication=false)
discovery-server-1  | 2026-09-23T08:28:31.541883099Z 2026-09-23T08:28:31.541Z  INFO 1 --- [discovery-server] [nio-8761-exec-6] c.n.e.registry.AbstractInstanceRegistry  : Registered instance CUSTOMERS-SERVICE/5836914472e8:customers-service:8081 with status UP (replication=false)
discovery-server-1  | 2026-09-23T08:28:32.146615147Z 2026-09-23T08:28:32.146Z  INFO 1 --- [discovery-server] [nio-8761-exec-7] c.n.e.registry.AbstractInstanceRegistry  : Registered instance VISITS-SERVICE/5434a1dc9ac6:visits-service:8082 with status UP (replication=true)
discovery-server-1  | 2026-09-23T08:28:32.147449983Z 2026-09-23T08:28:32.147Z  INFO 1 --- [discovery-server] [nio-8761-exec-7] c.n.e.registry.AbstractInstanceRegistry  : Registered instance CUSTOMERS-SERVICE/5836914472e8:customers-service:8081 with status UP (replication=true)
discovery-server-1  | 2026-09-23T08:28:46.064792638Z 2026-09-23T08:28:46.064Z  INFO 1 --- [discovery-server] [nio-8761-exec-1] c.n.e.registry.AbstractInstanceRegistry  : Registered instance API-GATEWAY/edb788bc321e:api-gateway:8080 with status UP (replication=false)
discovery-server-1  | 2026-09-23T08:28:46.581252599Z 2026-09-23T08:28:46.580Z  INFO 1 --- [discovery-server] [nio-8761-exec-2] c.n.e.registry.AbstractInstanceRegistry  : Registered instance API-GATEWAY/edb788bc321e:api-gateway:8080 with status UP (replication=true)
discovery-server-1  | 2026-09-23T08:29:08.551150235Z 2026-09-23T08:29:08.550Z  INFO 1 --- [discovery-server] [a-EvictionTimer] c.n.e.registry.AbstractInstanceRegistry  : Running the evict task with compensationTime 0ms
