customers-service-1  | 2026-09-23T08:28:17.943767606Z 08:28:17,942 |-WARN in ch.qos.logback.core.model.processor.ImplicitModelHandler - Ignoring unknown property [jmxConfigurator] in [ch.qos.logback.classic.LoggerContext]
customers-service-1  | 2026-09-23T08:28:18.026925846Z 
customers-service-1  | 2026-09-23T08:28:18.026965204Z   .   ____          _            __ _ _
customers-service-1  | 2026-09-23T08:28:18.026970485Z  /\\ / ___'_ __ _ _(_)_ __  __ _ \ \ \ \
customers-service-1  | 2026-09-23T08:28:18.026975334Z ( ( )\___ | '_ | '_| | '_ \/ _` | \ \ \ \
customers-service-1  | 2026-09-23T08:28:18.026979553Z  \\/  ___)| |_)| | | | | || (_| |  ) ) ) )
customers-service-1  | 2026-09-23T08:28:18.026983651Z   '  |____| .__|_| |_|_| |_\__, | / / / /
customers-service-1  | 2026-09-23T08:28:18.026987639Z  =========|_|==============|___/=/_/_/_/
customers-service-1  | 2026-09-23T08:28:18.026991577Z 
customers-service-1  | 2026-09-23T08:28:18.027596310Z  :: Spring Boot ::                (v4.0.1)
customers-service-1  | 2026-09-23T08:28:18.027612152Z 
customers-service-1  | 2026-09-23T08:28:18.117752786Z 2026-09-23T08:28:18.115Z  INFO 1 --- [customers-service] [           main] [                                                 ] o.s.s.p.c.CustomersServiceApplication    : Starting CustomersServiceApplication v4.0.1 using Java 17.0.20 with PID 1 (/application/BOOT-INF/classes started by root in /application)
customers-service-1  | 2026-09-23T08:28:18.119538836Z 2026-09-23T08:28:18.118Z  INFO 1 --- [customers-service] [           main] [                                                 ] o.s.s.p.c.CustomersServiceApplication    : The following 1 profile is active: "docker"
customers-service-1  | 2026-09-23T08:28:18.174549994Z 2026-09-23T08:28:18.173Z  INFO 1 --- [customers-service] [           main] [                                                 ] o.s.c.c.c.ConfigServerConfigDataLoader   : Fetching config from server at : http://localhost:8888/
customers-service-1  | 2026-09-23T08:28:18.174836215Z 2026-09-23T08:28:18.174Z  INFO 1 --- [customers-service] [           main] [                                                 ] o.s.c.c.c.ConfigServerConfigDataLoader   : Exception on Url - http://localhost:8888/:org.springframework.web.client.ResourceAccessException: I/O error on GET request for "http://localhost:8888/customers-service/default": Connection refused. Will be trying the next url if available
customers-service-1  | 2026-09-23T08:28:18.175451066Z 2026-09-23T08:28:18.175Z  WARN 1 --- [customers-service] [           main] [                                                 ] o.s.c.c.c.ConfigServerConfigDataLoader   : Could not locate PropertySource ([ConfigServerConfigDataResource@fac80 uris = array<String>['http://localhost:8888/'], optional = true, profiles = 'default']): I/O error on GET request for "http://localhost:8888/customers-service/default": Connection refused
customers-service-1  | 2026-09-23T08:28:18.175897246Z 2026-09-23T08:28:18.175Z  INFO 1 --- [customers-service] [           main] [                                                 ] o.s.c.c.c.ConfigServerConfigDataLoader   : Fetching config from server at : http://config-server:8888
customers-service-1  | 2026-09-23T08:28:18.176038572Z 2026-09-23T08:28:18.175Z  INFO 1 --- [customers-service] [           main] [                                                 ] o.s.c.c.c.ConfigServerConfigDataLoader   : Located environment: name=customers-service, profiles=[docker], label=null, version=323993ce2519c6d02df63e08bf4458d123d3b611, state=
customers-service-1  | 2026-09-23T08:28:18.176282067Z 2026-09-23T08:28:18.176Z  INFO 1 --- [customers-service] [           main] [                                                 ] o.s.c.c.c.ConfigServerConfigDataLoader   : Fetching config from server at : http://config-server:8888
customers-service-1  | 2026-09-23T08:28:18.176653829Z 2026-09-23T08:28:18.176Z  INFO 1 --- [customers-service] [           main] [                                                 ] o.s.c.c.c.ConfigServerConfigDataLoader   : Located environment: name=customers-service, profiles=[default], label=null, version=323993ce2519c6d02df63e08bf4458d123d3b611, state=
customers-service-1  | 2026-09-23T08:28:18.176855361Z 2026-09-23T08:28:18.176Z  INFO 1 --- [customers-service] [           main] [                                                 ] o.s.c.c.c.ConfigServerConfigDataLoader   : Fetching config from server at : http://localhost:8888/
customers-service-1  | 2026-09-23T08:28:18.177165388Z 2026-09-23T08:28:18.176Z  INFO 1 --- [customers-service] [           main] [                                                 ] o.s.c.c.c.ConfigServerConfigDataLoader   : Exception on Url - http://localhost:8888/:org.springframework.web.client.ResourceAccessException: I/O error on GET request for "http://localhost:8888/customers-service/docker": Connection refused. Will be trying the next url if available
customers-service-1  | 2026-09-23T08:28:18.177781912Z 2026-09-23T08:28:18.177Z  WARN 1 --- [customers-service] [           main] [                                                 ] o.s.c.c.c.ConfigServerConfigDataLoader   : Could not locate PropertySource ([ConfigServerConfigDataResource@6e4ea0bd uris = array<String>['http://localhost:8888/'], optional = true, profiles = 'docker']): I/O error on GET request for "http://localhost:8888/customers-service/docker": Connection refused
customers-service-1  | 2026-09-23T08:28:18.178045055Z 2026-09-23T08:28:18.177Z  INFO 1 --- [customers-service] [           main] [                                                 ] o.s.c.c.c.ConfigServerConfigDataLoader   : Fetching config from server at : http://localhost:8888/
customers-service-1  | 2026-09-23T08:28:18.178494615Z 2026-09-23T08:28:18.178Z  INFO 1 --- [customers-service] [           main] [                                                 ] o.s.c.c.c.ConfigServerConfigDataLoader   : Exception on Url - http://localhost:8888/:org.springframework.web.client.ResourceAccessException: I/O error on GET request for "http://localhost:8888/customers-service/default": Connection refused. Will be trying the next url if available
customers-service-1  | 2026-09-23T08:28:18.178654894Z 2026-09-23T08:28:18.178Z  WARN 1 --- [customers-service] [           main] [                                                 ] o.s.c.c.c.ConfigServerConfigDataLoader   : Could not locate PropertySource ([ConfigServerConfigDataResource@56f2bbea uris = array<String>['http://localhost:8888/'], optional = true, profiles = 'default']): I/O error on GET request for "http://localhost:8888/customers-service/default": Connection refused
customers-service-1  | 2026-09-23T08:28:19.837314946Z 2026-09-23T08:28:19.836Z  INFO 1 --- [customers-service] [           main] [                                                 ] .s.d.r.c.RepositoryConfigurationDelegate : Bootstrapping Spring Data JPA repositories in DEFAULT mode.
customers-service-1  | 2026-09-23T08:28:20.200226715Z 2026-09-23T08:28:20.199Z  INFO 1 --- [customers-service] [           main] [                                                 ] .s.d.r.c.RepositoryConfigurationDelegate : Finished Spring Data repository scanning in 337 ms. Found 2 JPA repository interfaces.
customers-service-1  | 2026-09-23T08:28:20.891323620Z 2026-09-23T08:28:20.890Z  INFO 1 --- [customers-service] [           main] [                                                 ] o.s.cloud.context.scope.GenericScope     : BeanFactory id=915a3209-3627-306d-96ad-ee3ecfe559f4
customers-service-1  | 2026-09-23T08:28:22.039544095Z 2026-09-23T08:28:22.038Z  INFO 1 --- [customers-service] [           main] [                                                 ] o.s.boot.tomcat.TomcatWebServer          : Tomcat initialized with port 8081 (http)
customers-service-1  | 2026-09-23T08:28:22.067904105Z 2026-09-23T08:28:22.067Z  INFO 1 --- [customers-service] [           main] [                                                 ] o.apache.catalina.core.StandardService   : Starting service [Tomcat]
customers-service-1  | 2026-09-23T08:28:22.069164988Z 2026-09-23T08:28:22.068Z  INFO 1 --- [customers-service] [           main] [                                                 ] o.apache.catalina.core.StandardEngine    : Starting Servlet engine: [Apache Tomcat/11.0.15]
customers-service-1  | 2026-09-23T08:28:22.159088697Z 2026-09-23T08:28:22.158Z  INFO 1 --- [customers-service] [           main] [                                                 ] b.w.c.s.WebApplicationContextInitializer : Root WebApplicationContext: initialization completed in 3977 ms
customers-service-1  | 2026-09-23T08:28:23.581926246Z 2026-09-23T08:28:23.569Z  INFO 1 --- [customers-service] [           main] [                                                 ] com.zaxxer.hikari.HikariDataSource       : HikariPool-1 - Starting...
customers-service-1  | 2026-09-23T08:28:24.178622020Z 2026-09-23T08:28:24.178Z  INFO 1 --- [customers-service] [           main] [                                                 ] com.zaxxer.hikari.pool.PoolBase          : HikariPool-1 - Driver does not support get/set network timeout for connections. (feature not supported)
customers-service-1  | 2026-09-23T08:28:24.184000083Z 2026-09-23T08:28:24.182Z  INFO 1 --- [customers-service] [           main] [                                                 ] com.zaxxer.hikari.pool.HikariPool        : HikariPool-1 - Added connection org.hsqldb.jdbc.JDBCConnection@25a52a60
customers-service-1  | 2026-09-23T08:28:24.190735916Z 2026-09-23T08:28:24.189Z  INFO 1 --- [customers-service] [           main] [                                                 ] com.zaxxer.hikari.HikariDataSource       : HikariPool-1 - Start completed.
customers-service-1  | 2026-09-23T08:28:24.748910626Z 2026-09-23T08:28:24.747Z  INFO 1 --- [customers-service] [           main] [                                                 ] org.hibernate.orm.jpa                    : HHH008540: Processing PersistenceUnitInfo [name: default]
customers-service-1  | 2026-09-23T08:28:24.901552066Z 2026-09-23T08:28:24.899Z  INFO 1 --- [customers-service] [           main] [                                                 ] org.hibernate.orm.core                   : HHH000001: Hibernate ORM core version 7.2.0.Final
customers-service-1  | 2026-09-23T08:28:25.769573406Z 2026-09-23T08:28:25.768Z  INFO 1 --- [customers-service] [           main] [                                                 ] o.s.o.j.p.SpringPersistenceUnitInfo      : No LoadTimeWeaver setup: ignoring JPA class transformer
customers-service-1  | 2026-09-23T08:28:25.881312976Z 2026-09-23T08:28:25.880Z  INFO 1 --- [customers-service] [           main] [                                                 ] org.hibernate.orm.connections.pooling    : HHH10001005: Database info:
customers-service-1  | 2026-09-23T08:28:25.881355902Z 	Database JDBC URL [jdbc:hsqldb:mem:a7ba3b00-e0df-4e03-853d-8266da6603ca]
customers-service-1  | 2026-09-23T08:28:25.881361262Z 	Database driver: HSQL Database Engine Driver
customers-service-1  | 2026-09-23T08:28:25.881365942Z 	Database dialect: HSQLDialect
customers-service-1  | 2026-09-23T08:28:25.881370230Z 	Database version: 2.7.3
customers-service-1  | 2026-09-23T08:28:25.881373817Z 	Default catalog/schema: PUBLIC/PUBLIC
customers-service-1  | 2026-09-23T08:28:25.881377204Z 	Autocommit mode: undefined/unknown
customers-service-1  | 2026-09-23T08:28:25.881380420Z 	Isolation level: READ_COMMITTED [default READ_COMMITTED]
customers-service-1  | 2026-09-23T08:28:25.881402484Z 	JDBC fetch size: none
customers-service-1  | 2026-09-23T08:28:25.881405240Z 	Pool: DataSourceConnectionProvider
customers-service-1  | 2026-09-23T08:28:25.881407795Z 	Minimum pool size: undefined/unknown
customers-service-1  | 2026-09-23T08:28:25.881413947Z 	Maximum pool size: undefined/unknown
customers-service-1  | 2026-09-23T08:28:26.065177525Z 2026-09-23T08:28:26.064Z  WARN 1 --- [customers-service] [           main] [                                                 ] org.hibernate.orm.deprecation            : HHH90000033: Encountered use of deprecated annotation [interface jakarta.persistence.Temporal] at org.springframework.samples.petclinic.customers.model.Pet.birthDate.
customers-service-1  | 2026-09-23T08:28:27.154990322Z 2026-09-23T08:28:27.154Z  INFO 1 --- [customers-service] [           main] [                                                 ] org.hibernate.orm.core                   : HHH000489: No JTA platform available (set 'hibernate.transaction.jta.platform' to enable JTA platform integration)
customers-service-1  | 2026-09-23T08:28:27.169299863Z 2026-09-23T08:28:27.168Z  INFO 1 --- [customers-service] [           main] [                                                 ] j.LocalContainerEntityManagerFactoryBean : Initialized JPA EntityManagerFactory for persistence unit 'default'
customers-service-1  | 2026-09-23T08:28:27.369556520Z 2026-09-23T08:28:27.369Z  INFO 1 --- [customers-service] [           main] [                                                 ] o.s.d.j.r.query.QueryEnhancerFactories   : Hibernate is in classpath; If applicable, HQL parser will be used.
customers-service-1  | 2026-09-23T08:28:29.612064477Z 2026-09-23T08:28:29.610Z  WARN 1 --- [customers-service] [/api/v2/spans}}] [                                                 ] z.r.i.AsyncReporter$BoundedAsyncReporter : Spans were dropped due to exceptions. All subsequent errors will be logged at FINE level.
customers-service-1  | 2026-09-23T08:28:29.616753964Z 2026-09-23T08:28:29.611Z  WARN 1 --- [customers-service] [/api/v2/spans}}] [                                                 ] z.r.i.AsyncReporter$BoundedAsyncReporter : Dropped 44 spans due to ConnectException()
customers-service-1  | 2026-09-23T08:28:29.616806377Z 
customers-service-1  | 2026-09-23T08:28:29.616812830Z java.net.ConnectException
customers-service-1  | 2026-09-23T08:28:29.616818511Z 	at java.net.http/jdk.internal.net.http.HttpClientImpl.send(HttpClientImpl.java:900)
customers-service-1  | 2026-09-23T08:28:29.616824603Z 	at java.net.http/jdk.internal.net.http.HttpClientFacade.send(HttpClientFacade.java:133)
customers-service-1  | 2026-09-23T08:28:29.616830024Z 	at org.springframework.boot.zipkin.autoconfigure.ZipkinHttpClientSender.postSpans(ZipkinHttpClientSender.java:59)
customers-service-1  | 2026-09-23T08:28:29.616835324Z 	at org.springframework.boot.zipkin.autoconfigure.HttpSender.postSpans(HttpSender.java:69)
customers-service-1  | 2026-09-23T08:28:29.616840855Z 	at org.springframework.boot.zipkin.autoconfigure.HttpSender.postSpans(HttpSender.java:41)
customers-service-1  | 2026-09-23T08:28:29.616846336Z 	at zipkin2.reporter.BaseHttpSender.send(BaseHttpSender.java:123)
customers-service-1  | 2026-09-23T08:28:29.616851657Z 	at zipkin2.reporter.internal.AsyncReporter$BoundedAsyncReporter.flush(AsyncReporter.java:266)
customers-service-1  | 2026-09-23T08:28:29.616857107Z 	at zipkin2.reporter.internal.AsyncReporter$Flusher.run(AsyncReporter.java:352)
customers-service-1  | 2026-09-23T08:28:29.616862428Z 	at java.base/java.lang.Thread.run(Thread.java:840)
customers-service-1  | 2026-09-23T08:28:29.617137221Z Caused by: java.net.ConnectException
customers-service-1  | 2026-09-23T08:28:29.617147140Z 	at java.net.http/jdk.internal.net.http.common.Utils.toConnectException(Utils.java:1107)
customers-service-1  | 2026-09-23T08:28:29.617316064Z 	at java.net.http/jdk.internal.net.http.PlainHttpConnection.connectAsync(PlainHttpConnection.java:203)
customers-service-1  | 2026-09-23T08:28:29.617330763Z 	at java.net.http/jdk.internal.net.http.Http1Exchange.sendHeadersAsync(Http1Exchange.java:308)
customers-service-1  | 2026-09-23T08:28:29.617334360Z 	at java.net.http/jdk.internal.net.http.Exchange.lambda$responseAsyncImpl0$8(Exchange.java:564)
customers-service-1  | 2026-09-23T08:28:29.617337836Z 	at java.net.http/jdk.internal.net.http.Exchange.checkFor407(Exchange.java:435)
customers-service-1  | 2026-09-23T08:28:29.617341043Z 	at java.net.http/jdk.internal.net.http.Exchange.lambda$responseAsyncImpl0$9(Exchange.java:568)
customers-service-1  | 2026-09-23T08:28:29.617344470Z 	at java.base/java.util.concurrent.CompletableFuture.uniHandle(CompletableFuture.java:934)
customers-service-1  | 2026-09-23T08:28:29.617347987Z 	at java.base/java.util.concurrent.CompletableFuture.uniHandleStage(CompletableFuture.java:950)
customers-service-1  | 2026-09-23T08:28:29.617351373Z 	at java.base/java.util.concurrent.CompletableFuture.handle(CompletableFuture.java:2340)
customers-service-1  | 2026-09-23T08:28:29.617354800Z 	at java.net.http/jdk.internal.net.http.Exchange.responseAsyncImpl0(Exchange.java:568)
customers-service-1  | 2026-09-23T08:28:29.617363758Z 	at java.net.http/jdk.internal.net.http.Exchange.responseAsyncImpl(Exchange.java:411)
customers-service-1  | 2026-09-23T08:28:29.617367084Z 	at java.net.http/jdk.internal.net.http.Exchange.responseAsync(Exchange.java:403)
customers-service-1  | 2026-09-23T08:28:29.617370371Z 	at java.net.http/jdk.internal.net.http.MultiExchange.responseAsyncImpl(MultiExchange.java:430)
customers-service-1  | 2026-09-23T08:28:29.617373517Z 	at java.net.http/jdk.internal.net.http.MultiExchange.lambda$responseAsyncImpl$7(MultiExchange.java:471)
customers-service-1  | 2026-09-23T08:28:29.617376873Z 	at java.base/java.util.concurrent.CompletableFuture.uniHandle(CompletableFuture.java:934)
customers-service-1  | 2026-09-23T08:28:29.617380220Z 	at java.base/java.util.concurrent.CompletableFuture.uniHandleStage(CompletableFuture.java:950)
customers-service-1  | 2026-09-23T08:28:29.617383847Z 	at java.base/java.util.concurrent.CompletableFuture.handle(CompletableFuture.java:2340)
customers-service-1  | 2026-09-23T08:28:29.617387224Z 	at java.net.http/jdk.internal.net.http.MultiExchange.responseAsyncImpl(MultiExchange.java:461)
customers-service-1  | 2026-09-23T08:28:29.617390440Z 	at java.net.http/jdk.internal.net.http.MultiExchange.lambda$responseAsync0$2(MultiExchange.java:350)
customers-service-1  | 2026-09-23T08:28:29.617393887Z 	at java.base/java.util.concurrent.CompletableFuture$UniCompose.tryFire(CompletableFuture.java:1150)
customers-service-1  | 2026-09-23T08:28:29.617398757Z 	at java.base/java.util.concurrent.CompletableFuture.postComplete(CompletableFuture.java:510)
customers-service-1  | 2026-09-23T08:28:29.617402925Z 	at java.base/java.util.concurrent.CompletableFuture$AsyncSupply.run(CompletableFuture.java:1773)
customers-service-1  | 2026-09-23T08:28:29.617407965Z 	at java.net.http/jdk.internal.net.http.HttpClientImpl$DelegatingExecutor.execute(HttpClientImpl.java:174)
customers-service-1  | 2026-09-23T08:28:29.617412383Z 	at java.base/java.util.concurrent.CompletableFuture.completeAsync(CompletableFuture.java:2673)
customers-service-1  | 2026-09-23T08:28:29.617430339Z 	at java.net.http/jdk.internal.net.http.MultiExchange.responseAsync(MultiExchange.java:303)
customers-service-1  | 2026-09-23T08:28:29.617435439Z 	at java.net.http/jdk.internal.net.http.HttpClientImpl.sendAsync(HttpClientImpl.java:991)
customers-service-1  | 2026-09-23T08:28:29.617440248Z 	at java.net.http/jdk.internal.net.http.HttpClientImpl.send(HttpClientImpl.java:878)
customers-service-1  | 2026-09-23T08:28:29.617443976Z 	... 8 common frames omitted
customers-service-1  | 2026-09-23T08:28:29.617448946Z Caused by: java.nio.channels.UnresolvedAddressException
customers-service-1  | 2026-09-23T08:28:29.617454086Z 	at java.base/sun.nio.ch.Net.checkAddress(Net.java:159)
customers-service-1  | 2026-09-23T08:28:29.617458384Z 	at java.base/sun.nio.ch.Net.checkAddress(Net.java:167)
customers-service-1  | 2026-09-23T08:28:29.617463214Z 	at java.base/sun.nio.ch.SocketChannelImpl.checkRemote(SocketChannelImpl.java:816)
customers-service-1  | 2026-09-23T08:28:29.617468344Z 	at java.base/sun.nio.ch.SocketChannelImpl.connect(SocketChannelImpl.java:839)
customers-service-1  | 2026-09-23T08:28:29.617472282Z 	at java.net.http/jdk.internal.net.http.PlainHttpConnection.lambda$connectAsync$0(PlainHttpConnection.java:187)
customers-service-1  | 2026-09-23T08:28:29.617477091Z 	at java.base/java.security.AccessController.doPrivileged(AccessController.java:569)
customers-service-1  | 2026-09-23T08:28:29.617481610Z 	at java.net.http/jdk.internal.net.http.PlainHttpConnection.connectAsync(PlainHttpConnection.java:189)
customers-service-1  | 2026-09-23T08:28:29.617486480Z 	... 33 common frames omitted
customers-service-1  | 2026-09-23T08:28:29.617490047Z 
customers-service-1  | 2026-09-23T08:28:30.765963413Z 2026-09-23T08:28:30.765Z  INFO 1 --- [customers-service] [           main] [                                                 ] DiscoveryClientOptionalArgsConfiguration : Eureka HTTP Client uses RestClient.
customers-service-1  | 2026-09-23T08:28:30.871561699Z 2026-09-23T08:28:30.870Z  WARN 1 --- [customers-service] [           main] [                                                 ] iguration$LoadBalancerCaffeineWarnLogger : Spring Cloud LoadBalancer is currently working with the default cache. While this cache implementation is useful for development and tests, it's recommended to use Caffeine cache in production.You can switch to using Caffeine cache, by adding it and org.springframework.cache.caffeine.CaffeineCacheManager to the classpath.
customers-service-1  | 2026-09-23T08:28:30.887227553Z 2026-09-23T08:28:30.886Z  INFO 1 --- [customers-service] [           main] [                                                 ] o.s.b.a.e.web.EndpointLinksResolver      : Exposing 17 endpoints beneath base path '/actuator'
customers-service-1  | 2026-09-23T08:28:31.049331916Z 2026-09-23T08:28:31.048Z  INFO 1 --- [customers-service] [           main] [                                                 ] o.s.c.n.eureka.InstanceInfoFactory       : Setting initial instance status as: STARTING
customers-service-1  | 2026-09-23T08:28:31.080848682Z 2026-09-23T08:28:31.080Z  INFO 1 --- [customers-service] [           main] [                                                 ] com.netflix.discovery.DiscoveryClient    : Initializing Eureka in region us-east-1
customers-service-1  | 2026-09-23T08:28:31.085661433Z 2026-09-23T08:28:31.085Z  INFO 1 --- [customers-service] [           main] [                                                 ] c.n.d.s.r.aws.ConfigClusterResolver      : Resolving eureka endpoints via configuration
customers-service-1  | 2026-09-23T08:28:31.100307673Z 2026-09-23T08:28:31.099Z  INFO 1 --- [customers-service] [           main] [                                                 ] com.netflix.discovery.DiscoveryClient    : Disable delta property : false
customers-service-1  | 2026-09-23T08:28:31.101559661Z 2026-09-23T08:28:31.100Z  INFO 1 --- [customers-service] [           main] [                                                 ] com.netflix.discovery.DiscoveryClient    : Single vip registry refresh property : null
customers-service-1  | 2026-09-23T08:28:31.102189912Z 2026-09-23T08:28:31.101Z  INFO 1 --- [customers-service] [           main] [                                                 ] com.netflix.discovery.DiscoveryClient    : Force full registry fetch : false
customers-service-1  | 2026-09-23T08:28:31.102401732Z 2026-09-23T08:28:31.102Z  INFO 1 --- [customers-service] [           main] [                                                 ] com.netflix.discovery.DiscoveryClient    : Application is null : false
customers-service-1  | 2026-09-23T08:28:31.102726573Z 2026-09-23T08:28:31.102Z  INFO 1 --- [customers-service] [           main] [                                                 ] com.netflix.discovery.DiscoveryClient    : Registered Applications size is zero : true
customers-service-1  | 2026-09-23T08:28:31.102991604Z 2026-09-23T08:28:31.102Z  INFO 1 --- [customers-service] [           main] [                                                 ] com.netflix.discovery.DiscoveryClient    : Application version is -1: true
customers-service-1  | 2026-09-23T08:28:31.103126472Z 2026-09-23T08:28:31.102Z  INFO 1 --- [customers-service] [           main] [                                                 ] com.netflix.discovery.DiscoveryClient    : Getting all instance registry info from the eureka server
customers-service-1  | 2026-09-23T08:28:31.464237400Z 2026-09-23T08:28:31.463Z  INFO 1 --- [customers-service] [           main] [                                                 ] com.netflix.discovery.DiscoveryClient    : The response status is 200
customers-service-1  | 2026-09-23T08:28:31.467006177Z 2026-09-23T08:28:31.466Z  INFO 1 --- [customers-service] [           main] [                                                 ] com.netflix.discovery.DiscoveryClient    : Starting heartbeat executor: renew interval is: 30
customers-service-1  | 2026-09-23T08:28:31.475164783Z 2026-09-23T08:28:31.473Z  INFO 1 --- [customers-service] [           main] [                                                 ] c.n.discovery.InstanceInfoReplicator     : InstanceInfoReplicator onDemand update allowed rate per min is 4
customers-service-1  | 2026-09-23T08:28:31.478870210Z 2026-09-23T08:28:31.478Z  INFO 1 --- [customers-service] [           main] [                                                 ] com.netflix.discovery.DiscoveryClient    : Discovery Client initialized at timestamp 1790152111477 with initial instances count: 0
customers-service-1  | 2026-09-23T08:28:31.487082723Z 2026-09-23T08:28:31.486Z  INFO 1 --- [customers-service] [           main] [                                                 ] o.s.c.n.e.s.EurekaServiceRegistry        : Registering application CUSTOMERS-SERVICE with eureka with status UP
customers-service-1  | 2026-09-23T08:28:31.488112090Z 2026-09-23T08:28:31.487Z  INFO 1 --- [customers-service] [           main] [                                                 ] com.netflix.discovery.DiscoveryClient    : Saw local status change event StatusChangeEvent [timestamp=1790152111487, current=UP, previous=STARTING]
customers-service-1  | 2026-09-23T08:28:31.490409676Z 2026-09-23T08:28:31.489Z  INFO 1 --- [customers-service] [foReplicator-%d] [                                                 ] com.netflix.discovery.DiscoveryClient    : DiscoveryClient_CUSTOMERS-SERVICE/5836914472e8:customers-service:8081: registering service...
customers-service-1  | 2026-09-23T08:28:31.507617857Z 2026-09-23T08:28:31.506Z  INFO 1 --- [customers-service] [           main] [                                                 ] o.s.boot.tomcat.TomcatWebServer          : Tomcat started on port 8081 (http) with context path '/'
customers-service-1  | 2026-09-23T08:28:31.509599832Z 2026-09-23T08:28:31.509Z  INFO 1 --- [customers-service] [           main] [                                                 ] .s.c.n.e.s.EurekaAutoServiceRegistration : Updating port to 8081
customers-service-1  | 2026-09-23T08:28:31.525260945Z 2026-09-23T08:28:31.524Z  INFO 1 --- [customers-service] [           main] [                                                 ] o.s.s.p.c.CustomersServiceApplication    : Started CustomersServiceApplication in 18.318 seconds (process running for 19.128)
customers-service-1  | 2026-09-23T08:28:31.544122626Z 2026-09-23T08:28:31.543Z  INFO 1 --- [customers-service] [foReplicator-%d] [                                                 ] com.netflix.discovery.DiscoveryClient    : DiscoveryClient_CUSTOMERS-SERVICE/5836914472e8:customers-service:8081 - registration status: 204
customers-service-1  | 2026-09-23T08:28:34.086079231Z 2026-09-23T08:28:34.085Z  INFO 1 --- [customers-service] [nio-8081-exec-1] [                                                 ] o.a.c.c.C.[Tomcat].[localhost].[/]       : Initializing Spring DispatcherServlet 'dispatcherServlet'
customers-service-1  | 2026-09-23T08:28:34.086318064Z 2026-09-23T08:28:34.085Z  INFO 1 --- [customers-service] [nio-8081-exec-1] [                                                 ] o.s.web.servlet.DispatcherServlet        : Initializing Servlet 'dispatcherServlet'
customers-service-1  | 2026-09-23T08:28:34.088756900Z 2026-09-23T08:28:34.088Z  INFO 1 --- [customers-service] [nio-8081-exec-1] [                                                 ] o.s.web.servlet.DispatcherServlet        : Completed initialization in 2 ms
customers-service-1  | 2026-09-23T08:29:01.466354315Z 2026-09-23T08:29:01.465Z  INFO 1 --- [customers-service] [reshExecutor-%d] [                                                 ] com.netflix.discovery.DiscoveryClient    : Disable delta property : false
customers-service-1  | 2026-09-23T08:29:01.467074389Z 2026-09-23T08:29:01.466Z  INFO 1 --- [customers-service] [reshExecutor-%d] [                                                 ] com.netflix.discovery.DiscoveryClient    : Single vip registry refresh property : null
customers-service-1  | 2026-09-23T08:29:01.467401485Z 2026-09-23T08:29:01.467Z  INFO 1 --- [customers-service] [reshExecutor-%d] [                                                 ] com.netflix.discovery.DiscoveryClient    : Force full registry fetch : false
customers-service-1  | 2026-09-23T08:29:01.467571186Z 2026-09-23T08:29:01.467Z  INFO 1 --- [customers-service] [reshExecutor-%d] [                                                 ] com.netflix.discovery.DiscoveryClient    : Application is null : false
customers-service-1  | 2026-09-23T08:29:01.467780193Z 2026-09-23T08:29:01.467Z  INFO 1 --- [customers-service] [reshExecutor-%d] [                                                 ] com.netflix.discovery.DiscoveryClient    : Registered Applications size is zero : true
customers-service-1  | 2026-09-23T08:29:01.467885706Z 2026-09-23T08:29:01.467Z  INFO 1 --- [customers-service] [reshExecutor-%d] [                                                 ] com.netflix.discovery.DiscoveryClient    : Application version is -1: false
customers-service-1  | 2026-09-23T08:29:01.468061193Z 2026-09-23T08:29:01.467Z  INFO 1 --- [customers-service] [reshExecutor-%d] [                                                 ] com.netflix.discovery.DiscoveryClient    : Getting all instance registry info from the eureka server
customers-service-1  | 2026-09-23T08:29:01.488480621Z 2026-09-23T08:29:01.487Z  INFO 1 --- [customers-service] [reshExecutor-%d] [                                                 ] com.netflix.discovery.DiscoveryClient    : The response status is 200
