visits-service-1  | 2026-09-23T08:29:26.652716987Z 08:29:26,651 |-WARN in ch.qos.logback.core.model.processor.ImplicitModelHandler - Ignoring unknown property [jmxConfigurator] in [ch.qos.logback.classic.LoggerContext]
visits-service-1  | 2026-09-23T08:29:26.741079478Z 
visits-service-1  | 2026-09-23T08:29:26.741120889Z   .   ____          _            __ _ _
visits-service-1  | 2026-09-23T08:29:26.741126290Z  /\\ / ___'_ __ _ _(_)_ __  __ _ \ \ \ \
visits-service-1  | 2026-09-23T08:29:26.741130378Z ( ( )\___ | '_ | '_| | '_ \/ _` | \ \ \ \
visits-service-1  | 2026-09-23T08:29:26.741134236Z  \\/  ___)| |_)| | | | | || (_| |  ) ) ) )
visits-service-1  | 2026-09-23T08:29:26.741138023Z   '  |____| .__|_| |_|_| |_\__, | / / / /
visits-service-1  | 2026-09-23T08:29:26.741141770Z  =========|_|==============|___/=/_/_/_/
visits-service-1  | 2026-09-23T08:29:26.741145768Z 
visits-service-1  | 2026-09-23T08:29:26.741478171Z  :: Spring Boot ::                (v4.0.1)
visits-service-1  | 2026-09-23T08:29:26.741497559Z 
visits-service-1  | 2026-09-23T08:29:26.829386020Z 2026-09-23T08:29:26.826Z  INFO 1 --- [visits-service] [           main] [                                                 ] o.s.s.p.visits.VisitsServiceApplication  : Starting VisitsServiceApplication v4.0.1 using Java 17.0.20 with PID 1 (/application/BOOT-INF/classes started by root in /application)
visits-service-1  | 2026-09-23T08:29:26.831284795Z 2026-09-23T08:29:26.830Z  INFO 1 --- [visits-service] [           main] [                                                 ] o.s.s.p.visits.VisitsServiceApplication  : The following 1 profile is active: "docker"
visits-service-1  | 2026-09-23T08:29:26.887659611Z 2026-09-23T08:29:26.886Z  INFO 1 --- [visits-service] [           main] [                                                 ] o.s.c.c.c.ConfigServerConfigDataLoader   : Fetching config from server at : http://localhost:8888/
visits-service-1  | 2026-09-23T08:29:26.888350368Z 2026-09-23T08:29:26.887Z  INFO 1 --- [visits-service] [           main] [                                                 ] o.s.c.c.c.ConfigServerConfigDataLoader   : Exception on Url - http://localhost:8888/:org.springframework.web.client.ResourceAccessException: I/O error on GET request for "http://localhost:8888/visits-service/default": Connection refused. Will be trying the next url if available
visits-service-1  | 2026-09-23T08:29:26.888851679Z 2026-09-23T08:29:26.888Z  WARN 1 --- [visits-service] [           main] [                                                 ] o.s.c.c.c.ConfigServerConfigDataLoader   : Could not locate PropertySource ([ConfigServerConfigDataResource@fac80 uris = array<String>['http://localhost:8888/'], optional = true, profiles = 'default']): I/O error on GET request for "http://localhost:8888/visits-service/default": Connection refused
visits-service-1  | 2026-09-23T08:29:26.889457190Z 2026-09-23T08:29:26.889Z  INFO 1 --- [visits-service] [           main] [                                                 ] o.s.c.c.c.ConfigServerConfigDataLoader   : Fetching config from server at : http://config-server:8888
visits-service-1  | 2026-09-23T08:29:26.889722568Z 2026-09-23T08:29:26.889Z  INFO 1 --- [visits-service] [           main] [                                                 ] o.s.c.c.c.ConfigServerConfigDataLoader   : Located environment: name=visits-service, profiles=[docker], label=null, version=323993ce2519c6d02df63e08bf4458d123d3b611, state=
visits-service-1  | 2026-09-23T08:29:26.889953632Z 2026-09-23T08:29:26.889Z  INFO 1 --- [visits-service] [           main] [                                                 ] o.s.c.c.c.ConfigServerConfigDataLoader   : Fetching config from server at : http://config-server:8888
visits-service-1  | 2026-09-23T08:29:26.890469699Z 2026-09-23T08:29:26.890Z  INFO 1 --- [visits-service] [           main] [                                                 ] o.s.c.c.c.ConfigServerConfigDataLoader   : Located environment: name=visits-service, profiles=[default], label=null, version=323993ce2519c6d02df63e08bf4458d123d3b611, state=
visits-service-1  | 2026-09-23T08:29:26.890777938Z 2026-09-23T08:29:26.890Z  INFO 1 --- [visits-service] [           main] [                                                 ] o.s.c.c.c.ConfigServerConfigDataLoader   : Fetching config from server at : http://localhost:8888/
visits-service-1  | 2026-09-23T08:29:26.891102638Z 2026-09-23T08:29:26.890Z  INFO 1 --- [visits-service] [           main] [                                                 ] o.s.c.c.c.ConfigServerConfigDataLoader   : Exception on Url - http://localhost:8888/:org.springframework.web.client.ResourceAccessException: I/O error on GET request for "http://localhost:8888/visits-service/docker": Connection refused. Will be trying the next url if available
visits-service-1  | 2026-09-23T08:29:26.891390352Z 2026-09-23T08:29:26.891Z  WARN 1 --- [visits-service] [           main] [                                                 ] o.s.c.c.c.ConfigServerConfigDataLoader   : Could not locate PropertySource ([ConfigServerConfigDataResource@6e4ea0bd uris = array<String>['http://localhost:8888/'], optional = true, profiles = 'docker']): I/O error on GET request for "http://localhost:8888/visits-service/docker": Connection refused
visits-service-1  | 2026-09-23T08:29:26.891705054Z 2026-09-23T08:29:26.891Z  INFO 1 --- [visits-service] [           main] [                                                 ] o.s.c.c.c.ConfigServerConfigDataLoader   : Fetching config from server at : http://localhost:8888/
visits-service-1  | 2026-09-23T08:29:26.891926081Z 2026-09-23T08:29:26.891Z  INFO 1 --- [visits-service] [           main] [                                                 ] o.s.c.c.c.ConfigServerConfigDataLoader   : Exception on Url - http://localhost:8888/:org.springframework.web.client.ResourceAccessException: I/O error on GET request for "http://localhost:8888/visits-service/default": Connection refused. Will be trying the next url if available
visits-service-1  | 2026-09-23T08:29:26.892176485Z 2026-09-23T08:29:26.891Z  WARN 1 --- [visits-service] [           main] [                                                 ] o.s.c.c.c.ConfigServerConfigDataLoader   : Could not locate PropertySource ([ConfigServerConfigDataResource@56f2bbea uris = array<String>['http://localhost:8888/'], optional = true, profiles = 'default']): I/O error on GET request for "http://localhost:8888/visits-service/default": Connection refused
visits-service-1  | 2026-09-23T08:29:28.411125126Z 2026-09-23T08:29:28.410Z  INFO 1 --- [visits-service] [           main] [                                                 ] .s.d.r.c.RepositoryConfigurationDelegate : Bootstrapping Spring Data JPA repositories in DEFAULT mode.
visits-service-1  | 2026-09-23T08:29:28.602238373Z 2026-09-23T08:29:28.601Z  INFO 1 --- [visits-service] [           main] [                                                 ] .s.d.r.c.RepositoryConfigurationDelegate : Finished Spring Data repository scanning in 177 ms. Found 1 JPA repository interface.
visits-service-1  | 2026-09-23T08:29:29.152774368Z 2026-09-23T08:29:29.152Z  INFO 1 --- [visits-service] [           main] [                                                 ] o.s.cloud.context.scope.GenericScope     : BeanFactory id=039e684b-1d05-31eb-b6ff-27172c6bfc0c
visits-service-1  | 2026-09-23T08:29:30.026811638Z 2026-09-23T08:29:30.026Z  INFO 1 --- [visits-service] [           main] [                                                 ] o.s.boot.tomcat.TomcatWebServer          : Tomcat initialized with port 8082 (http)
visits-service-1  | 2026-09-23T08:29:30.049123137Z 2026-09-23T08:29:30.048Z  INFO 1 --- [visits-service] [           main] [                                                 ] o.apache.catalina.core.StandardService   : Starting service [Tomcat]
visits-service-1  | 2026-09-23T08:29:30.050228414Z 2026-09-23T08:29:30.049Z  INFO 1 --- [visits-service] [           main] [                                                 ] o.apache.catalina.core.StandardEngine    : Starting Servlet engine: [Apache Tomcat/11.0.15]
visits-service-1  | 2026-09-23T08:29:30.140174962Z 2026-09-23T08:29:30.139Z  INFO 1 --- [visits-service] [           main] [                                                 ] b.w.c.s.WebApplicationContextInitializer : Root WebApplicationContext: initialization completed in 3245 ms
visits-service-1  | 2026-09-23T08:29:31.102345818Z 2026-09-23T08:29:31.099Z  INFO 1 --- [visits-service] [           main] [                                                 ] com.zaxxer.hikari.HikariDataSource       : HikariPool-1 - Starting...
visits-service-1  | 2026-09-23T08:29:31.514723983Z 2026-09-23T08:29:31.514Z  INFO 1 --- [visits-service] [           main] [                                                 ] com.zaxxer.hikari.pool.PoolBase          : HikariPool-1 - Driver does not support get/set network timeout for connections. (feature not supported)
visits-service-1  | 2026-09-23T08:29:31.517979152Z 2026-09-23T08:29:31.516Z  INFO 1 --- [visits-service] [           main] [                                                 ] com.zaxxer.hikari.pool.HikariPool        : HikariPool-1 - Added connection org.hsqldb.jdbc.JDBCConnection@174f0d06
visits-service-1  | 2026-09-23T08:29:31.521446135Z 2026-09-23T08:29:31.520Z  INFO 1 --- [visits-service] [           main] [                                                 ] com.zaxxer.hikari.HikariDataSource       : HikariPool-1 - Start completed.
visits-service-1  | 2026-09-23T08:29:31.827891819Z 2026-09-23T08:29:31.826Z  INFO 1 --- [visits-service] [           main] [                                                 ] org.hibernate.orm.jpa                    : HHH008540: Processing PersistenceUnitInfo [name: default]
visits-service-1  | 2026-09-23T08:29:31.914341300Z 2026-09-23T08:29:31.913Z  INFO 1 --- [visits-service] [           main] [                                                 ] org.hibernate.orm.core                   : HHH000001: Hibernate ORM core version 7.2.0.Final
visits-service-1  | 2026-09-23T08:29:32.409768439Z 2026-09-23T08:29:32.409Z  INFO 1 --- [visits-service] [           main] [                                                 ] o.s.o.j.p.SpringPersistenceUnitInfo      : No LoadTimeWeaver setup: ignoring JPA class transformer
visits-service-1  | 2026-09-23T08:29:32.515171741Z 2026-09-23T08:29:32.514Z  INFO 1 --- [visits-service] [           main] [                                                 ] org.hibernate.orm.connections.pooling    : HHH10001005: Database info:
visits-service-1  | 2026-09-23T08:29:32.515198133Z 	Database JDBC URL [jdbc:hsqldb:mem:f078b7fd-1c5b-4dce-bb1c-796846e9547d]
visits-service-1  | 2026-09-23T08:29:32.515203664Z 	Database driver: HSQL Database Engine Driver
visits-service-1  | 2026-09-23T08:29:32.515207933Z 	Database dialect: HSQLDialect
visits-service-1  | 2026-09-23T08:29:32.515211961Z 	Database version: 2.7.3
visits-service-1  | 2026-09-23T08:29:32.515215668Z 	Default catalog/schema: PUBLIC/PUBLIC
visits-service-1  | 2026-09-23T08:29:32.515219455Z 	Autocommit mode: undefined/unknown
visits-service-1  | 2026-09-23T08:29:32.515223714Z 	Isolation level: READ_COMMITTED [default READ_COMMITTED]
visits-service-1  | 2026-09-23T08:29:32.515228343Z 	JDBC fetch size: none
visits-service-1  | 2026-09-23T08:29:32.515253022Z 	Pool: DataSourceConnectionProvider
visits-service-1  | 2026-09-23T08:29:32.515256478Z 	Minimum pool size: undefined/unknown
visits-service-1  | 2026-09-23T08:29:32.515259053Z 	Maximum pool size: undefined/unknown
visits-service-1  | 2026-09-23T08:29:32.663104514Z 2026-09-23T08:29:32.662Z  WARN 1 --- [visits-service] [           main] [                                                 ] org.hibernate.orm.deprecation            : HHH90000033: Encountered use of deprecated annotation [interface jakarta.persistence.Temporal] at org.springframework.samples.petclinic.visits.model.Visit.date.
visits-service-1  | 2026-09-23T08:29:33.483206929Z 2026-09-23T08:29:33.482Z  INFO 1 --- [visits-service] [           main] [                                                 ] org.hibernate.orm.core                   : HHH000489: No JTA platform available (set 'hibernate.transaction.jta.platform' to enable JTA platform integration)
visits-service-1  | 2026-09-23T08:29:33.497428613Z 2026-09-23T08:29:33.496Z  INFO 1 --- [visits-service] [           main] [                                                 ] j.LocalContainerEntityManagerFactoryBean : Initialized JPA EntityManagerFactory for persistence unit 'default'
visits-service-1  | 2026-09-23T08:29:33.710894725Z 2026-09-23T08:29:33.710Z  INFO 1 --- [visits-service] [           main] [                                                 ] o.s.d.j.r.query.QueryEnhancerFactories   : Hibernate is in classpath; If applicable, HQL parser will be used.
visits-service-1  | 2026-09-23T08:29:35.467923266Z 2026-09-23T08:29:35.467Z  INFO 1 --- [visits-service] [           main] [                                                 ] DiscoveryClientOptionalArgsConfiguration : Eureka HTTP Client uses RestClient.
visits-service-1  | 2026-09-23T08:29:35.574350514Z 2026-09-23T08:29:35.573Z  WARN 1 --- [visits-service] [           main] [                                                 ] iguration$LoadBalancerCaffeineWarnLogger : Spring Cloud LoadBalancer is currently working with the default cache. While this cache implementation is useful for development and tests, it's recommended to use Caffeine cache in production.You can switch to using Caffeine cache, by adding it and org.springframework.cache.caffeine.CaffeineCacheManager to the classpath.
visits-service-1  | 2026-09-23T08:29:35.591040357Z 2026-09-23T08:29:35.590Z  INFO 1 --- [visits-service] [           main] [                                                 ] o.s.b.a.e.web.EndpointLinksResolver      : Exposing 17 endpoints beneath base path '/actuator'
visits-service-1  | 2026-09-23T08:29:35.779205818Z 2026-09-23T08:29:35.778Z  INFO 1 --- [visits-service] [           main] [                                                 ] o.s.c.n.eureka.InstanceInfoFactory       : Setting initial instance status as: STARTING
visits-service-1  | 2026-09-23T08:29:35.821867320Z 2026-09-23T08:29:35.820Z  INFO 1 --- [visits-service] [           main] [                                                 ] com.netflix.discovery.DiscoveryClient    : Initializing Eureka in region us-east-1
visits-service-1  | 2026-09-23T08:29:35.828318557Z 2026-09-23T08:29:35.827Z  INFO 1 --- [visits-service] [           main] [                                                 ] c.n.d.s.r.aws.ConfigClusterResolver      : Resolving eureka endpoints via configuration
visits-service-1  | 2026-09-23T08:29:35.844266064Z 2026-09-23T08:29:35.843Z  INFO 1 --- [visits-service] [           main] [                                                 ] com.netflix.discovery.DiscoveryClient    : Disable delta property : false
visits-service-1  | 2026-09-23T08:29:35.844811789Z 2026-09-23T08:29:35.844Z  INFO 1 --- [visits-service] [           main] [                                                 ] com.netflix.discovery.DiscoveryClient    : Single vip registry refresh property : null
visits-service-1  | 2026-09-23T08:29:35.846580593Z 2026-09-23T08:29:35.845Z  INFO 1 --- [visits-service] [           main] [                                                 ] com.netflix.discovery.DiscoveryClient    : Force full registry fetch : false
visits-service-1  | 2026-09-23T08:29:35.847439609Z 2026-09-23T08:29:35.846Z  INFO 1 --- [visits-service] [           main] [                                                 ] com.netflix.discovery.DiscoveryClient    : Application is null : false
visits-service-1  | 2026-09-23T08:29:35.848197082Z 2026-09-23T08:29:35.847Z  INFO 1 --- [visits-service] [           main] [                                                 ] com.netflix.discovery.DiscoveryClient    : Registered Applications size is zero : true
visits-service-1  | 2026-09-23T08:29:35.848493435Z 2026-09-23T08:29:35.848Z  INFO 1 --- [visits-service] [           main] [                                                 ] com.netflix.discovery.DiscoveryClient    : Application version is -1: true
visits-service-1  | 2026-09-23T08:29:35.848862623Z 2026-09-23T08:29:35.848Z  INFO 1 --- [visits-service] [           main] [                                                 ] com.netflix.discovery.DiscoveryClient    : Getting all instance registry info from the eureka server
visits-service-1  | 2026-09-23T08:29:36.213271341Z 2026-09-23T08:29:36.212Z  INFO 1 --- [visits-service] [           main] [                                                 ] com.netflix.discovery.DiscoveryClient    : The response status is 200
visits-service-1  | 2026-09-23T08:29:36.216961200Z 2026-09-23T08:29:36.216Z  INFO 1 --- [visits-service] [           main] [                                                 ] com.netflix.discovery.DiscoveryClient    : Starting heartbeat executor: renew interval is: 30
visits-service-1  | 2026-09-23T08:29:36.219949597Z 2026-09-23T08:29:36.219Z  INFO 1 --- [visits-service] [           main] [                                                 ] c.n.discovery.InstanceInfoReplicator     : InstanceInfoReplicator onDemand update allowed rate per min is 4
visits-service-1  | 2026-09-23T08:29:36.223514945Z 2026-09-23T08:29:36.222Z  INFO 1 --- [visits-service] [           main] [                                                 ] com.netflix.discovery.DiscoveryClient    : Discovery Client initialized at timestamp 1790152176222 with initial instances count: 3
visits-service-1  | 2026-09-23T08:29:36.230991984Z 2026-09-23T08:29:36.230Z  INFO 1 --- [visits-service] [           main] [                                                 ] o.s.c.n.e.s.EurekaServiceRegistry        : Registering application VISITS-SERVICE with eureka with status UP
visits-service-1  | 2026-09-23T08:29:36.231956101Z 2026-09-23T08:29:36.231Z  INFO 1 --- [visits-service] [           main] [                                                 ] com.netflix.discovery.DiscoveryClient    : Saw local status change event StatusChangeEvent [timestamp=1790152176231, current=UP, previous=STARTING]
visits-service-1  | 2026-09-23T08:29:36.234409138Z 2026-09-23T08:29:36.233Z  INFO 1 --- [visits-service] [foReplicator-%d] [                                                 ] com.netflix.discovery.DiscoveryClient    : DiscoveryClient_VISITS-SERVICE/09a3b29c3538:visits-service:8082: registering service...
visits-service-1  | 2026-09-23T08:29:36.256360445Z 2026-09-23T08:29:36.255Z  INFO 1 --- [visits-service] [           main] [                                                 ] o.s.boot.tomcat.TomcatWebServer          : Tomcat started on port 8082 (http) with context path '/'
visits-service-1  | 2026-09-23T08:29:36.258912787Z 2026-09-23T08:29:36.257Z  INFO 1 --- [visits-service] [           main] [                                                 ] .s.c.n.e.s.EurekaAutoServiceRegistration : Updating port to 8082
visits-service-1  | 2026-09-23T08:29:36.276262915Z 2026-09-23T08:29:36.275Z  INFO 1 --- [visits-service] [           main] [                                                 ] o.s.s.p.visits.VisitsServiceApplication  : Started VisitsServiceApplication in 12.959 seconds (process running for 13.825)
visits-service-1  | 2026-09-23T08:29:36.300952817Z 2026-09-23T08:29:36.300Z  INFO 1 --- [visits-service] [foReplicator-%d] [                                                 ] com.netflix.discovery.DiscoveryClient    : DiscoveryClient_VISITS-SERVICE/09a3b29c3538:visits-service:8082 - registration status: 204
visits-service-1  | 2026-09-23T08:29:36.735100287Z 2026-09-23T08:29:36.734Z  WARN 1 --- [visits-service] [/api/v2/spans}}] [                                                 ] z.r.i.AsyncReporter$BoundedAsyncReporter : Spans were dropped due to exceptions. All subsequent errors will be logged at FINE level.
visits-service-1  | 2026-09-23T08:29:36.738917863Z 2026-09-23T08:29:36.735Z  WARN 1 --- [visits-service] [/api/v2/spans}}] [                                                 ] z.r.i.AsyncReporter$BoundedAsyncReporter : Dropped 12 spans due to ConnectException()
visits-service-1  | 2026-09-23T08:29:36.738962651Z 
visits-service-1  | 2026-09-23T08:29:36.738967921Z java.net.ConnectException
visits-service-1  | 2026-09-23T08:29:36.738972430Z 	at java.net.http/jdk.internal.net.http.HttpClientImpl.send(HttpClientImpl.java:900)
visits-service-1  | 2026-09-23T08:29:36.738977460Z 	at java.net.http/jdk.internal.net.http.HttpClientFacade.send(HttpClientFacade.java:133)
visits-service-1  | 2026-09-23T08:29:36.738981418Z 	at org.springframework.boot.zipkin.autoconfigure.ZipkinHttpClientSender.postSpans(ZipkinHttpClientSender.java:59)
visits-service-1  | 2026-09-23T08:29:36.738985065Z 	at org.springframework.boot.zipkin.autoconfigure.HttpSender.postSpans(HttpSender.java:69)
visits-service-1  | 2026-09-23T08:29:36.738988522Z 	at org.springframework.boot.zipkin.autoconfigure.HttpSender.postSpans(HttpSender.java:41)
visits-service-1  | 2026-09-23T08:29:36.738991778Z 	at zipkin2.reporter.BaseHttpSender.send(BaseHttpSender.java:123)
visits-service-1  | 2026-09-23T08:29:36.738994384Z 	at zipkin2.reporter.internal.AsyncReporter$BoundedAsyncReporter.flush(AsyncReporter.java:266)
visits-service-1  | 2026-09-23T08:29:36.738997139Z 	at zipkin2.reporter.internal.AsyncReporter$Flusher.run(AsyncReporter.java:352)
visits-service-1  | 2026-09-23T08:29:36.738999774Z 	at java.base/java.lang.Thread.run(Thread.java:840)
visits-service-1  | 2026-09-23T08:29:36.739002349Z Caused by: java.net.ConnectException
visits-service-1  | 2026-09-23T08:29:36.739004904Z 	at java.net.http/jdk.internal.net.http.common.Utils.toConnectException(Utils.java:1107)
visits-service-1  | 2026-09-23T08:29:36.739007550Z 	at java.net.http/jdk.internal.net.http.PlainHttpConnection.connectAsync(PlainHttpConnection.java:203)
visits-service-1  | 2026-09-23T08:29:36.739010195Z 	at java.net.http/jdk.internal.net.http.Http1Exchange.sendHeadersAsync(Http1Exchange.java:308)
visits-service-1  | 2026-09-23T08:29:36.739012820Z 	at java.net.http/jdk.internal.net.http.Exchange.lambda$responseAsyncImpl0$8(Exchange.java:564)
visits-service-1  | 2026-09-23T08:29:36.739015435Z 	at java.net.http/jdk.internal.net.http.Exchange.checkFor407(Exchange.java:435)
visits-service-1  | 2026-09-23T08:29:36.739018040Z 	at java.net.http/jdk.internal.net.http.Exchange.lambda$responseAsyncImpl0$9(Exchange.java:568)
visits-service-1  | 2026-09-23T08:29:36.739032519Z 	at java.base/java.util.concurrent.CompletableFuture.uniHandle(CompletableFuture.java:934)
visits-service-1  | 2026-09-23T08:29:36.739035294Z 	at java.base/java.util.concurrent.CompletableFuture.uniHandleStage(CompletableFuture.java:950)
visits-service-1  | 2026-09-23T08:29:36.739037909Z 	at java.base/java.util.concurrent.CompletableFuture.handle(CompletableFuture.java:2340)
visits-service-1  | 2026-09-23T08:29:36.739040725Z 	at java.net.http/jdk.internal.net.http.Exchange.responseAsyncImpl0(Exchange.java:568)
visits-service-1  | 2026-09-23T08:29:36.739045013Z 	at java.net.http/jdk.internal.net.http.Exchange.responseAsyncImpl(Exchange.java:411)
visits-service-1  | 2026-09-23T08:29:36.739050614Z 	at java.net.http/jdk.internal.net.http.Exchange.responseAsync(Exchange.java:403)
visits-service-1  | 2026-09-23T08:29:36.739054823Z 	at java.net.http/jdk.internal.net.http.MultiExchange.responseAsyncImpl(MultiExchange.java:430)
visits-service-1  | 2026-09-23T08:29:36.739058881Z 	at java.net.http/jdk.internal.net.http.MultiExchange.lambda$responseAsyncImpl$7(MultiExchange.java:471)
visits-service-1  | 2026-09-23T08:29:36.739063299Z 	at java.base/java.util.concurrent.CompletableFuture.uniHandle(CompletableFuture.java:934)
visits-service-1  | 2026-09-23T08:29:36.739067818Z 	at java.base/java.util.concurrent.CompletableFuture.uniHandleStage(CompletableFuture.java:950)
visits-service-1  | 2026-09-23T08:29:36.739072167Z 	at java.base/java.util.concurrent.CompletableFuture.handle(CompletableFuture.java:2340)
visits-service-1  | 2026-09-23T08:29:36.739075964Z 	at java.net.http/jdk.internal.net.http.MultiExchange.responseAsyncImpl(MultiExchange.java:461)
visits-service-1  | 2026-09-23T08:29:36.739080133Z 	at java.net.http/jdk.internal.net.http.MultiExchange.lambda$responseAsync0$2(MultiExchange.java:350)
visits-service-1  | 2026-09-23T08:29:36.739084301Z 	at java.base/java.util.concurrent.CompletableFuture$UniCompose.tryFire(CompletableFuture.java:1150)
visits-service-1  | 2026-09-23T08:29:36.739088078Z 	at java.base/java.util.concurrent.CompletableFuture.postComplete(CompletableFuture.java:510)
visits-service-1  | 2026-09-23T08:29:36.739092216Z 	at java.base/java.util.concurrent.CompletableFuture$AsyncSupply.run(CompletableFuture.java:1773)
visits-service-1  | 2026-09-23T08:29:36.739096144Z 	at java.net.http/jdk.internal.net.http.HttpClientImpl$DelegatingExecutor.execute(HttpClientImpl.java:174)
visits-service-1  | 2026-09-23T08:29:36.739100352Z 	at java.base/java.util.concurrent.CompletableFuture.completeAsync(CompletableFuture.java:2673)
visits-service-1  | 2026-09-23T08:29:36.739105012Z 	at java.net.http/jdk.internal.net.http.MultiExchange.responseAsync(MultiExchange.java:303)
visits-service-1  | 2026-09-23T08:29:36.739109260Z 	at java.net.http/jdk.internal.net.http.HttpClientImpl.sendAsync(HttpClientImpl.java:991)
visits-service-1  | 2026-09-23T08:29:36.739113037Z 	at java.net.http/jdk.internal.net.http.HttpClientImpl.send(HttpClientImpl.java:878)
visits-service-1  | 2026-09-23T08:29:36.739115663Z 	... 8 common frames omitted
visits-service-1  | 2026-09-23T08:29:36.739118288Z Caused by: java.nio.channels.UnresolvedAddressException
visits-service-1  | 2026-09-23T08:29:36.739121063Z 	at java.base/sun.nio.ch.Net.checkAddress(Net.java:159)
visits-service-1  | 2026-09-23T08:29:36.739123668Z 	at java.base/sun.nio.ch.Net.checkAddress(Net.java:167)
visits-service-1  | 2026-09-23T08:29:36.739126233Z 	at java.base/sun.nio.ch.SocketChannelImpl.checkRemote(SocketChannelImpl.java:816)
visits-service-1  | 2026-09-23T08:29:36.739137596Z 	at java.base/sun.nio.ch.SocketChannelImpl.connect(SocketChannelImpl.java:839)
visits-service-1  | 2026-09-23T08:29:36.739141764Z 	at java.net.http/jdk.internal.net.http.PlainHttpConnection.lambda$connectAsync$0(PlainHttpConnection.java:187)
visits-service-1  | 2026-09-23T08:29:36.739146213Z 	at java.base/java.security.AccessController.doPrivileged(AccessController.java:569)
visits-service-1  | 2026-09-23T08:29:36.739150131Z 	at java.net.http/jdk.internal.net.http.PlainHttpConnection.connectAsync(PlainHttpConnection.java:189)
visits-service-1  | 2026-09-23T08:29:36.739154439Z 	... 33 common frames omitted
visits-service-1  | 2026-09-23T08:29:36.739158407Z 
visits-service-1  | 2026-09-23T08:29:37.959811371Z 2026-09-23T08:29:37.959Z  INFO 1 --- [visits-service] [nio-8082-exec-1] [                                                 ] o.a.c.c.C.[Tomcat].[localhost].[/]       : Initializing Spring DispatcherServlet 'dispatcherServlet'
visits-service-1  | 2026-09-23T08:29:37.960254565Z 2026-09-23T08:29:37.959Z  INFO 1 --- [visits-service] [nio-8082-exec-1] [                                                 ] o.s.web.servlet.DispatcherServlet        : Initializing Servlet 'dispatcherServlet'
visits-service-1  | 2026-09-23T08:29:37.968842076Z 2026-09-23T08:29:37.968Z  INFO 1 --- [visits-service] [nio-8082-exec-1] [                                                 ] o.s.web.servlet.DispatcherServlet        : Completed initialization in 8 ms
visits-service-1  | 2026-09-23T08:30:20.961462545Z 2026-09-23T08:30:20.960Z  WARN 1 --- [visits-service] [nio-8082-exec-3] [6ab38e1c026c20b3900889f5be47ef21-900889f5be47ef21] .w.s.m.s.DefaultHandlerExceptionResolver : Resolved [org.springframework.web.bind.MissingServletRequestParameterException: Required request parameter 'includeDetails' for method parameter type boolean is not present]
visits-service-1  | 2026-09-23T08:30:22.510728424Z 2026-09-23T08:30:22.510Z  WARN 1 --- [visits-service] [nio-8082-exec-4] [6ab38e1ec8d28014e2c330538df20fe9-e2c330538df20fe9] .w.s.m.s.DefaultHandlerExceptionResolver : Resolved [org.springframework.web.bind.MissingServletRequestParameterException: Required request parameter 'includeDetails' for method parameter type boolean is not present]
visits-service-1  | 2026-09-23T08:30:22.574359091Z 2026-09-23T08:30:22.573Z  WARN 1 --- [visits-service] [nio-8082-exec-7] [6ab38e1e5ce0ce9469e4474167fd0056-69e4474167fd0056] .w.s.m.s.DefaultHandlerExceptionResolver : Resolved [org.springframework.web.bind.MissingServletRequestParameterException: Required request parameter 'includeDetails' for method parameter type boolean is not present]
