config-server-1  | 2026-09-23T08:27:46.497847725Z 
config-server-1  | 2026-09-23T08:27:46.497911010Z   .   ____          _            __ _ _
config-server-1  | 2026-09-23T08:27:46.497917743Z  /\\ / ___'_ __ _ _(_)_ __  __ _ \ \ \ \
config-server-1  | 2026-09-23T08:27:46.497921861Z ( ( )\___ | '_ | '_| | '_ \/ _` | \ \ \ \
config-server-1  | 2026-09-23T08:27:46.497925599Z  \\/  ___)| |_)| | | | | || (_| |  ) ) ) )
config-server-1  | 2026-09-23T08:27:46.497929326Z   '  |____| .__|_| |_|_| |_\__, | / / / /
config-server-1  | 2026-09-23T08:27:46.497933134Z  =========|_|==============|___/=/_/_/_/
config-server-1  | 2026-09-23T08:27:46.497936580Z 
config-server-1  | 2026-09-23T08:27:46.498103327Z  :: Spring Boot ::                (v4.0.1)
config-server-1  | 2026-09-23T08:27:46.498113086Z 
config-server-1  | 2026-09-23T08:27:46.584629021Z 2026-09-23T08:27:46.581Z  INFO 1 --- [           main] o.s.s.p.config.ConfigServerApplication   : Starting ConfigServerApplication v4.0.1 using Java 17.0.20 with PID 1 (/application/BOOT-INF/classes started by root in /application)
config-server-1  | 2026-09-23T08:27:46.586236379Z 2026-09-23T08:27:46.585Z  INFO 1 --- [           main] o.s.s.p.config.ConfigServerApplication   : The following 1 profile is active: "docker"
config-server-1  | 2026-09-23T08:27:47.715253575Z 2026-09-23T08:27:47.714Z  INFO 1 --- [           main] o.s.cloud.context.scope.GenericScope     : BeanFactory id=6d1c9e9d-ef40-32be-9e63-ab5fef88f9b6
config-server-1  | 2026-09-23T08:27:48.063720327Z 2026-09-23T08:27:48.063Z  INFO 1 --- [           main] o.s.boot.tomcat.TomcatWebServer          : Tomcat initialized with port 8888 (http)
config-server-1  | 2026-09-23T08:27:48.078368337Z 2026-09-23T08:27:48.077Z  INFO 1 --- [           main] o.apache.catalina.core.StandardService   : Starting service [Tomcat]
config-server-1  | 2026-09-23T08:27:48.078619211Z 2026-09-23T08:27:48.078Z  INFO 1 --- [           main] o.apache.catalina.core.StandardEngine    : Starting Servlet engine: [Apache Tomcat/11.0.15]
config-server-1  | 2026-09-23T08:27:48.131599215Z 2026-09-23T08:27:48.131Z  INFO 1 --- [           main] b.w.c.s.WebApplicationContextInitializer : Root WebApplicationContext: initialization completed in 1468 ms
config-server-1  | 2026-09-23T08:27:48.291694817Z 2026-09-23T08:27:48.291Z  INFO 1 --- [           main] o.s.b.w.a.WelcomePageHandlerMapping      : Adding welcome page: class path resource [static/index.html]
config-server-1  | 2026-09-23T08:27:49.219057104Z 2026-09-23T08:27:49.218Z  INFO 1 --- [           main] o.s.boot.tomcat.TomcatWebServer          : Tomcat started on port 8888 (http) with context path '/'
config-server-1  | 2026-09-23T08:27:49.241641018Z 2026-09-23T08:27:49.241Z  INFO 1 --- [           main] o.s.s.p.config.ConfigServerApplication   : Started ConfigServerApplication in 3.346 seconds (process running for 4.086)
config-server-1  | 2026-09-23T08:27:51.596638034Z 2026-09-23T08:27:51.596Z  INFO 1 --- [nio-8888-exec-1] o.a.c.c.C.[Tomcat].[localhost].[/]       : Initializing Spring DispatcherServlet 'dispatcherServlet'
config-server-1  | 2026-09-23T08:27:51.596688544Z 2026-09-23T08:27:51.596Z  INFO 1 --- [nio-8888-exec-1] o.s.web.servlet.DispatcherServlet        : Initializing Servlet 'dispatcherServlet'
config-server-1  | 2026-09-23T08:27:51.598584531Z 2026-09-23T08:27:51.598Z  INFO 1 --- [nio-8888-exec-1] o.s.web.servlet.DispatcherServlet        : Completed initialization in 1 ms
config-server-1  | 2026-09-23T08:27:58.047818098Z 2026-09-23T08:27:58.047Z  INFO 1 --- [nio-8888-exec-1] o.s.c.c.s.e.NativeEnvironmentRepository  : Adding property source: Config resource 'file [/tmp/config-repo-12605467305752209670/api-gateway.yml]' via location 'file:/tmp/config-repo-12605467305752209670/' (document #1)
config-server-1  | 2026-09-23T08:27:58.047918736Z 2026-09-23T08:27:58.047Z  INFO 1 --- [nio-8888-exec-1] o.s.c.c.s.e.NativeEnvironmentRepository  : Adding property source: Config resource 'file [/tmp/config-repo-12605467305752209670/api-gateway.yml]' via location 'file:/tmp/config-repo-12605467305752209670/' (document #0)
config-server-1  | 2026-09-23T08:27:58.048110136Z 2026-09-23T08:27:58.047Z  INFO 1 --- [nio-8888-exec-1] o.s.c.c.s.e.NativeEnvironmentRepository  : Adding property source: Config resource 'file [/tmp/config-repo-12605467305752209670/application.yml]' via location 'file:/tmp/config-repo-12605467305752209670/' (document #2)
config-server-1  | 2026-09-23T08:27:58.048488882Z 2026-09-23T08:27:58.048Z  INFO 1 --- [nio-8888-exec-1] o.s.c.c.s.e.NativeEnvironmentRepository  : Adding property source: Config resource 'file [/tmp/config-repo-12605467305752209670/application.yml]' via location 'file:/tmp/config-repo-12605467305752209670/' (document #0)
config-server-1  | 2026-09-23T08:28:02.132677962Z 2026-09-23T08:28:02.132Z  INFO 1 --- [nio-8888-exec-3] o.s.c.c.s.e.NativeEnvironmentRepository  : Adding property source: Config resource 'file [/tmp/config-repo-12605467305752209670/discovery-server.yml]' via location 'file:/tmp/config-repo-12605467305752209670/'
config-server-1  | 2026-09-23T08:28:02.132723061Z 2026-09-23T08:28:02.132Z  INFO 1 --- [nio-8888-exec-3] o.s.c.c.s.e.NativeEnvironmentRepository  : Adding property source: Config resource 'file [/tmp/config-repo-12605467305752209670/application.yml]' via location 'file:/tmp/config-repo-12605467305752209670/' (document #2)
config-server-1  | 2026-09-23T08:28:02.133130909Z 2026-09-23T08:28:02.132Z  INFO 1 --- [nio-8888-exec-3] o.s.c.c.s.e.NativeEnvironmentRepository  : Adding property source: Config resource 'file [/tmp/config-repo-12605467305752209670/application.yml]' via location 'file:/tmp/config-repo-12605467305752209670/' (document #0)
config-server-1  | 2026-09-23T08:28:03.287210056Z 2026-09-23T08:28:03.286Z  INFO 1 --- [nio-8888-exec-4] o.s.c.c.s.e.NativeEnvironmentRepository  : Adding property source: Config resource 'file [/tmp/config-repo-12605467305752209670/discovery-server.yml]' via location 'file:/tmp/config-repo-12605467305752209670/'
config-server-1  | 2026-09-23T08:28:03.287300905Z 2026-09-23T08:28:03.287Z  INFO 1 --- [nio-8888-exec-4] o.s.c.c.s.e.NativeEnvironmentRepository  : Adding property source: Config resource 'file [/tmp/config-repo-12605467305752209670/application.yml]' via location 'file:/tmp/config-repo-12605467305752209670/' (document #0)
config-server-1  | 2026-09-23T08:28:15.313362645Z 2026-09-23T08:28:15.312Z  INFO 1 --- [nio-8888-exec-5] o.s.c.c.s.e.NativeEnvironmentRepository  : Adding property source: Config resource 'file [/tmp/config-repo-12605467305752209670/customers-service.yml]' via location 'file:/tmp/config-repo-12605467305752209670/' (document #1)
config-server-1  | 2026-09-23T08:28:15.313712183Z 2026-09-23T08:28:15.313Z  INFO 1 --- [nio-8888-exec-5] o.s.c.c.s.e.NativeEnvironmentRepository  : Adding property source: Config resource 'file [/tmp/config-repo-12605467305752209670/application.yml]' via location 'file:/tmp/config-repo-12605467305752209670/' (document #2)
config-server-1  | 2026-09-23T08:28:15.313937461Z 2026-09-23T08:28:15.313Z  INFO 1 --- [nio-8888-exec-5] o.s.c.c.s.e.NativeEnvironmentRepository  : Adding property source: Config resource 'file [/tmp/config-repo-12605467305752209670/application.yml]' via location 'file:/tmp/config-repo-12605467305752209670/' (document #0)
config-server-1  | 2026-09-23T08:28:16.276453708Z 2026-09-23T08:28:16.275Z  INFO 1 --- [nio-8888-exec-6] o.s.c.c.s.e.NativeEnvironmentRepository  : Adding property source: Config resource 'file [/tmp/config-repo-12605467305752209670/visits-service.yml]' via location 'file:/tmp/config-repo-12605467305752209670/' (document #1)
config-server-1  | 2026-09-23T08:28:16.276523287Z 2026-09-23T08:28:16.276Z  INFO 1 --- [nio-8888-exec-6] o.s.c.c.s.e.NativeEnvironmentRepository  : Adding property source: Config resource 'file [/tmp/config-repo-12605467305752209670/application.yml]' via location 'file:/tmp/config-repo-12605467305752209670/' (document #2)
config-server-1  | 2026-09-23T08:28:16.276636530Z 2026-09-23T08:28:16.276Z  INFO 1 --- [nio-8888-exec-6] o.s.c.c.s.e.NativeEnvironmentRepository  : Adding property source: Config resource 'file [/tmp/config-repo-12605467305752209670/application.yml]' via location 'file:/tmp/config-repo-12605467305752209670/' (document #0)
config-server-1  | 2026-09-23T08:28:17.704672319Z 2026-09-23T08:28:17.704Z  INFO 1 --- [nio-8888-exec-7] o.s.c.c.s.e.NativeEnvironmentRepository  : Adding property source: Config resource 'file [/tmp/config-repo-12605467305752209670/customers-service.yml]' via location 'file:/tmp/config-repo-12605467305752209670/' (document #0)
config-server-1  | 2026-09-23T08:28:17.704719102Z 2026-09-23T08:28:17.704Z  INFO 1 --- [nio-8888-exec-7] o.s.c.c.s.e.NativeEnvironmentRepository  : Adding property source: Config resource 'file [/tmp/config-repo-12605467305752209670/application.yml]' via location 'file:/tmp/config-repo-12605467305752209670/' (document #0)
config-server-1  | 2026-09-23T08:28:18.674883364Z 2026-09-23T08:28:18.674Z  INFO 1 --- [nio-8888-exec-8] o.s.c.c.s.e.NativeEnvironmentRepository  : Adding property source: Config resource 'file [/tmp/config-repo-12605467305752209670/visits-service.yml]' via location 'file:/tmp/config-repo-12605467305752209670/' (document #0)
config-server-1  | 2026-09-23T08:28:18.674917883Z 2026-09-23T08:28:18.674Z  INFO 1 --- [nio-8888-exec-8] o.s.c.c.s.e.NativeEnvironmentRepository  : Adding property source: Config resource 'file [/tmp/config-repo-12605467305752209670/application.yml]' via location 'file:/tmp/config-repo-12605467305752209670/' (document #0)
config-server-1  | 2026-09-23T08:28:39.325177924Z 2026-09-23T08:28:39.324Z  INFO 1 --- [nio-8888-exec-9] o.s.c.c.s.e.NativeEnvironmentRepository  : Adding property source: Config resource 'file [/tmp/config-repo-12605467305752209670/api-gateway.yml]' via location 'file:/tmp/config-repo-12605467305752209670/' (document #1)
config-server-1  | 2026-09-23T08:28:39.325223382Z 2026-09-23T08:28:39.324Z  INFO 1 --- [nio-8888-exec-9] o.s.c.c.s.e.NativeEnvironmentRepository  : Adding property source: Config resource 'file [/tmp/config-repo-12605467305752209670/api-gateway.yml]' via location 'file:/tmp/config-repo-12605467305752209670/' (document #0)
config-server-1  | 2026-09-23T08:28:39.325441524Z 2026-09-23T08:28:39.325Z  INFO 1 --- [nio-8888-exec-9] o.s.c.c.s.e.NativeEnvironmentRepository  : Adding property source: Config resource 'file [/tmp/config-repo-12605467305752209670/application.yml]' via location 'file:/tmp/config-repo-12605467305752209670/' (document #2)
config-server-1  | 2026-09-23T08:28:39.325551689Z 2026-09-23T08:28:39.325Z  INFO 1 --- [nio-8888-exec-9] o.s.c.c.s.e.NativeEnvironmentRepository  : Adding property source: Config resource 'file [/tmp/config-repo-12605467305752209670/application.yml]' via location 'file:/tmp/config-repo-12605467305752209670/' (document #0)
config-server-1  | 2026-09-23T08:28:40.509610671Z 2026-09-23T08:28:40.509Z  INFO 1 --- [io-8888-exec-10] o.s.c.c.s.e.NativeEnvironmentRepository  : Adding property source: Config resource 'file [/tmp/config-repo-12605467305752209670/api-gateway.yml]' via location 'file:/tmp/config-repo-12605467305752209670/' (document #0)
config-server-1  | 2026-09-23T08:28:40.509850786Z 2026-09-23T08:28:40.509Z  INFO 1 --- [io-8888-exec-10] o.s.c.c.s.e.NativeEnvironmentRepository  : Adding property source: Config resource 'file [/tmp/config-repo-12605467305752209670/application.yml]' via location 'file:/tmp/config-repo-12605467305752209670/' (document #0)
config-server-1  | 2026-09-23T08:29:25.253699378Z 2026-09-23T08:29:25.253Z  INFO 1 --- [nio-8888-exec-4] o.s.c.c.s.e.NativeEnvironmentRepository  : Adding property source: Config resource 'file [/tmp/config-repo-12605467305752209670/visits-service.yml]' via location 'file:/tmp/config-repo-12605467305752209670/' (document #1)
config-server-1  | 2026-09-23T08:29:25.253734968Z 2026-09-23T08:29:25.253Z  INFO 1 --- [nio-8888-exec-4] o.s.c.c.s.e.NativeEnvironmentRepository  : Adding property source: Config resource 'file [/tmp/config-repo-12605467305752209670/application.yml]' via location 'file:/tmp/config-repo-12605467305752209670/' (document #2)
config-server-1  | 2026-09-23T08:29:25.253891045Z 2026-09-23T08:29:25.253Z  INFO 1 --- [nio-8888-exec-4] o.s.c.c.s.e.NativeEnvironmentRepository  : Adding property source: Config resource 'file [/tmp/config-repo-12605467305752209670/application.yml]' via location 'file:/tmp/config-repo-12605467305752209670/' (document #0)
config-server-1  | 2026-09-23T08:29:26.390789254Z 2026-09-23T08:29:26.390Z  INFO 1 --- [nio-8888-exec-5] o.s.c.c.s.e.NativeEnvironmentRepository  : Adding property source: Config resource 'file [/tmp/config-repo-12605467305752209670/visits-service.yml]' via location 'file:/tmp/config-repo-12605467305752209670/' (document #0)
config-server-1  | 2026-09-23T08:29:26.391046520Z 2026-09-23T08:29:26.390Z  INFO 1 --- [nio-8888-exec-5] o.s.c.c.s.e.NativeEnvironmentRepository  : Adding property source: Config resource 'file [/tmp/config-repo-12605467305752209670/application.yml]' via location 'file:/tmp/config-repo-12605467305752209670/' (document #0)
