visits-service-1  | 2026-09-23T08:24:22.217231100Z 08:24:22,216 |-WARN in ch.qos.logback.core.model.processor.ImplicitModelHandler - Ignoring unknown property [jmxConfigurator] in [ch.qos.logback.classic.LoggerContext]
visits-service-1  | 2026-09-23T08:24:22.287029601Z 
visits-service-1  | 2026-09-23T08:24:22.287062014Z   .   ____          _            __ _ _
visits-service-1  | 2026-09-23T08:24:22.287065741Z  /\\ / ___'_ __ _ _(_)_ __  __ _ \ \ \ \
visits-service-1  | 2026-09-23T08:24:22.287068757Z ( ( )\___ | '_ | '_| | '_ \/ _` | \ \ \ \
visits-service-1  | 2026-09-23T08:24:22.287071483Z  \\/  ___)| |_)| | | | | || (_| |  ) ) ) )
visits-service-1  | 2026-09-23T08:24:22.287074148Z   '  |____| .__|_| |_|_| |_\__, | / / / /
visits-service-1  | 2026-09-23T08:24:22.287076753Z  =========|_|==============|___/=/_/_/_/
visits-service-1  | 2026-09-23T08:24:22.287079338Z 
visits-service-1  | 2026-09-23T08:24:22.287358142Z  :: Spring Boot ::                (v4.0.1)
visits-service-1  | 2026-09-23T08:24:22.287366759Z 
visits-service-1  | 2026-09-23T08:24:22.365199517Z 2026-09-23T08:24:22.361Z  INFO 1 --- [visits-service] [           main] [                                                 ] o.s.s.p.visits.VisitsServiceApplication  : Starting VisitsServiceApplication v4.0.1 using Java 17.0.20 with PID 1 (/application/BOOT-INF/classes started by root in /application)
visits-service-1  | 2026-09-23T08:24:22.366621158Z 2026-09-23T08:24:22.366Z  INFO 1 --- [visits-service] [           main] [                                                 ] o.s.s.p.visits.VisitsServiceApplication  : The following 1 profile is active: "docker"
visits-service-1  | 2026-09-23T08:24:22.414636511Z 2026-09-23T08:24:22.413Z  INFO 1 --- [visits-service] [           main] [                                                 ] o.s.c.c.c.ConfigServerConfigDataLoader   : Fetching config from server at : http://localhost:8888/
visits-service-1  | 2026-09-23T08:24:22.414994708Z 2026-09-23T08:24:22.414Z  INFO 1 --- [visits-service] [           main] [                                                 ] o.s.c.c.c.ConfigServerConfigDataLoader   : Exception on Url - http://localhost:8888/:org.springframework.web.client.ResourceAccessException: I/O error on GET request for "http://localhost:8888/visits-service/default": Connection refused. Will be trying the next url if available
visits-service-1  | 2026-09-23T08:24:22.415323350Z 2026-09-23T08:24:22.415Z  WARN 1 --- [visits-service] [           main] [                                                 ] o.s.c.c.c.ConfigServerConfigDataLoader   : Could not locate PropertySource ([ConfigServerConfigDataResource@fac80 uris = array<String>['http://localhost:8888/'], optional = true, profiles = 'default']): I/O error on GET request for "http://localhost:8888/visits-service/default": Connection refused
visits-service-1  | 2026-09-23T08:24:22.415612667Z 2026-09-23T08:24:22.415Z  INFO 1 --- [visits-service] [           main] [                                                 ] o.s.c.c.c.ConfigServerConfigDataLoader   : Fetching config from server at : http://config-server:8888
visits-service-1  | 2026-09-23T08:24:22.415758501Z 2026-09-23T08:24:22.415Z  INFO 1 --- [visits-service] [           main] [                                                 ] o.s.c.c.c.ConfigServerConfigDataLoader   : Located environment: name=visits-service, profiles=[docker], label=null, version=323993ce2519c6d02df63e08bf4458d123d3b611, state=
visits-service-1  | 2026-09-23T08:24:22.416049220Z 2026-09-23T08:24:22.415Z  INFO 1 --- [visits-service] [           main] [                                                 ] o.s.c.c.c.ConfigServerConfigDataLoader   : Fetching config from server at : http://config-server:8888
visits-service-1  | 2026-09-23T08:24:22.416335828Z 2026-09-23T08:24:22.416Z  INFO 1 --- [visits-service] [           main] [                                                 ] o.s.c.c.c.ConfigServerConfigDataLoader   : Located environment: name=visits-service, profiles=[default], label=null, version=323993ce2519c6d02df63e08bf4458d123d3b611, state=
visits-service-1  | 2026-09-23T08:24:22.416528524Z 2026-09-23T08:24:22.416Z  INFO 1 --- [visits-service] [           main] [                                                 ] o.s.c.c.c.ConfigServerConfigDataLoader   : Fetching config from server at : http://localhost:8888/
visits-service-1  | 2026-09-23T08:24:22.416766320Z 2026-09-23T08:24:22.416Z  INFO 1 --- [visits-service] [           main] [                                                 ] o.s.c.c.c.ConfigServerConfigDataLoader   : Exception on Url - http://localhost:8888/:org.springframework.web.client.ResourceAccessException: I/O error on GET request for "http://localhost:8888/visits-service/docker": Connection refused. Will be trying the next url if available
visits-service-1  | 2026-09-23T08:24:22.416982843Z 2026-09-23T08:24:22.416Z  WARN 1 --- [visits-service] [           main] [                                                 ] o.s.c.c.c.ConfigServerConfigDataLoader   : Could not locate PropertySource ([ConfigServerConfigDataResource@6e4ea0bd uris = array<String>['http://localhost:8888/'], optional = true, profiles = 'docker']): I/O error on GET request for "http://localhost:8888/visits-service/docker": Connection refused
visits-service-1  | 2026-09-23T08:24:22.417457489Z 2026-09-23T08:24:22.417Z  INFO 1 --- [visits-service] [           main] [                                                 ] o.s.c.c.c.ConfigServerConfigDataLoader   : Fetching config from server at : http://localhost:8888/
visits-service-1  | 2026-09-23T08:24:22.417781020Z 2026-09-23T08:24:22.417Z  INFO 1 --- [visits-service] [           main] [                                                 ] o.s.c.c.c.ConfigServerConfigDataLoader   : Exception on Url - http://localhost:8888/:org.springframework.web.client.ResourceAccessException: I/O error on GET request for "http://localhost:8888/visits-service/default": Connection refused. Will be trying the next url if available
visits-service-1  | 2026-09-23T08:24:22.418051587Z 2026-09-23T08:24:22.417Z  WARN 1 --- [visits-service] [           main] [                                                 ] o.s.c.c.c.ConfigServerConfigDataLoader   : Could not locate PropertySource ([ConfigServerConfigDataResource@56f2bbea uris = array<String>['http://localhost:8888/'], optional = true, profiles = 'default']): I/O error on GET request for "http://localhost:8888/visits-service/default": Connection refused
visits-service-1  | 2026-09-23T08:24:23.923789910Z 2026-09-23T08:24:23.923Z  INFO 1 --- [visits-service] [           main] [                                                 ] .s.d.r.c.RepositoryConfigurationDelegate : Bootstrapping Spring Data JPA repositories in DEFAULT mode.
visits-service-1  | 2026-09-23T08:24:24.232095267Z 2026-09-23T08:24:24.231Z  INFO 1 --- [visits-service] [           main] [                                                 ] .s.d.r.c.RepositoryConfigurationDelegate : Finished Spring Data repository scanning in 288 ms. Found 1 JPA repository interface.
visits-service-1  | 2026-09-23T08:24:24.942200653Z 2026-09-23T08:24:24.941Z  INFO 1 --- [visits-service] [           main] [                                                 ] o.s.cloud.context.scope.GenericScope     : BeanFactory id=039e684b-1d05-31eb-b6ff-27172c6bfc0c
visits-service-1  | 2026-09-23T08:24:26.162675623Z 2026-09-23T08:24:26.161Z  INFO 1 --- [visits-service] [           main] [                                                 ] o.s.boot.tomcat.TomcatWebServer          : Tomcat initialized with port 8082 (http)
visits-service-1  | 2026-09-23T08:24:26.185627252Z 2026-09-23T08:24:26.184Z  INFO 1 --- [visits-service] [           main] [                                                 ] o.apache.catalina.core.StandardService   : Starting service [Tomcat]
visits-service-1  | 2026-09-23T08:24:26.191168774Z 2026-09-23T08:24:26.187Z  INFO 1 --- [visits-service] [           main] [                                                 ] o.apache.catalina.core.StandardEngine    : Starting Servlet engine: [Apache Tomcat/11.0.15]
visits-service-1  | 2026-09-23T08:24:26.342313897Z 2026-09-23T08:24:26.341Z  INFO 1 --- [visits-service] [           main] [                                                 ] b.w.c.s.WebApplicationContextInitializer : Root WebApplicationContext: initialization completed in 3922 ms
visits-service-1  | 2026-09-23T08:24:27.646593189Z 2026-09-23T08:24:27.641Z  INFO 1 --- [visits-service] [           main] [                                                 ] com.zaxxer.hikari.HikariDataSource       : HikariPool-1 - Starting...
visits-service-1  | 2026-09-23T08:24:28.307376194Z 2026-09-23T08:24:28.305Z  INFO 1 --- [visits-service] [           main] [                                                 ] com.zaxxer.hikari.pool.PoolBase          : HikariPool-1 - Driver does not support get/set network timeout for connections. (feature not supported)
visits-service-1  | 2026-09-23T08:24:28.311105856Z 2026-09-23T08:24:28.310Z  INFO 1 --- [visits-service] [           main] [                                                 ] com.zaxxer.hikari.pool.HikariPool        : HikariPool-1 - Added connection org.hsqldb.jdbc.JDBCConnection@174f0d06
visits-service-1  | 2026-09-23T08:24:28.313976203Z 2026-09-23T08:24:28.312Z  INFO 1 --- [visits-service] [           main] [                                                 ] com.zaxxer.hikari.HikariDataSource       : HikariPool-1 - Start completed.
visits-service-1  | 2026-09-23T08:24:28.699392587Z 2026-09-23T08:24:28.697Z  INFO 1 --- [visits-service] [           main] [                                                 ] org.hibernate.orm.jpa                    : HHH008540: Processing PersistenceUnitInfo [name: default]
visits-service-1  | 2026-09-23T08:24:28.821814962Z 2026-09-23T08:24:28.821Z  INFO 1 --- [visits-service] [           main] [                                                 ] org.hibernate.orm.core                   : HHH000001: Hibernate ORM core version 7.2.0.Final
visits-service-1  | 2026-09-23T08:24:29.637275371Z 2026-09-23T08:24:29.636Z  INFO 1 --- [visits-service] [           main] [                                                 ] o.s.o.j.p.SpringPersistenceUnitInfo      : No LoadTimeWeaver setup: ignoring JPA class transformer
visits-service-1  | 2026-09-23T08:24:29.754911039Z 2026-09-23T08:24:29.754Z  INFO 1 --- [visits-service] [           main] [                                                 ] org.hibernate.orm.connections.pooling    : HHH10001005: Database info:
visits-service-1  | 2026-09-23T08:24:29.754943914Z 	Database JDBC URL [jdbc:hsqldb:mem:3534a3c5-8d7b-4e82-86a8-260927b0b098]
visits-service-1  | 2026-09-23T08:24:29.754949605Z 	Database driver: HSQL Database Engine Driver
visits-service-1  | 2026-09-23T08:24:29.754953532Z 	Database dialect: HSQLDialect
visits-service-1  | 2026-09-23T08:24:29.754957330Z 	Database version: 2.7.3
visits-service-1  | 2026-09-23T08:24:29.754960907Z 	Default catalog/schema: PUBLIC/PUBLIC
visits-service-1  | 2026-09-23T08:24:29.754964293Z 	Autocommit mode: undefined/unknown
visits-service-1  | 2026-09-23T08:24:29.754968321Z 	Isolation level: READ_COMMITTED [default READ_COMMITTED]
visits-service-1  | 2026-09-23T08:24:29.754972329Z 	JDBC fetch size: none
visits-service-1  | 2026-09-23T08:24:29.755002258Z 	Pool: DataSourceConnectionProvider
visits-service-1  | 2026-09-23T08:24:29.755006125Z 	Minimum pool size: undefined/unknown
visits-service-1  | 2026-09-23T08:24:29.755009612Z 	Maximum pool size: undefined/unknown
visits-service-1  | 2026-09-23T08:24:29.919501844Z 2026-09-23T08:24:29.919Z  WARN 1 --- [visits-service] [           main] [                                                 ] org.hibernate.orm.deprecation            : HHH90000033: Encountered use of deprecated annotation [interface jakarta.persistence.Temporal] at org.springframework.samples.petclinic.visits.model.Visit.date.
visits-service-1  | 2026-09-23T08:24:30.809247709Z 2026-09-23T08:24:30.808Z  INFO 1 --- [visits-service] [           main] [                                                 ] org.hibernate.orm.core                   : HHH000489: No JTA platform available (set 'hibernate.transaction.jta.platform' to enable JTA platform integration)
visits-service-1  | 2026-09-23T08:24:30.818217378Z 2026-09-23T08:24:30.817Z  INFO 1 --- [visits-service] [           main] [                                                 ] j.LocalContainerEntityManagerFactoryBean : Initialized JPA EntityManagerFactory for persistence unit 'default'
visits-service-1  | 2026-09-23T08:24:30.962774562Z 2026-09-23T08:24:30.962Z  INFO 1 --- [visits-service] [           main] [                                                 ] o.s.d.j.r.query.QueryEnhancerFactories   : Hibernate is in classpath; If applicable, HQL parser will be used.
visits-service-1  | 2026-09-23T08:24:32.937154471Z 2026-09-23T08:24:32.936Z  INFO 1 --- [visits-service] [           main] [                                                 ] DiscoveryClientOptionalArgsConfiguration : Eureka HTTP Client uses RestClient.
visits-service-1  | 2026-09-23T08:24:33.159259049Z 2026-09-23T08:24:33.158Z  WARN 1 --- [visits-service] [           main] [                                                 ] iguration$LoadBalancerCaffeineWarnLogger : Spring Cloud LoadBalancer is currently working with the default cache. While this cache implementation is useful for development and tests, it's recommended to use Caffeine cache in production.You can switch to using Caffeine cache, by adding it and org.springframework.cache.caffeine.CaffeineCacheManager to the classpath.
visits-service-1  | 2026-09-23T08:24:33.178765247Z 2026-09-23T08:24:33.178Z  INFO 1 --- [visits-service] [           main] [                                                 ] o.s.b.a.e.web.EndpointLinksResolver      : Exposing 17 endpoints beneath base path '/actuator'
visits-service-1  | 2026-09-23T08:24:33.307903439Z 2026-09-23T08:24:33.307Z  INFO 1 --- [visits-service] [           main] [                                                 ] o.s.c.n.eureka.InstanceInfoFactory       : Setting initial instance status as: STARTING
visits-service-1  | 2026-09-23T08:24:33.348292009Z 2026-09-23T08:24:33.347Z  INFO 1 --- [visits-service] [           main] [                                                 ] com.netflix.discovery.DiscoveryClient    : Initializing Eureka in region us-east-1
visits-service-1  | 2026-09-23T08:24:33.354419915Z 2026-09-23T08:24:33.353Z  INFO 1 --- [visits-service] [           main] [                                                 ] c.n.d.s.r.aws.ConfigClusterResolver      : Resolving eureka endpoints via configuration
visits-service-1  | 2026-09-23T08:24:33.376922158Z 2026-09-23T08:24:33.376Z  INFO 1 --- [visits-service] [           main] [                                                 ] com.netflix.discovery.DiscoveryClient    : Disable delta property : false
visits-service-1  | 2026-09-23T08:24:33.377721488Z 2026-09-23T08:24:33.377Z  INFO 1 --- [visits-service] [           main] [                                                 ] com.netflix.discovery.DiscoveryClient    : Single vip registry refresh property : null
visits-service-1  | 2026-09-23T08:24:33.378578008Z 2026-09-23T08:24:33.377Z  INFO 1 --- [visits-service] [           main] [                                                 ] com.netflix.discovery.DiscoveryClient    : Force full registry fetch : false
visits-service-1  | 2026-09-23T08:24:33.378858890Z 2026-09-23T08:24:33.378Z  INFO 1 --- [visits-service] [           main] [                                                 ] com.netflix.discovery.DiscoveryClient    : Application is null : false
visits-service-1  | 2026-09-23T08:24:33.379250152Z 2026-09-23T08:24:33.378Z  INFO 1 --- [visits-service] [           main] [                                                 ] com.netflix.discovery.DiscoveryClient    : Registered Applications size is zero : true
visits-service-1  | 2026-09-23T08:24:33.379474402Z 2026-09-23T08:24:33.379Z  INFO 1 --- [visits-service] [           main] [                                                 ] com.netflix.discovery.DiscoveryClient    : Application version is -1: true
visits-service-1  | 2026-09-23T08:24:33.379908657Z 2026-09-23T08:24:33.379Z  INFO 1 --- [visits-service] [           main] [                                                 ] com.netflix.discovery.DiscoveryClient    : Getting all instance registry info from the eureka server
visits-service-1  | 2026-09-23T08:24:33.601714466Z 2026-09-23T08:24:33.601Z  WARN 1 --- [visits-service] [/api/v2/spans}}] [                                                 ] z.r.i.AsyncReporter$BoundedAsyncReporter : Spans were dropped due to exceptions. All subsequent errors will be logged at FINE level.
visits-service-1  | 2026-09-23T08:24:33.606075836Z 2026-09-23T08:24:33.602Z  WARN 1 --- [visits-service] [/api/v2/spans}}] [                                                 ] z.r.i.AsyncReporter$BoundedAsyncReporter : Dropped 11 spans due to ConnectException()
visits-service-1  | 2026-09-23T08:24:33.606115884Z 
visits-service-1  | 2026-09-23T08:24:33.606120273Z java.net.ConnectException
visits-service-1  | 2026-09-23T08:24:33.606123860Z 	at java.net.http/jdk.internal.net.http.HttpClientImpl.send(HttpClientImpl.java:900)
visits-service-1  | 2026-09-23T08:24:33.606127867Z 	at java.net.http/jdk.internal.net.http.HttpClientFacade.send(HttpClientFacade.java:133)
visits-service-1  | 2026-09-23T08:24:33.606131645Z 	at org.springframework.boot.zipkin.autoconfigure.ZipkinHttpClientSender.postSpans(ZipkinHttpClientSender.java:59)
visits-service-1  | 2026-09-23T08:24:33.606135212Z 	at org.springframework.boot.zipkin.autoconfigure.HttpSender.postSpans(HttpSender.java:69)
visits-service-1  | 2026-09-23T08:24:33.606138709Z 	at org.springframework.boot.zipkin.autoconfigure.HttpSender.postSpans(HttpSender.java:41)
visits-service-1  | 2026-09-23T08:24:33.606142215Z 	at zipkin2.reporter.BaseHttpSender.send(BaseHttpSender.java:123)
visits-service-1  | 2026-09-23T08:24:33.606146203Z 	at zipkin2.reporter.internal.AsyncReporter$BoundedAsyncReporter.flush(AsyncReporter.java:266)
visits-service-1  | 2026-09-23T08:24:33.606150462Z 	at zipkin2.reporter.internal.AsyncReporter$Flusher.run(AsyncReporter.java:352)
visits-service-1  | 2026-09-23T08:24:33.606154469Z 	at java.base/java.lang.Thread.run(Thread.java:840)
visits-service-1  | 2026-09-23T08:24:33.606158868Z Caused by: java.net.ConnectException
visits-service-1  | 2026-09-23T08:24:33.606162295Z 	at java.net.http/jdk.internal.net.http.common.Utils.toConnectException(Utils.java:1107)
visits-service-1  | 2026-09-23T08:24:33.606165761Z 	at java.net.http/jdk.internal.net.http.PlainHttpConnection.connectAsync(PlainHttpConnection.java:203)
visits-service-1  | 2026-09-23T08:24:33.606192213Z 	at java.net.http/jdk.internal.net.http.Http1Exchange.sendHeadersAsync(Http1Exchange.java:308)
visits-service-1  | 2026-09-23T08:24:33.606195800Z 	at java.net.http/jdk.internal.net.http.Exchange.lambda$responseAsyncImpl0$8(Exchange.java:564)
visits-service-1  | 2026-09-23T08:24:33.606199056Z 	at java.net.http/jdk.internal.net.http.Exchange.checkFor407(Exchange.java:435)
visits-service-1  | 2026-09-23T08:24:33.606202173Z 	at java.net.http/jdk.internal.net.http.Exchange.lambda$responseAsyncImpl0$9(Exchange.java:568)
visits-service-1  | 2026-09-23T08:24:33.606205389Z 	at java.base/java.util.concurrent.CompletableFuture.uniHandle(CompletableFuture.java:934)
visits-service-1  | 2026-09-23T08:24:33.606208535Z 	at java.base/java.util.concurrent.CompletableFuture.uniHandleStage(CompletableFuture.java:950)
visits-service-1  | 2026-09-23T08:24:33.606211731Z 	at java.base/java.util.concurrent.CompletableFuture.handle(CompletableFuture.java:2340)
visits-service-1  | 2026-09-23T08:24:33.606214877Z 	at java.net.http/jdk.internal.net.http.Exchange.responseAsyncImpl0(Exchange.java:568)
visits-service-1  | 2026-09-23T08:24:33.606217973Z 	at java.net.http/jdk.internal.net.http.Exchange.responseAsyncImpl(Exchange.java:411)
visits-service-1  | 2026-09-23T08:24:33.606222983Z 	at java.net.http/jdk.internal.net.http.Exchange.responseAsync(Exchange.java:403)
visits-service-1  | 2026-09-23T08:24:33.606226270Z 	at java.net.http/jdk.internal.net.http.MultiExchange.responseAsyncImpl(MultiExchange.java:430)
visits-service-1  | 2026-09-23T08:24:33.606229456Z 	at java.net.http/jdk.internal.net.http.MultiExchange.lambda$responseAsyncImpl$7(MultiExchange.java:471)
visits-service-1  | 2026-09-23T08:24:33.606232572Z 	at java.base/java.util.concurrent.CompletableFuture.uniHandle(CompletableFuture.java:934)
visits-service-1  | 2026-09-23T08:24:33.606235708Z 	at java.base/java.util.concurrent.CompletableFuture.uniHandleStage(CompletableFuture.java:950)
visits-service-1  | 2026-09-23T08:24:33.606239395Z 	at java.base/java.util.concurrent.CompletableFuture.handle(CompletableFuture.java:2340)
visits-service-1  | 2026-09-23T08:24:33.606242582Z 	at java.net.http/jdk.internal.net.http.MultiExchange.responseAsyncImpl(MultiExchange.java:461)
visits-service-1  | 2026-09-23T08:24:33.606245738Z 	at java.net.http/jdk.internal.net.http.MultiExchange.lambda$responseAsync0$2(MultiExchange.java:350)
visits-service-1  | 2026-09-23T08:24:33.606248964Z 	at java.base/java.util.concurrent.CompletableFuture$UniCompose.tryFire(CompletableFuture.java:1150)
visits-service-1  | 2026-09-23T08:24:33.606252220Z 	at java.base/java.util.concurrent.CompletableFuture.postComplete(CompletableFuture.java:510)
visits-service-1  | 2026-09-23T08:24:33.606255417Z 	at java.base/java.util.concurrent.CompletableFuture$AsyncSupply.run(CompletableFuture.java:1773)
visits-service-1  | 2026-09-23T08:24:33.606258643Z 	at java.net.http/jdk.internal.net.http.HttpClientImpl$DelegatingExecutor.execute(HttpClientImpl.java:174)
visits-service-1  | 2026-09-23T08:24:33.606261799Z 	at java.base/java.util.concurrent.CompletableFuture.completeAsync(CompletableFuture.java:2673)
visits-service-1  | 2026-09-23T08:24:33.606265025Z 	at java.net.http/jdk.internal.net.http.MultiExchange.responseAsync(MultiExchange.java:303)
visits-service-1  | 2026-09-23T08:24:33.606268181Z 	at java.net.http/jdk.internal.net.http.HttpClientImpl.sendAsync(HttpClientImpl.java:991)
visits-service-1  | 2026-09-23T08:24:33.606277490Z 	at java.net.http/jdk.internal.net.http.HttpClientImpl.send(HttpClientImpl.java:878)
visits-service-1  | 2026-09-23T08:24:33.606280916Z 	... 8 common frames omitted
visits-service-1  | 2026-09-23T08:24:33.606284042Z Caused by: java.nio.channels.UnresolvedAddressException
visits-service-1  | 2026-09-23T08:24:33.606287609Z 	at java.base/sun.nio.ch.Net.checkAddress(Net.java:159)
visits-service-1  | 2026-09-23T08:24:33.606290746Z 	at java.base/sun.nio.ch.Net.checkAddress(Net.java:167)
visits-service-1  | 2026-09-23T08:24:33.606294122Z 	at java.base/sun.nio.ch.SocketChannelImpl.checkRemote(SocketChannelImpl.java:816)
visits-service-1  | 2026-09-23T08:24:33.606297559Z 	at java.base/sun.nio.ch.SocketChannelImpl.connect(SocketChannelImpl.java:839)
visits-service-1  | 2026-09-23T08:24:33.606301016Z 	at java.net.http/jdk.internal.net.http.PlainHttpConnection.lambda$connectAsync$0(PlainHttpConnection.java:187)
visits-service-1  | 2026-09-23T08:24:33.606305685Z 	at java.base/java.security.AccessController.doPrivileged(AccessController.java:569)
visits-service-1  | 2026-09-23T08:24:33.606309222Z 	at java.net.http/jdk.internal.net.http.PlainHttpConnection.connectAsync(PlainHttpConnection.java:189)
visits-service-1  | 2026-09-23T08:24:33.606312889Z 	... 33 common frames omitted
visits-service-1  | 2026-09-23T08:24:33.606316326Z 
visits-service-1  | 2026-09-23T08:24:33.986824674Z 2026-09-23T08:24:33.984Z  INFO 1 --- [visits-service] [           main] [                                                 ] com.netflix.discovery.DiscoveryClient    : The response status is 200
visits-service-1  | 2026-09-23T08:24:33.990860381Z 2026-09-23T08:24:33.989Z  INFO 1 --- [visits-service] [           main] [                                                 ] com.netflix.discovery.DiscoveryClient    : Starting heartbeat executor: renew interval is: 30
visits-service-1  | 2026-09-23T08:24:33.999597818Z 2026-09-23T08:24:33.995Z  INFO 1 --- [visits-service] [           main] [                                                 ] c.n.discovery.InstanceInfoReplicator     : InstanceInfoReplicator onDemand update allowed rate per min is 4
visits-service-1  | 2026-09-23T08:24:34.001200158Z 2026-09-23T08:24:33.999Z  INFO 1 --- [visits-service] [           main] [                                                 ] com.netflix.discovery.DiscoveryClient    : Discovery Client initialized at timestamp 1790151873997 with initial instances count: 0
visits-service-1  | 2026-09-23T08:24:34.015242889Z 2026-09-23T08:24:34.013Z  INFO 1 --- [visits-service] [           main] [                                                 ] o.s.c.n.e.s.EurekaServiceRegistry        : Registering application VISITS-SERVICE with eureka with status UP
visits-service-1  | 2026-09-23T08:24:34.016920575Z 2026-09-23T08:24:34.016Z  INFO 1 --- [visits-service] [           main] [                                                 ] com.netflix.discovery.DiscoveryClient    : Saw local status change event StatusChangeEvent [timestamp=1790151874016, current=UP, previous=STARTING]
visits-service-1  | 2026-09-23T08:24:34.020502330Z 2026-09-23T08:24:34.019Z  INFO 1 --- [visits-service] [foReplicator-%d] [                                                 ] com.netflix.discovery.DiscoveryClient    : DiscoveryClient_VISITS-SERVICE/bcfaa03abecd:visits-service:8082: registering service...
visits-service-1  | 2026-09-23T08:24:34.052563664Z 2026-09-23T08:24:34.049Z  INFO 1 --- [visits-service] [           main] [                                                 ] o.s.boot.tomcat.TomcatWebServer          : Tomcat started on port 8082 (http) with context path '/'
visits-service-1  | 2026-09-23T08:24:34.052859362Z 2026-09-23T08:24:34.051Z  INFO 1 --- [visits-service] [           main] [                                                 ] .s.c.n.e.s.EurekaAutoServiceRegistration : Updating port to 8082
visits-service-1  | 2026-09-23T08:24:34.076675746Z 2026-09-23T08:24:34.076Z  INFO 1 --- [visits-service] [           main] [                                                 ] o.s.s.p.visits.VisitsServiceApplication  : Started VisitsServiceApplication in 16.237 seconds (process running for 17.078)
visits-service-1  | 2026-09-23T08:24:34.256591290Z 2026-09-23T08:24:34.255Z  INFO 1 --- [visits-service] [foReplicator-%d] [                                                 ] com.netflix.discovery.DiscoveryClient    : DiscoveryClient_VISITS-SERVICE/bcfaa03abecd:visits-service:8082 - registration status: 204
visits-service-1  | 2026-09-23T08:24:39.129658889Z 2026-09-23T08:24:39.128Z  INFO 1 --- [visits-service] [nio-8082-exec-1] [                                                 ] o.a.c.c.C.[Tomcat].[localhost].[/]       : Initializing Spring DispatcherServlet 'dispatcherServlet'
visits-service-1  | 2026-09-23T08:24:39.130303337Z 2026-09-23T08:24:39.129Z  INFO 1 --- [visits-service] [nio-8082-exec-1] [                                                 ] o.s.web.servlet.DispatcherServlet        : Initializing Servlet 'dispatcherServlet'
visits-service-1  | 2026-09-23T08:24:39.134263716Z 2026-09-23T08:24:39.133Z  INFO 1 --- [visits-service] [nio-8082-exec-1] [                                                 ] o.s.web.servlet.DispatcherServlet        : Completed initialization in 3 ms
visits-service-1  | 2026-09-23T08:25:03.988304338Z 2026-09-23T08:25:03.987Z  INFO 1 --- [visits-service] [reshExecutor-%d] [                                                 ] com.netflix.discovery.DiscoveryClient    : Disable delta property : false
visits-service-1  | 2026-09-23T08:25:03.989476330Z 2026-09-23T08:25:03.988Z  INFO 1 --- [visits-service] [reshExecutor-%d] [                                                 ] com.netflix.discovery.DiscoveryClient    : Single vip registry refresh property : null
visits-service-1  | 2026-09-23T08:25:03.989777608Z 2026-09-23T08:25:03.989Z  INFO 1 --- [visits-service] [reshExecutor-%d] [                                                 ] com.netflix.discovery.DiscoveryClient    : Force full registry fetch : false
visits-service-1  | 2026-09-23T08:25:03.990067618Z 2026-09-23T08:25:03.989Z  INFO 1 --- [visits-service] [reshExecutor-%d] [                                                 ] com.netflix.discovery.DiscoveryClient    : Application is null : false
visits-service-1  | 2026-09-23T08:25:03.990357955Z 2026-09-23T08:25:03.990Z  INFO 1 --- [visits-service] [reshExecutor-%d] [                                                 ] com.netflix.discovery.DiscoveryClient    : Registered Applications size is zero : true
visits-service-1  | 2026-09-23T08:25:03.990618793Z 2026-09-23T08:25:03.990Z  INFO 1 --- [visits-service] [reshExecutor-%d] [                                                 ] com.netflix.discovery.DiscoveryClient    : Application version is -1: false
visits-service-1  | 2026-09-23T08:25:03.990808796Z 2026-09-23T08:25:03.990Z  INFO 1 --- [visits-service] [reshExecutor-%d] [                                                 ] com.netflix.discovery.DiscoveryClient    : Getting all instance registry info from the eureka server
visits-service-1  | 2026-09-23T08:25:04.009117733Z 2026-09-23T08:25:04.008Z  INFO 1 --- [visits-service] [reshExecutor-%d] [                                                 ] com.netflix.discovery.DiscoveryClient    : The response status is 200
