customers-service-1  | 2026-09-23T08:24:23.270572198Z 08:24:23,269 |-WARN in ch.qos.logback.core.model.processor.ImplicitModelHandler - Ignoring unknown property [jmxConfigurator] in [ch.qos.logback.classic.LoggerContext]
customers-service-1  | 2026-09-23T08:24:23.360628757Z 
customers-service-1  | 2026-09-23T08:24:23.360665960Z   .   ____          _            __ _ _
customers-service-1  | 2026-09-23T08:24:23.360670789Z  /\\ / ___'_ __ _ _(_)_ __  __ _ \ \ \ \
customers-service-1  | 2026-09-23T08:24:23.360674877Z ( ( )\___ | '_ | '_| | '_ \/ _` | \ \ \ \
customers-service-1  | 2026-09-23T08:24:23.360678815Z  \\/  ___)| |_)| | | | | || (_| |  ) ) ) )
customers-service-1  | 2026-09-23T08:24:23.360682382Z   '  |____| .__|_| |_|_| |_\__, | / / / /
customers-service-1  | 2026-09-23T08:24:23.360685999Z  =========|_|==============|___/=/_/_/_/
customers-service-1  | 2026-09-23T08:24:23.360689526Z 
customers-service-1  | 2026-09-23T08:24:23.360886891Z  :: Spring Boot ::                (v4.0.1)
customers-service-1  | 2026-09-23T08:24:23.360895608Z 
customers-service-1  | 2026-09-23T08:24:23.464807422Z 2026-09-23T08:24:23.461Z  INFO 1 --- [customers-service] [           main] [                                                 ] o.s.s.p.c.CustomersServiceApplication    : Starting CustomersServiceApplication v4.0.1 using Java 17.0.20 with PID 1 (/application/BOOT-INF/classes started by root in /application)
customers-service-1  | 2026-09-23T08:24:23.467379918Z 2026-09-23T08:24:23.466Z  INFO 1 --- [customers-service] [           main] [                                                 ] o.s.s.p.c.CustomersServiceApplication    : The following 1 profile is active: "docker"
customers-service-1  | 2026-09-23T08:24:23.529462308Z 2026-09-23T08:24:23.528Z  INFO 1 --- [customers-service] [           main] [                                                 ] o.s.c.c.c.ConfigServerConfigDataLoader   : Fetching config from server at : http://localhost:8888/
customers-service-1  | 2026-09-23T08:24:23.529811741Z 2026-09-23T08:24:23.529Z  INFO 1 --- [customers-service] [           main] [                                                 ] o.s.c.c.c.ConfigServerConfigDataLoader   : Exception on Url - http://localhost:8888/:org.springframework.web.client.ResourceAccessException: I/O error on GET request for "http://localhost:8888/customers-service/default": Connection refused. Will be trying the next url if available
customers-service-1  | 2026-09-23T08:24:23.530481982Z 2026-09-23T08:24:23.530Z  WARN 1 --- [customers-service] [           main] [                                                 ] o.s.c.c.c.ConfigServerConfigDataLoader   : Could not locate PropertySource ([ConfigServerConfigDataResource@fac80 uris = array<String>['http://localhost:8888/'], optional = true, profiles = 'default']): I/O error on GET request for "http://localhost:8888/customers-service/default": Connection refused
customers-service-1  | 2026-09-23T08:24:23.531073927Z 2026-09-23T08:24:23.530Z  INFO 1 --- [customers-service] [           main] [                                                 ] o.s.c.c.c.ConfigServerConfigDataLoader   : Fetching config from server at : http://config-server:8888
customers-service-1  | 2026-09-23T08:24:23.531425630Z 2026-09-23T08:24:23.531Z  INFO 1 --- [customers-service] [           main] [                                                 ] o.s.c.c.c.ConfigServerConfigDataLoader   : Located environment: name=customers-service, profiles=[docker], label=null, version=323993ce2519c6d02df63e08bf4458d123d3b611, state=
customers-service-1  | 2026-09-23T08:24:23.531803661Z 2026-09-23T08:24:23.531Z  INFO 1 --- [customers-service] [           main] [                                                 ] o.s.c.c.c.ConfigServerConfigDataLoader   : Fetching config from server at : http://config-server:8888
customers-service-1  | 2026-09-23T08:24:23.532067473Z 2026-09-23T08:24:23.531Z  INFO 1 --- [customers-service] [           main] [                                                 ] o.s.c.c.c.ConfigServerConfigDataLoader   : Located environment: name=customers-service, profiles=[default], label=null, version=323993ce2519c6d02df63e08bf4458d123d3b611, state=
customers-service-1  | 2026-09-23T08:24:23.532677186Z 2026-09-23T08:24:23.532Z  INFO 1 --- [customers-service] [           main] [                                                 ] o.s.c.c.c.ConfigServerConfigDataLoader   : Fetching config from server at : http://localhost:8888/
customers-service-1  | 2026-09-23T08:24:23.533003493Z 2026-09-23T08:24:23.532Z  INFO 1 --- [customers-service] [           main] [                                                 ] o.s.c.c.c.ConfigServerConfigDataLoader   : Exception on Url - http://localhost:8888/:org.springframework.web.client.ResourceAccessException: I/O error on GET request for "http://localhost:8888/customers-service/docker": Connection refused. Will be trying the next url if available
customers-service-1  | 2026-09-23T08:24:23.533253882Z 2026-09-23T08:24:23.532Z  WARN 1 --- [customers-service] [           main] [                                                 ] o.s.c.c.c.ConfigServerConfigDataLoader   : Could not locate PropertySource ([ConfigServerConfigDataResource@6e4ea0bd uris = array<String>['http://localhost:8888/'], optional = true, profiles = 'docker']): I/O error on GET request for "http://localhost:8888/customers-service/docker": Connection refused
customers-service-1  | 2026-09-23T08:24:23.533624256Z 2026-09-23T08:24:23.533Z  INFO 1 --- [customers-service] [           main] [                                                 ] o.s.c.c.c.ConfigServerConfigDataLoader   : Fetching config from server at : http://localhost:8888/
customers-service-1  | 2026-09-23T08:24:23.534014678Z 2026-09-23T08:24:23.533Z  INFO 1 --- [customers-service] [           main] [                                                 ] o.s.c.c.c.ConfigServerConfigDataLoader   : Exception on Url - http://localhost:8888/:org.springframework.web.client.ResourceAccessException: I/O error on GET request for "http://localhost:8888/customers-service/default": Connection refused. Will be trying the next url if available
customers-service-1  | 2026-09-23T08:24:23.534491609Z 2026-09-23T08:24:23.533Z  WARN 1 --- [customers-service] [           main] [                                                 ] o.s.c.c.c.ConfigServerConfigDataLoader   : Could not locate PropertySource ([ConfigServerConfigDataResource@56f2bbea uris = array<String>['http://localhost:8888/'], optional = true, profiles = 'default']): I/O error on GET request for "http://localhost:8888/customers-service/default": Connection refused
customers-service-1  | 2026-09-23T08:24:25.418243897Z 2026-09-23T08:24:25.417Z  INFO 1 --- [customers-service] [           main] [                                                 ] .s.d.r.c.RepositoryConfigurationDelegate : Bootstrapping Spring Data JPA repositories in DEFAULT mode.
customers-service-1  | 2026-09-23T08:24:25.644755565Z 2026-09-23T08:24:25.643Z  INFO 1 --- [customers-service] [           main] [                                                 ] .s.d.r.c.RepositoryConfigurationDelegate : Finished Spring Data repository scanning in 208 ms. Found 2 JPA repository interfaces.
customers-service-1  | 2026-09-23T08:24:26.594428316Z 2026-09-23T08:24:26.592Z  INFO 1 --- [customers-service] [           main] [                                                 ] o.s.cloud.context.scope.GenericScope     : BeanFactory id=915a3209-3627-306d-96ad-ee3ecfe559f4
customers-service-1  | 2026-09-23T08:24:27.910818241Z 2026-09-23T08:24:27.905Z  INFO 1 --- [customers-service] [           main] [                                                 ] o.s.boot.tomcat.TomcatWebServer          : Tomcat initialized with port 8081 (http)
customers-service-1  | 2026-09-23T08:24:27.977701491Z 2026-09-23T08:24:27.975Z  INFO 1 --- [customers-service] [           main] [                                                 ] o.apache.catalina.core.StandardService   : Starting service [Tomcat]
customers-service-1  | 2026-09-23T08:24:27.980262362Z 2026-09-23T08:24:27.978Z  INFO 1 --- [customers-service] [           main] [                                                 ] o.apache.catalina.core.StandardEngine    : Starting Servlet engine: [Apache Tomcat/11.0.15]
customers-service-1  | 2026-09-23T08:24:28.101064311Z 2026-09-23T08:24:28.099Z  INFO 1 --- [customers-service] [           main] [                                                 ] b.w.c.s.WebApplicationContextInitializer : Root WebApplicationContext: initialization completed in 4563 ms
customers-service-1  | 2026-09-23T08:24:29.313097943Z 2026-09-23T08:24:29.310Z  INFO 1 --- [customers-service] [           main] [                                                 ] com.zaxxer.hikari.HikariDataSource       : HikariPool-1 - Starting...
customers-service-1  | 2026-09-23T08:24:29.678086257Z 2026-09-23T08:24:29.677Z  INFO 1 --- [customers-service] [           main] [                                                 ] com.zaxxer.hikari.pool.PoolBase          : HikariPool-1 - Driver does not support get/set network timeout for connections. (feature not supported)
customers-service-1  | 2026-09-23T08:24:29.681392893Z 2026-09-23T08:24:29.680Z  INFO 1 --- [customers-service] [           main] [                                                 ] com.zaxxer.hikari.pool.HikariPool        : HikariPool-1 - Added connection org.hsqldb.jdbc.JDBCConnection@7ffe8a82
customers-service-1  | 2026-09-23T08:24:29.684013660Z 2026-09-23T08:24:29.683Z  INFO 1 --- [customers-service] [           main] [                                                 ] com.zaxxer.hikari.HikariDataSource       : HikariPool-1 - Start completed.
customers-service-1  | 2026-09-23T08:24:30.016430558Z 2026-09-23T08:24:30.015Z  INFO 1 --- [customers-service] [           main] [                                                 ] org.hibernate.orm.jpa                    : HHH008540: Processing PersistenceUnitInfo [name: default]
customers-service-1  | 2026-09-23T08:24:30.104041523Z 2026-09-23T08:24:30.103Z  INFO 1 --- [customers-service] [           main] [                                                 ] org.hibernate.orm.core                   : HHH000001: Hibernate ORM core version 7.2.0.Final
customers-service-1  | 2026-09-23T08:24:30.646002227Z 2026-09-23T08:24:30.645Z  INFO 1 --- [customers-service] [           main] [                                                 ] o.s.o.j.p.SpringPersistenceUnitInfo      : No LoadTimeWeaver setup: ignoring JPA class transformer
customers-service-1  | 2026-09-23T08:24:30.750160623Z 2026-09-23T08:24:30.749Z  INFO 1 --- [customers-service] [           main] [                                                 ] org.hibernate.orm.connections.pooling    : HHH10001005: Database info:
customers-service-1  | 2026-09-23T08:24:30.750189138Z 	Database JDBC URL [jdbc:hsqldb:mem:15807ce9-968a-4fe8-8027-7bca631cdf83]
customers-service-1  | 2026-09-23T08:24:30.750194439Z 	Database driver: HSQL Database Engine Driver
customers-service-1  | 2026-09-23T08:24:30.750198707Z 	Database dialect: HSQLDialect
customers-service-1  | 2026-09-23T08:24:30.750202564Z 	Database version: 2.7.3
customers-service-1  | 2026-09-23T08:24:30.750206793Z 	Default catalog/schema: PUBLIC/PUBLIC
customers-service-1  | 2026-09-23T08:24:30.750210951Z 	Autocommit mode: undefined/unknown
customers-service-1  | 2026-09-23T08:24:30.750214598Z 	Isolation level: READ_COMMITTED [default READ_COMMITTED]
customers-service-1  | 2026-09-23T08:24:30.750233184Z 	JDBC fetch size: none
customers-service-1  | 2026-09-23T08:24:30.750236972Z 	Pool: DataSourceConnectionProvider
customers-service-1  | 2026-09-23T08:24:30.750240539Z 	Minimum pool size: undefined/unknown
customers-service-1  | 2026-09-23T08:24:30.750243885Z 	Maximum pool size: undefined/unknown
customers-service-1  | 2026-09-23T08:24:30.968142219Z 2026-09-23T08:24:30.967Z  WARN 1 --- [customers-service] [           main] [                                                 ] org.hibernate.orm.deprecation            : HHH90000033: Encountered use of deprecated annotation [interface jakarta.persistence.Temporal] at org.springframework.samples.petclinic.customers.model.Pet.birthDate.
customers-service-1  | 2026-09-23T08:24:32.331271916Z 2026-09-23T08:24:32.330Z  INFO 1 --- [customers-service] [           main] [                                                 ] org.hibernate.orm.core                   : HHH000489: No JTA platform available (set 'hibernate.transaction.jta.platform' to enable JTA platform integration)
customers-service-1  | 2026-09-23T08:24:32.346138179Z 2026-09-23T08:24:32.345Z  INFO 1 --- [customers-service] [           main] [                                                 ] j.LocalContainerEntityManagerFactoryBean : Initialized JPA EntityManagerFactory for persistence unit 'default'
customers-service-1  | 2026-09-23T08:24:32.555317586Z 2026-09-23T08:24:32.545Z  INFO 1 --- [customers-service] [           main] [                                                 ] o.s.d.j.r.query.QueryEnhancerFactories   : Hibernate is in classpath; If applicable, HQL parser will be used.
customers-service-1  | 2026-09-23T08:24:34.846286026Z 2026-09-23T08:24:34.845Z  WARN 1 --- [customers-service] [/api/v2/spans}}] [                                                 ] z.r.i.AsyncReporter$BoundedAsyncReporter : Spans were dropped due to exceptions. All subsequent errors will be logged at FINE level.
customers-service-1  | 2026-09-23T08:24:34.851854731Z 2026-09-23T08:24:34.846Z  WARN 1 --- [customers-service] [/api/v2/spans}}] [                                                 ] z.r.i.AsyncReporter$BoundedAsyncReporter : Dropped 45 spans due to ConnectException()
customers-service-1  | 2026-09-23T08:24:34.851927794Z 
customers-service-1  | 2026-09-23T08:24:34.851936541Z java.net.ConnectException
customers-service-1  | 2026-09-23T08:24:34.851943034Z 	at java.net.http/jdk.internal.net.http.HttpClientImpl.send(HttpClientImpl.java:900)
customers-service-1  | 2026-09-23T08:24:34.851950037Z 	at java.net.http/jdk.internal.net.http.HttpClientFacade.send(HttpClientFacade.java:133)
customers-service-1  | 2026-09-23T08:24:34.851961470Z 	at org.springframework.boot.zipkin.autoconfigure.ZipkinHttpClientSender.postSpans(ZipkinHttpClientSender.java:59)
customers-service-1  | 2026-09-23T08:24:34.851967562Z 	at org.springframework.boot.zipkin.autoconfigure.HttpSender.postSpans(HttpSender.java:69)
customers-service-1  | 2026-09-23T08:24:34.851973433Z 	at org.springframework.boot.zipkin.autoconfigure.HttpSender.postSpans(HttpSender.java:41)
customers-service-1  | 2026-09-23T08:24:34.851979625Z 	at zipkin2.reporter.BaseHttpSender.send(BaseHttpSender.java:123)
customers-service-1  | 2026-09-23T08:24:34.851985467Z 	at zipkin2.reporter.internal.AsyncReporter$BoundedAsyncReporter.flush(AsyncReporter.java:266)
customers-service-1  | 2026-09-23T08:24:34.851991358Z 	at zipkin2.reporter.internal.AsyncReporter$Flusher.run(AsyncReporter.java:352)
customers-service-1  | 2026-09-23T08:24:34.851996989Z 	at java.base/java.lang.Thread.run(Thread.java:840)
customers-service-1  | 2026-09-23T08:24:34.852027669Z Caused by: java.net.ConnectException
customers-service-1  | 2026-09-23T08:24:34.852031487Z 	at java.net.http/jdk.internal.net.http.common.Utils.toConnectException(Utils.java:1107)
customers-service-1  | 2026-09-23T08:24:34.852035224Z 	at java.net.http/jdk.internal.net.http.PlainHttpConnection.connectAsync(PlainHttpConnection.java:203)
customers-service-1  | 2026-09-23T08:24:34.852038991Z 	at java.net.http/jdk.internal.net.http.Http1Exchange.sendHeadersAsync(Http1Exchange.java:308)
customers-service-1  | 2026-09-23T08:24:34.852042568Z 	at java.net.http/jdk.internal.net.http.Exchange.lambda$responseAsyncImpl0$8(Exchange.java:564)
customers-service-1  | 2026-09-23T08:24:34.852046195Z 	at java.net.http/jdk.internal.net.http.Exchange.checkFor407(Exchange.java:435)
customers-service-1  | 2026-09-23T08:24:34.852049872Z 	at java.net.http/jdk.internal.net.http.Exchange.lambda$responseAsyncImpl0$9(Exchange.java:568)
customers-service-1  | 2026-09-23T08:24:34.852053600Z 	at java.base/java.util.concurrent.CompletableFuture.uniHandle(CompletableFuture.java:934)
customers-service-1  | 2026-09-23T08:24:34.852057407Z 	at java.base/java.util.concurrent.CompletableFuture.uniHandleStage(CompletableFuture.java:950)
customers-service-1  | 2026-09-23T08:24:34.852060964Z 	at java.base/java.util.concurrent.CompletableFuture.handle(CompletableFuture.java:2340)
customers-service-1  | 2026-09-23T08:24:34.852064541Z 	at java.net.http/jdk.internal.net.http.Exchange.responseAsyncImpl0(Exchange.java:568)
customers-service-1  | 2026-09-23T08:24:34.852070503Z 	at java.net.http/jdk.internal.net.http.Exchange.responseAsyncImpl(Exchange.java:411)
customers-service-1  | 2026-09-23T08:24:34.852074190Z 	at java.net.http/jdk.internal.net.http.Exchange.responseAsync(Exchange.java:403)
customers-service-1  | 2026-09-23T08:24:34.852077777Z 	at java.net.http/jdk.internal.net.http.MultiExchange.responseAsyncImpl(MultiExchange.java:430)
customers-service-1  | 2026-09-23T08:24:34.852081434Z 	at java.net.http/jdk.internal.net.http.MultiExchange.lambda$responseAsyncImpl$7(MultiExchange.java:471)
customers-service-1  | 2026-09-23T08:24:34.852085051Z 	at java.base/java.util.concurrent.CompletableFuture.uniHandle(CompletableFuture.java:934)
customers-service-1  | 2026-09-23T08:24:34.852088548Z 	at java.base/java.util.concurrent.CompletableFuture.uniHandleStage(CompletableFuture.java:950)
customers-service-1  | 2026-09-23T08:24:34.852092175Z 	at java.base/java.util.concurrent.CompletableFuture.handle(CompletableFuture.java:2340)
customers-service-1  | 2026-09-23T08:24:34.852095822Z 	at java.net.http/jdk.internal.net.http.MultiExchange.responseAsyncImpl(MultiExchange.java:461)
customers-service-1  | 2026-09-23T08:24:34.852099379Z 	at java.net.http/jdk.internal.net.http.MultiExchange.lambda$responseAsync0$2(MultiExchange.java:350)
customers-service-1  | 2026-09-23T08:24:34.852103106Z 	at java.base/java.util.concurrent.CompletableFuture$UniCompose.tryFire(CompletableFuture.java:1150)
customers-service-1  | 2026-09-23T08:24:34.852106693Z 	at java.base/java.util.concurrent.CompletableFuture.postComplete(CompletableFuture.java:510)
customers-service-1  | 2026-09-23T08:24:34.852110210Z 	at java.base/java.util.concurrent.CompletableFuture$AsyncSupply.run(CompletableFuture.java:1773)
customers-service-1  | 2026-09-23T08:24:34.852113857Z 	at java.net.http/jdk.internal.net.http.HttpClientImpl$DelegatingExecutor.execute(HttpClientImpl.java:174)
customers-service-1  | 2026-09-23T08:24:34.852117625Z 	at java.base/java.util.concurrent.CompletableFuture.completeAsync(CompletableFuture.java:2673)
customers-service-1  | 2026-09-23T08:24:34.852156390Z 	at java.net.http/jdk.internal.net.http.MultiExchange.responseAsync(MultiExchange.java:303)
customers-service-1  | 2026-09-23T08:24:34.852161120Z 	at java.net.http/jdk.internal.net.http.HttpClientImpl.sendAsync(HttpClientImpl.java:991)
customers-service-1  | 2026-09-23T08:24:34.852164737Z 	at java.net.http/jdk.internal.net.http.HttpClientImpl.send(HttpClientImpl.java:878)
customers-service-1  | 2026-09-23T08:24:34.852168304Z 	... 8 common frames omitted
customers-service-1  | 2026-09-23T08:24:34.852171841Z Caused by: java.nio.channels.UnresolvedAddressException
customers-service-1  | 2026-09-23T08:24:34.852175317Z 	at java.base/sun.nio.ch.Net.checkAddress(Net.java:159)
customers-service-1  | 2026-09-23T08:24:34.852178954Z 	at java.base/sun.nio.ch.Net.checkAddress(Net.java:167)
customers-service-1  | 2026-09-23T08:24:34.852182612Z 	at java.base/sun.nio.ch.SocketChannelImpl.checkRemote(SocketChannelImpl.java:816)
customers-service-1  | 2026-09-23T08:24:34.852186209Z 	at java.base/sun.nio.ch.SocketChannelImpl.connect(SocketChannelImpl.java:839)
customers-service-1  | 2026-09-23T08:24:34.852189776Z 	at java.net.http/jdk.internal.net.http.PlainHttpConnection.lambda$connectAsync$0(PlainHttpConnection.java:187)
customers-service-1  | 2026-09-23T08:24:34.852194164Z 	at java.base/java.security.AccessController.doPrivileged(AccessController.java:569)
customers-service-1  | 2026-09-23T08:24:34.852197751Z 	at java.net.http/jdk.internal.net.http.PlainHttpConnection.connectAsync(PlainHttpConnection.java:189)
customers-service-1  | 2026-09-23T08:24:34.852201388Z 	... 33 common frames omitted
customers-service-1  | 2026-09-23T08:24:34.852204835Z 
customers-service-1  | 2026-09-23T08:24:35.587339464Z 2026-09-23T08:24:35.586Z  INFO 1 --- [customers-service] [           main] [                                                 ] DiscoveryClientOptionalArgsConfiguration : Eureka HTTP Client uses RestClient.
customers-service-1  | 2026-09-23T08:24:35.673383740Z 2026-09-23T08:24:35.672Z  WARN 1 --- [customers-service] [           main] [                                                 ] iguration$LoadBalancerCaffeineWarnLogger : Spring Cloud LoadBalancer is currently working with the default cache. While this cache implementation is useful for development and tests, it's recommended to use Caffeine cache in production.You can switch to using Caffeine cache, by adding it and org.springframework.cache.caffeine.CaffeineCacheManager to the classpath.
customers-service-1  | 2026-09-23T08:24:35.684176799Z 2026-09-23T08:24:35.682Z  INFO 1 --- [customers-service] [           main] [                                                 ] o.s.b.a.e.web.EndpointLinksResolver      : Exposing 17 endpoints beneath base path '/actuator'
customers-service-1  | 2026-09-23T08:24:35.815097583Z 2026-09-23T08:24:35.814Z  INFO 1 --- [customers-service] [           main] [                                                 ] o.s.c.n.eureka.InstanceInfoFactory       : Setting initial instance status as: STARTING
customers-service-1  | 2026-09-23T08:24:35.850133183Z 2026-09-23T08:24:35.849Z  INFO 1 --- [customers-service] [           main] [                                                 ] com.netflix.discovery.DiscoveryClient    : Initializing Eureka in region us-east-1
customers-service-1  | 2026-09-23T08:24:35.855250594Z 2026-09-23T08:24:35.854Z  INFO 1 --- [customers-service] [           main] [                                                 ] c.n.d.s.r.aws.ConfigClusterResolver      : Resolving eureka endpoints via configuration
customers-service-1  | 2026-09-23T08:24:35.868455682Z 2026-09-23T08:24:35.867Z  INFO 1 --- [customers-service] [           main] [                                                 ] com.netflix.discovery.DiscoveryClient    : Disable delta property : false
customers-service-1  | 2026-09-23T08:24:35.868827800Z 2026-09-23T08:24:35.868Z  INFO 1 --- [customers-service] [           main] [                                                 ] com.netflix.discovery.DiscoveryClient    : Single vip registry refresh property : null
customers-service-1  | 2026-09-23T08:24:35.869092092Z 2026-09-23T08:24:35.868Z  INFO 1 --- [customers-service] [           main] [                                                 ] com.netflix.discovery.DiscoveryClient    : Force full registry fetch : false
customers-service-1  | 2026-09-23T08:24:35.869247566Z 2026-09-23T08:24:35.869Z  INFO 1 --- [customers-service] [           main] [                                                 ] com.netflix.discovery.DiscoveryClient    : Application is null : false
customers-service-1  | 2026-09-23T08:24:35.869507736Z 2026-09-23T08:24:35.869Z  INFO 1 --- [customers-service] [           main] [                                                 ] com.netflix.discovery.DiscoveryClient    : Registered Applications size is zero : true
customers-service-1  | 2026-09-23T08:24:35.869594656Z 2026-09-23T08:24:35.869Z  INFO 1 --- [customers-service] [           main] [                                                 ] com.netflix.discovery.DiscoveryClient    : Application version is -1: true
customers-service-1  | 2026-09-23T08:24:35.869791703Z 2026-09-23T08:24:35.869Z  INFO 1 --- [customers-service] [           main] [                                                 ] com.netflix.discovery.DiscoveryClient    : Getting all instance registry info from the eureka server
customers-service-1  | 2026-09-23T08:24:36.194986735Z 2026-09-23T08:24:36.194Z  INFO 1 --- [customers-service] [           main] [                                                 ] com.netflix.discovery.DiscoveryClient    : The response status is 200
customers-service-1  | 2026-09-23T08:24:36.197025825Z 2026-09-23T08:24:36.196Z  INFO 1 --- [customers-service] [           main] [                                                 ] com.netflix.discovery.DiscoveryClient    : Starting heartbeat executor: renew interval is: 30
customers-service-1  | 2026-09-23T08:24:36.200973001Z 2026-09-23T08:24:36.200Z  INFO 1 --- [customers-service] [           main] [                                                 ] c.n.discovery.InstanceInfoReplicator     : InstanceInfoReplicator onDemand update allowed rate per min is 4
customers-service-1  | 2026-09-23T08:24:36.203900125Z 2026-09-23T08:24:36.203Z  INFO 1 --- [customers-service] [           main] [                                                 ] com.netflix.discovery.DiscoveryClient    : Discovery Client initialized at timestamp 1790151876202 with initial instances count: 0
customers-service-1  | 2026-09-23T08:24:36.212010812Z 2026-09-23T08:24:36.211Z  INFO 1 --- [customers-service] [           main] [                                                 ] o.s.c.n.e.s.EurekaServiceRegistry        : Registering application CUSTOMERS-SERVICE with eureka with status UP
customers-service-1  | 2026-09-23T08:24:36.213399499Z 2026-09-23T08:24:36.212Z  INFO 1 --- [customers-service] [           main] [                                                 ] com.netflix.discovery.DiscoveryClient    : Saw local status change event StatusChangeEvent [timestamp=1790151876212, current=UP, previous=STARTING]
customers-service-1  | 2026-09-23T08:24:36.216280940Z 2026-09-23T08:24:36.215Z  INFO 1 --- [customers-service] [foReplicator-%d] [                                                 ] com.netflix.discovery.DiscoveryClient    : DiscoveryClient_CUSTOMERS-SERVICE/0b77757afeeb:customers-service:8081: registering service...
customers-service-1  | 2026-09-23T08:24:36.235952073Z 2026-09-23T08:24:36.235Z  INFO 1 --- [customers-service] [           main] [                                                 ] o.s.boot.tomcat.TomcatWebServer          : Tomcat started on port 8081 (http) with context path '/'
customers-service-1  | 2026-09-23T08:24:36.237502811Z 2026-09-23T08:24:36.237Z  INFO 1 --- [customers-service] [           main] [                                                 ] .s.c.n.e.s.EurekaAutoServiceRegistration : Updating port to 8081
customers-service-1  | 2026-09-23T08:24:36.253642050Z 2026-09-23T08:24:36.253Z  INFO 1 --- [customers-service] [           main] [                                                 ] o.s.s.p.c.CustomersServiceApplication    : Started CustomersServiceApplication in 18.345 seconds (process running for 19.208)
customers-service-1  | 2026-09-23T08:24:36.269149895Z 2026-09-23T08:24:36.268Z  INFO 1 --- [customers-service] [foReplicator-%d] [                                                 ] com.netflix.discovery.DiscoveryClient    : DiscoveryClient_CUSTOMERS-SERVICE/0b77757afeeb:customers-service:8081 - registration status: 204
customers-service-1  | 2026-09-23T08:24:38.687575930Z 2026-09-23T08:24:38.687Z  INFO 1 --- [customers-service] [nio-8081-exec-1] [                                                 ] o.a.c.c.C.[Tomcat].[localhost].[/]       : Initializing Spring DispatcherServlet 'dispatcherServlet'
customers-service-1  | 2026-09-23T08:24:38.691675567Z 2026-09-23T08:24:38.687Z  INFO 1 --- [customers-service] [nio-8081-exec-1] [                                                 ] o.s.web.servlet.DispatcherServlet        : Initializing Servlet 'dispatcherServlet'
customers-service-1  | 2026-09-23T08:24:38.695398811Z 2026-09-23T08:24:38.694Z  INFO 1 --- [customers-service] [nio-8081-exec-1] [                                                 ] o.s.web.servlet.DispatcherServlet        : Completed initialization in 3 ms
customers-service-1  | 2026-09-23T08:25:06.196425906Z 2026-09-23T08:25:06.195Z  INFO 1 --- [customers-service] [reshExecutor-%d] [                                                 ] com.netflix.discovery.DiscoveryClient    : Disable delta property : false
customers-service-1  | 2026-09-23T08:25:06.196863138Z 2026-09-23T08:25:06.196Z  INFO 1 --- [customers-service] [reshExecutor-%d] [                                                 ] com.netflix.discovery.DiscoveryClient    : Single vip registry refresh property : null
customers-service-1  | 2026-09-23T08:25:06.197136475Z 2026-09-23T08:25:06.196Z  INFO 1 --- [customers-service] [reshExecutor-%d] [                                                 ] com.netflix.discovery.DiscoveryClient    : Force full registry fetch : false
customers-service-1  | 2026-09-23T08:25:06.197295012Z 2026-09-23T08:25:06.197Z  INFO 1 --- [customers-service] [reshExecutor-%d] [                                                 ] com.netflix.discovery.DiscoveryClient    : Application is null : false
customers-service-1  | 2026-09-23T08:25:06.197444366Z 2026-09-23T08:25:06.197Z  INFO 1 --- [customers-service] [reshExecutor-%d] [                                                 ] com.netflix.discovery.DiscoveryClient    : Registered Applications size is zero : true
customers-service-1  | 2026-09-23T08:25:06.197562256Z 2026-09-23T08:25:06.197Z  INFO 1 --- [customers-service] [reshExecutor-%d] [                                                 ] com.netflix.discovery.DiscoveryClient    : Application version is -1: false
customers-service-1  | 2026-09-23T08:25:06.197807796Z 2026-09-23T08:25:06.197Z  INFO 1 --- [customers-service] [reshExecutor-%d] [                                                 ] com.netflix.discovery.DiscoveryClient    : Getting all instance registry info from the eureka server
customers-service-1  | 2026-09-23T08:25:06.218965946Z 2026-09-23T08:25:06.218Z  INFO 1 --- [customers-service] [reshExecutor-%d] [                                                 ] com.netflix.discovery.DiscoveryClient    : The response status is 200
