config-server-1  | 2026-09-23T08:23:53.952547319Z 
config-server-1  | 2026-09-23T08:23:53.952663687Z   .   ____          _            __ _ _
config-server-1  | 2026-09-23T08:23:53.952671632Z  /\\ / ___'_ __ _ _(_)_ __  __ _ \ \ \ \
config-server-1  | 2026-09-23T08:23:53.952676692Z ( ( )\___ | '_ | '_| | '_ \/ _` | \ \ \ \
config-server-1  | 2026-09-23T08:23:53.952680580Z  \\/  ___)| |_)| | | | | || (_| |  ) ) ) )
config-server-1  | 2026-09-23T08:23:53.952684437Z   '  |____| .__|_| |_|_| |_\__, | / / / /
config-server-1  | 2026-09-23T08:23:53.952688665Z  =========|_|==============|___/=/_/_/_/
config-server-1  | 2026-09-23T08:23:53.952692563Z 
config-server-1  | 2026-09-23T08:23:53.952990588Z  :: Spring Boot ::                (v4.0.1)
config-server-1  | 2026-09-23T08:23:53.953001098Z 
config-server-1  | 2026-09-23T08:23:54.037053716Z 2026-09-23T08:23:54.033Z  INFO 1 --- [           main] o.s.s.p.config.ConfigServerApplication   : Starting ConfigServerApplication v4.0.1 using Java 17.0.20 with PID 1 (/application/BOOT-INF/classes started by root in /application)
config-server-1  | 2026-09-23T08:23:54.039578905Z 2026-09-23T08:23:54.038Z  INFO 1 --- [           main] o.s.s.p.config.ConfigServerApplication   : The following 1 profile is active: "docker"
config-server-1  | 2026-09-23T08:23:55.097029987Z 2026-09-23T08:23:55.096Z  INFO 1 --- [           main] o.s.cloud.context.scope.GenericScope     : BeanFactory id=6d1c9e9d-ef40-32be-9e63-ab5fef88f9b6
config-server-1  | 2026-09-23T08:23:55.437761701Z 2026-09-23T08:23:55.437Z  INFO 1 --- [           main] o.s.boot.tomcat.TomcatWebServer          : Tomcat initialized with port 8888 (http)
config-server-1  | 2026-09-23T08:23:55.452168294Z 2026-09-23T08:23:55.451Z  INFO 1 --- [           main] o.apache.catalina.core.StandardService   : Starting service [Tomcat]
config-server-1  | 2026-09-23T08:23:55.452280222Z 2026-09-23T08:23:55.452Z  INFO 1 --- [           main] o.apache.catalina.core.StandardEngine    : Starting Servlet engine: [Apache Tomcat/11.0.15]
config-server-1  | 2026-09-23T08:23:55.504258839Z 2026-09-23T08:23:55.503Z  INFO 1 --- [           main] b.w.c.s.WebApplicationContextInitializer : Root WebApplicationContext: initialization completed in 1394 ms
config-server-1  | 2026-09-23T08:23:55.674540452Z 2026-09-23T08:23:55.674Z  INFO 1 --- [           main] o.s.b.w.a.WelcomePageHandlerMapping      : Adding welcome page: class path resource [static/index.html]
config-server-1  | 2026-09-23T08:23:56.559761714Z 2026-09-23T08:23:56.559Z  INFO 1 --- [           main] o.s.boot.tomcat.TomcatWebServer          : Tomcat started on port 8888 (http) with context path '/'
config-server-1  | 2026-09-23T08:23:56.580592150Z 2026-09-23T08:23:56.580Z  INFO 1 --- [           main] o.s.s.p.config.ConfigServerApplication   : Started ConfigServerApplication in 3.209 seconds (process running for 4.006)
config-server-1  | 2026-09-23T08:23:59.033048069Z 2026-09-23T08:23:59.032Z  INFO 1 --- [nio-8888-exec-1] o.a.c.c.C.[Tomcat].[localhost].[/]       : Initializing Spring DispatcherServlet 'dispatcherServlet'
config-server-1  | 2026-09-23T08:23:59.033116783Z 2026-09-23T08:23:59.032Z  INFO 1 --- [nio-8888-exec-1] o.s.web.servlet.DispatcherServlet        : Initializing Servlet 'dispatcherServlet'
config-server-1  | 2026-09-23T08:23:59.035160737Z 2026-09-23T08:23:59.034Z  INFO 1 --- [nio-8888-exec-1] o.s.web.servlet.DispatcherServlet        : Completed initialization in 1 ms
config-server-1  | 2026-09-23T08:24:05.620528685Z 2026-09-23T08:24:05.619Z  INFO 1 --- [nio-8888-exec-1] o.s.c.c.s.e.NativeEnvironmentRepository  : Adding property source: Config resource 'file [/tmp/config-repo-3903044372004057987/api-gateway.yml]' via location 'file:/tmp/config-repo-3903044372004057987/' (document #1)
config-server-1  | 2026-09-23T08:24:05.620715119Z 2026-09-23T08:24:05.620Z  INFO 1 --- [nio-8888-exec-1] o.s.c.c.s.e.NativeEnvironmentRepository  : Adding property source: Config resource 'file [/tmp/config-repo-3903044372004057987/api-gateway.yml]' via location 'file:/tmp/config-repo-3903044372004057987/' (document #0)
config-server-1  | 2026-09-23T08:24:05.620909698Z 2026-09-23T08:24:05.620Z  INFO 1 --- [nio-8888-exec-1] o.s.c.c.s.e.NativeEnvironmentRepository  : Adding property source: Config resource 'file [/tmp/config-repo-3903044372004057987/application.yml]' via location 'file:/tmp/config-repo-3903044372004057987/' (document #2)
config-server-1  | 2026-09-23T08:24:05.621079991Z 2026-09-23T08:24:05.620Z  INFO 1 --- [nio-8888-exec-1] o.s.c.c.s.e.NativeEnvironmentRepository  : Adding property source: Config resource 'file [/tmp/config-repo-3903044372004057987/application.yml]' via location 'file:/tmp/config-repo-3903044372004057987/' (document #0)
config-server-1  | 2026-09-23T08:24:09.704968160Z 2026-09-23T08:24:09.704Z  INFO 1 --- [nio-8888-exec-3] o.s.c.c.s.e.NativeEnvironmentRepository  : Adding property source: Config resource 'file [/tmp/config-repo-3903044372004057987/discovery-server.yml]' via location 'file:/tmp/config-repo-3903044372004057987/'
config-server-1  | 2026-09-23T08:24:09.705009802Z 2026-09-23T08:24:09.704Z  INFO 1 --- [nio-8888-exec-3] o.s.c.c.s.e.NativeEnvironmentRepository  : Adding property source: Config resource 'file [/tmp/config-repo-3903044372004057987/application.yml]' via location 'file:/tmp/config-repo-3903044372004057987/' (document #2)
config-server-1  | 2026-09-23T08:24:09.705187122Z 2026-09-23T08:24:09.704Z  INFO 1 --- [nio-8888-exec-3] o.s.c.c.s.e.NativeEnvironmentRepository  : Adding property source: Config resource 'file [/tmp/config-repo-3903044372004057987/application.yml]' via location 'file:/tmp/config-repo-3903044372004057987/' (document #0)
config-server-1  | 2026-09-23T08:24:10.799633009Z 2026-09-23T08:24:10.799Z  INFO 1 --- [nio-8888-exec-4] o.s.c.c.s.e.NativeEnvironmentRepository  : Adding property source: Config resource 'file [/tmp/config-repo-3903044372004057987/discovery-server.yml]' via location 'file:/tmp/config-repo-3903044372004057987/'
config-server-1  | 2026-09-23T08:24:10.799810974Z 2026-09-23T08:24:10.799Z  INFO 1 --- [nio-8888-exec-4] o.s.c.c.s.e.NativeEnvironmentRepository  : Adding property source: Config resource 'file [/tmp/config-repo-3903044372004057987/application.yml]' via location 'file:/tmp/config-repo-3903044372004057987/' (document #0)
config-server-1  | 2026-09-23T08:24:19.841008312Z 2026-09-23T08:24:19.840Z  INFO 1 --- [nio-8888-exec-5] o.s.c.c.s.e.NativeEnvironmentRepository  : Adding property source: Config resource 'file [/tmp/config-repo-3903044372004057987/visits-service.yml]' via location 'file:/tmp/config-repo-3903044372004057987/' (document #1)
config-server-1  | 2026-09-23T08:24:19.841061606Z 2026-09-23T08:24:19.840Z  INFO 1 --- [nio-8888-exec-5] o.s.c.c.s.e.NativeEnvironmentRepository  : Adding property source: Config resource 'file [/tmp/config-repo-3903044372004057987/application.yml]' via location 'file:/tmp/config-repo-3903044372004057987/' (document #2)
config-server-1  | 2026-09-23T08:24:19.841233081Z 2026-09-23T08:24:19.840Z  INFO 1 --- [nio-8888-exec-5] o.s.c.c.s.e.NativeEnvironmentRepository  : Adding property source: Config resource 'file [/tmp/config-repo-3903044372004057987/application.yml]' via location 'file:/tmp/config-repo-3903044372004057987/' (document #0)
config-server-1  | 2026-09-23T08:24:21.063677548Z 2026-09-23T08:24:21.063Z  INFO 1 --- [nio-8888-exec-6] o.s.c.c.s.e.NativeEnvironmentRepository  : Adding property source: Config resource 'file [/tmp/config-repo-3903044372004057987/customers-service.yml]' via location 'file:/tmp/config-repo-3903044372004057987/' (document #1)
config-server-1  | 2026-09-23T08:24:21.064414756Z 2026-09-23T08:24:21.063Z  INFO 1 --- [nio-8888-exec-6] o.s.c.c.s.e.NativeEnvironmentRepository  : Adding property source: Config resource 'file [/tmp/config-repo-3903044372004057987/application.yml]' via location 'file:/tmp/config-repo-3903044372004057987/' (document #2)
config-server-1  | 2026-09-23T08:24:21.064433252Z 2026-09-23T08:24:21.063Z  INFO 1 --- [nio-8888-exec-6] o.s.c.c.s.e.NativeEnvironmentRepository  : Adding property source: Config resource 'file [/tmp/config-repo-3903044372004057987/application.yml]' via location 'file:/tmp/config-repo-3903044372004057987/' (document #0)
config-server-1  | 2026-09-23T08:24:22.009504638Z 2026-09-23T08:24:22.009Z  INFO 1 --- [nio-8888-exec-7] o.s.c.c.s.e.NativeEnvironmentRepository  : Adding property source: Config resource 'file [/tmp/config-repo-3903044372004057987/visits-service.yml]' via location 'file:/tmp/config-repo-3903044372004057987/' (document #0)
config-server-1  | 2026-09-23T08:24:22.009540418Z 2026-09-23T08:24:22.009Z  INFO 1 --- [nio-8888-exec-7] o.s.c.c.s.e.NativeEnvironmentRepository  : Adding property source: Config resource 'file [/tmp/config-repo-3903044372004057987/application.yml]' via location 'file:/tmp/config-repo-3903044372004057987/' (document #0)
config-server-1  | 2026-09-23T08:24:22.996872435Z 2026-09-23T08:24:22.996Z  INFO 1 --- [nio-8888-exec-8] o.s.c.c.s.e.NativeEnvironmentRepository  : Adding property source: Config resource 'file [/tmp/config-repo-3903044372004057987/customers-service.yml]' via location 'file:/tmp/config-repo-3903044372004057987/' (document #0)
config-server-1  | 2026-09-23T08:24:22.997313495Z 2026-09-23T08:24:22.996Z  INFO 1 --- [nio-8888-exec-8] o.s.c.c.s.e.NativeEnvironmentRepository  : Adding property source: Config resource 'file [/tmp/config-repo-3903044372004057987/application.yml]' via location 'file:/tmp/config-repo-3903044372004057987/' (document #0)
config-server-1  | 2026-09-23T08:24:44.333636908Z 2026-09-23T08:24:44.333Z  INFO 1 --- [nio-8888-exec-9] o.s.c.c.s.e.NativeEnvironmentRepository  : Adding property source: Config resource 'file [/tmp/config-repo-3903044372004057987/api-gateway.yml]' via location 'file:/tmp/config-repo-3903044372004057987/' (document #1)
config-server-1  | 2026-09-23T08:24:44.333758650Z 2026-09-23T08:24:44.333Z  INFO 1 --- [nio-8888-exec-9] o.s.c.c.s.e.NativeEnvironmentRepository  : Adding property source: Config resource 'file [/tmp/config-repo-3903044372004057987/api-gateway.yml]' via location 'file:/tmp/config-repo-3903044372004057987/' (document #0)
config-server-1  | 2026-09-23T08:24:44.333930969Z 2026-09-23T08:24:44.333Z  INFO 1 --- [nio-8888-exec-9] o.s.c.c.s.e.NativeEnvironmentRepository  : Adding property source: Config resource 'file [/tmp/config-repo-3903044372004057987/application.yml]' via location 'file:/tmp/config-repo-3903044372004057987/' (document #2)
config-server-1  | 2026-09-23T08:24:44.334103256Z 2026-09-23T08:24:44.333Z  INFO 1 --- [nio-8888-exec-9] o.s.c.c.s.e.NativeEnvironmentRepository  : Adding property source: Config resource 'file [/tmp/config-repo-3903044372004057987/application.yml]' via location 'file:/tmp/config-repo-3903044372004057987/' (document #0)
config-server-1  | 2026-09-23T08:24:45.443472877Z 2026-09-23T08:24:45.442Z  INFO 1 --- [io-8888-exec-10] o.s.c.c.s.e.NativeEnvironmentRepository  : Adding property source: Config resource 'file [/tmp/config-repo-3903044372004057987/api-gateway.yml]' via location 'file:/tmp/config-repo-3903044372004057987/' (document #0)
config-server-1  | 2026-09-23T08:24:45.443676929Z 2026-09-23T08:24:45.443Z  INFO 1 --- [io-8888-exec-10] o.s.c.c.s.e.NativeEnvironmentRepository  : Adding property source: Config resource 'file [/tmp/config-repo-3903044372004057987/application.yml]' via location 'file:/tmp/config-repo-3903044372004057987/' (document #0)
