discovery-server-1  | 2026-09-23T08:24:10.961793684Z 
discovery-server-1  | 2026-09-23T08:24:10.961861256Z   .   ____          _            __ _ _
discovery-server-1  | 2026-09-23T08:24:10.961866947Z  /\\ / ___'_ __ _ _(_)_ __  __ _ \ \ \ \
discovery-server-1  | 2026-09-23T08:24:10.961871115Z ( ( )\___ | '_ | '_| | '_ \/ _` | \ \ \ \
discovery-server-1  | 2026-09-23T08:24:10.961874792Z  \\/  ___)| |_)| | | | | || (_| |  ) ) ) )
discovery-server-1  | 2026-09-23T08:24:10.961878610Z   '  |____| .__|_| |_|_| |_\__, | / / / /
discovery-server-1  | 2026-09-23T08:24:10.961882397Z  =========|_|==============|___/=/_/_/_/
discovery-server-1  | 2026-09-23T08:24:10.961886094Z 
discovery-server-1  | 2026-09-23T08:24:10.962211693Z  :: Spring Boot ::                (v4.0.1)
discovery-server-1  | 2026-09-23T08:24:10.962224758Z 
discovery-server-1  | 2026-09-23T08:24:11.053474828Z 2026-09-23T08:24:11.050Z  INFO 1 --- [discovery-server] [           main] o.s.s.p.d.DiscoveryServerApplication     : Starting DiscoveryServerApplication v4.0.1 using Java 17.0.20 with PID 1 (/application/BOOT-INF/classes started by root in /application)
discovery-server-1  | 2026-09-23T08:24:11.055551690Z 2026-09-23T08:24:11.055Z  INFO 1 --- [discovery-server] [           main] o.s.s.p.d.DiscoveryServerApplication     : The following 1 profile is active: "docker"
discovery-server-1  | 2026-09-23T08:24:11.111255590Z 2026-09-23T08:24:11.110Z  INFO 1 --- [discovery-server] [           main] o.s.c.c.c.ConfigServerConfigDataLoader   : Fetching config from server at : http://localhost:8888/
discovery-server-1  | 2026-09-23T08:24:11.111395381Z 2026-09-23T08:24:11.111Z  INFO 1 --- [discovery-server] [           main] o.s.c.c.c.ConfigServerConfigDataLoader   : Exception on Url - http://localhost:8888/:org.springframework.web.client.ResourceAccessException: I/O error on GET request for "http://localhost:8888/discovery-server/default": Connection refused. Will be trying the next url if available
discovery-server-1  | 2026-09-23T08:24:11.111548772Z 2026-09-23T08:24:11.111Z  WARN 1 --- [discovery-server] [           main] o.s.c.c.c.ConfigServerConfigDataLoader   : Could not locate PropertySource ([ConfigServerConfigDataResource@6edcd0d8 uris = array<String>['http://localhost:8888/'], optional = true, profiles = 'default']): I/O error on GET request for "http://localhost:8888/discovery-server/default": Connection refused
discovery-server-1  | 2026-09-23T08:24:11.112467065Z 2026-09-23T08:24:11.112Z  INFO 1 --- [discovery-server] [           main] o.s.c.c.c.ConfigServerConfigDataLoader   : Fetching config from server at : http://config-server:8888
discovery-server-1  | 2026-09-23T08:24:11.112549105Z 2026-09-23T08:24:11.112Z  INFO 1 --- [discovery-server] [           main] o.s.c.c.c.ConfigServerConfigDataLoader   : Located environment: name=discovery-server, profiles=[docker], label=null, version=323993ce2519c6d02df63e08bf4458d123d3b611, state=
discovery-server-1  | 2026-09-23T08:24:11.112908539Z 2026-09-23T08:24:11.112Z  INFO 1 --- [discovery-server] [           main] o.s.c.c.c.ConfigServerConfigDataLoader   : Fetching config from server at : http://config-server:8888
discovery-server-1  | 2026-09-23T08:24:11.113130959Z 2026-09-23T08:24:11.112Z  INFO 1 --- [discovery-server] [           main] o.s.c.c.c.ConfigServerConfigDataLoader   : Located environment: name=discovery-server, profiles=[default], label=null, version=323993ce2519c6d02df63e08bf4458d123d3b611, state=
discovery-server-1  | 2026-09-23T08:24:11.114183456Z 2026-09-23T08:24:11.113Z  INFO 1 --- [discovery-server] [           main] o.s.c.c.c.ConfigServerConfigDataLoader   : Fetching config from server at : http://localhost:8888/
discovery-server-1  | 2026-09-23T08:24:11.114272450Z 2026-09-23T08:24:11.113Z  INFO 1 --- [discovery-server] [           main] o.s.c.c.c.ConfigServerConfigDataLoader   : Exception on Url - http://localhost:8888/:org.springframework.web.client.ResourceAccessException: I/O error on GET request for "http://localhost:8888/discovery-server/docker": Connection refused. Will be trying the next url if available
discovery-server-1  | 2026-09-23T08:24:11.114486048Z 2026-09-23T08:24:11.114Z  WARN 1 --- [discovery-server] [           main] o.s.c.c.c.ConfigServerConfigDataLoader   : Could not locate PropertySource ([ConfigServerConfigDataResource@1706a5c9 uris = array<String>['http://localhost:8888/'], optional = true, profiles = 'docker']): I/O error on GET request for "http://localhost:8888/discovery-server/docker": Connection refused
discovery-server-1  | 2026-09-23T08:24:11.114894486Z 2026-09-23T08:24:11.114Z  INFO 1 --- [discovery-server] [           main] o.s.c.c.c.ConfigServerConfigDataLoader   : Fetching config from server at : http://localhost:8888/
discovery-server-1  | 2026-09-23T08:24:11.114918483Z 2026-09-23T08:24:11.114Z  INFO 1 --- [discovery-server] [           main] o.s.c.c.c.ConfigServerConfigDataLoader   : Exception on Url - http://localhost:8888/:org.springframework.web.client.ResourceAccessException: I/O error on GET request for "http://localhost:8888/discovery-server/default": Connection refused. Will be trying the next url if available
discovery-server-1  | 2026-09-23T08:24:11.115119967Z 2026-09-23T08:24:11.114Z  WARN 1 --- [discovery-server] [           main] o.s.c.c.c.ConfigServerConfigDataLoader   : Could not locate PropertySource ([ConfigServerConfigDataResource@64412d34 uris = array<String>['http://localhost:8888/'], optional = true, profiles = 'default']): I/O error on GET request for "http://localhost:8888/discovery-server/default": Connection refused
discovery-server-1  | 2026-09-23T08:24:12.435035457Z 2026-09-23T08:24:12.434Z  INFO 1 --- [discovery-server] [           main] o.s.cloud.context.scope.GenericScope     : BeanFactory id=84fd98dd-dd53-32f5-9281-4fc95c535fbe
discovery-server-1  | 2026-09-23T08:24:12.841049188Z 2026-09-23T08:24:12.840Z  INFO 1 --- [discovery-server] [           main] o.s.boot.tomcat.TomcatWebServer          : Tomcat initialized with port 8761 (http)
discovery-server-1  | 2026-09-23T08:24:12.863257248Z 2026-09-23T08:24:12.862Z  INFO 1 --- [discovery-server] [           main] o.apache.catalina.core.StandardService   : Starting service [Tomcat]
discovery-server-1  | 2026-09-23T08:24:12.863642110Z 2026-09-23T08:24:12.863Z  INFO 1 --- [discovery-server] [           main] o.apache.catalina.core.StandardEngine    : Starting Servlet engine: [Apache Tomcat/11.0.15]
discovery-server-1  | 2026-09-23T08:24:12.953626913Z 2026-09-23T08:24:12.952Z  INFO 1 --- [discovery-server] [           main] b.w.c.s.WebApplicationContextInitializer : Root WebApplicationContext: initialization completed in 1833 ms
discovery-server-1  | 2026-09-23T08:24:14.102815871Z 2026-09-23T08:24:14.101Z  INFO 1 --- [discovery-server] [           main] c.n.d.provider.DiscoveryJerseyProvider   : Using JSON encoding codec LegacyJacksonJson
discovery-server-1  | 2026-09-23T08:24:14.102955769Z 2026-09-23T08:24:14.102Z  INFO 1 --- [discovery-server] [           main] c.n.d.provider.DiscoveryJerseyProvider   : Using JSON decoding codec LegacyJacksonJson
discovery-server-1  | 2026-09-23T08:24:14.340626017Z 2026-09-23T08:24:14.339Z  INFO 1 --- [discovery-server] [           main] c.n.d.provider.DiscoveryJerseyProvider   : Using XML encoding codec XStreamXml
discovery-server-1  | 2026-09-23T08:24:14.340707616Z 2026-09-23T08:24:14.340Z  INFO 1 --- [discovery-server] [           main] c.n.d.provider.DiscoveryJerseyProvider   : Using XML decoding codec XStreamXml
discovery-server-1  | 2026-09-23T08:24:14.594926175Z 2026-09-23T08:24:14.594Z  INFO 1 --- [discovery-server] [           main] o.s.v.b.OptionalValidatorFactoryBean     : Failed to set up a Bean Validation provider: jakarta.validation.NoProviderFoundException: Unable to create a Configuration, because no Jakarta Validation provider could be found. Add a provider like Hibernate Validator (RI) to your classpath.
discovery-server-1  | 2026-09-23T08:24:15.503604071Z 2026-09-23T08:24:15.502Z  WARN 1 --- [discovery-server] [           main] iguration$LoadBalancerCaffeineWarnLogger : Spring Cloud LoadBalancer is currently working with the default cache. While this cache implementation is useful for development and tests, it's recommended to use Caffeine cache in production.You can switch to using Caffeine cache, by adding it and org.springframework.cache.caffeine.CaffeineCacheManager to the classpath.
discovery-server-1  | 2026-09-23T08:24:15.523868842Z 2026-09-23T08:24:15.523Z  INFO 1 --- [discovery-server] [           main] o.s.c.n.eureka.InstanceInfoFactory       : Setting initial instance status as: STARTING
discovery-server-1  | 2026-09-23T08:24:15.543916574Z 2026-09-23T08:24:15.543Z  INFO 1 --- [discovery-server] [           main] com.netflix.discovery.DiscoveryClient    : Initializing Eureka in region us-east-1
discovery-server-1  | 2026-09-23T08:24:15.543972353Z 2026-09-23T08:24:15.543Z  INFO 1 --- [discovery-server] [           main] com.netflix.discovery.DiscoveryClient    : Client configured to neither register nor query for data.
discovery-server-1  | 2026-09-23T08:24:15.545726470Z 2026-09-23T08:24:15.545Z  INFO 1 --- [discovery-server] [           main] com.netflix.discovery.DiscoveryClient    : Discovery Client initialized at timestamp 1790151855544 with initial instances count: 0
discovery-server-1  | 2026-09-23T08:24:15.580911782Z 2026-09-23T08:24:15.580Z  INFO 1 --- [discovery-server] [           main] c.n.eureka.DefaultEurekaServerContext    : Initializing ...
discovery-server-1  | 2026-09-23T08:24:15.582602203Z 2026-09-23T08:24:15.582Z  INFO 1 --- [discovery-server] [           main] c.n.eureka.cluster.PeerEurekaNodes       : Adding new peer nodes [http://localhost:8761/eureka/]
discovery-server-1  | 2026-09-23T08:24:15.710176060Z 2026-09-23T08:24:15.709Z  INFO 1 --- [discovery-server] [           main] c.n.d.provider.DiscoveryJerseyProvider   : Using JSON encoding codec LegacyJacksonJson
discovery-server-1  | 2026-09-23T08:24:15.710218052Z 2026-09-23T08:24:15.709Z  INFO 1 --- [discovery-server] [           main] c.n.d.provider.DiscoveryJerseyProvider   : Using JSON decoding codec LegacyJacksonJson
discovery-server-1  | 2026-09-23T08:24:15.710229664Z 2026-09-23T08:24:15.709Z  INFO 1 --- [discovery-server] [           main] c.n.d.provider.DiscoveryJerseyProvider   : Using XML encoding codec XStreamXml
discovery-server-1  | 2026-09-23T08:24:15.710236378Z 2026-09-23T08:24:15.710Z  INFO 1 --- [discovery-server] [           main] c.n.d.provider.DiscoveryJerseyProvider   : Using XML decoding codec XStreamXml
discovery-server-1  | 2026-09-23T08:24:15.766737861Z 2026-09-23T08:24:15.766Z  INFO 1 --- [discovery-server] [           main] c.n.eureka.cluster.PeerEurekaNodes       : Replica node URL:  http://localhost:8761/eureka/
discovery-server-1  | 2026-09-23T08:24:15.774102240Z 2026-09-23T08:24:15.773Z  INFO 1 --- [discovery-server] [           main] c.n.e.registry.AbstractInstanceRegistry  : Finished initializing remote region registries. All known remote regions: []
discovery-server-1  | 2026-09-23T08:24:15.774155033Z 2026-09-23T08:24:15.773Z  INFO 1 --- [discovery-server] [           main] c.n.eureka.DefaultEurekaServerContext    : Initialized
discovery-server-1  | 2026-09-23T08:24:15.783457005Z 2026-09-23T08:24:15.782Z  INFO 1 --- [discovery-server] [           main] o.s.b.a.e.web.EndpointLinksResolver      : Exposing 16 endpoints beneath base path '/actuator'
discovery-server-1  | 2026-09-23T08:24:15.859337182Z 2026-09-23T08:24:15.858Z  INFO 1 --- [discovery-server] [           main] o.s.c.n.e.s.EurekaServiceRegistry        : Registering application DISCOVERY-SERVER with eureka with status UP
discovery-server-1  | 2026-09-23T08:24:15.871770762Z 2026-09-23T08:24:15.870Z  INFO 1 --- [discovery-server] [       Thread-9] o.s.c.n.e.server.EurekaServerBootstrap   : isAws returned false
discovery-server-1  | 2026-09-23T08:24:15.872849549Z 2026-09-23T08:24:15.871Z  INFO 1 --- [discovery-server] [       Thread-9] o.s.c.n.e.server.EurekaServerBootstrap   : Initialized server context
discovery-server-1  | 2026-09-23T08:24:15.873341192Z 2026-09-23T08:24:15.872Z  INFO 1 --- [discovery-server] [       Thread-9] c.n.e.r.PeerAwareInstanceRegistryImpl    : Got 1 instances from neighboring DS node
discovery-server-1  | 2026-09-23T08:24:15.873598494Z 2026-09-23T08:24:15.873Z  INFO 1 --- [discovery-server] [       Thread-9] c.n.e.r.PeerAwareInstanceRegistryImpl    : Renew threshold is: 1
discovery-server-1  | 2026-09-23T08:24:15.873865996Z 2026-09-23T08:24:15.873Z  INFO 1 --- [discovery-server] [       Thread-9] c.n.e.r.PeerAwareInstanceRegistryImpl    : Changing status to UP
discovery-server-1  | 2026-09-23T08:24:15.877012096Z 2026-09-23T08:24:15.876Z  INFO 1 --- [discovery-server] [       Thread-9] e.s.EurekaServerInitializerConfiguration : Started Eureka Server
discovery-server-1  | 2026-09-23T08:24:15.881697074Z 2026-09-23T08:24:15.880Z  INFO 1 --- [discovery-server] [           main] o.s.boot.tomcat.TomcatWebServer          : Tomcat started on port 8761 (http) with context path '/'
discovery-server-1  | 2026-09-23T08:24:15.882871237Z 2026-09-23T08:24:15.882Z  INFO 1 --- [discovery-server] [           main] .s.c.n.e.s.EurekaAutoServiceRegistration : Updating port to 8761
discovery-server-1  | 2026-09-23T08:24:15.896533877Z 2026-09-23T08:24:15.895Z  INFO 1 --- [discovery-server] [           main] o.s.s.p.d.DiscoveryServerApplication     : Started DiscoveryServerApplication in 8.468 seconds (process running for 9.343)
discovery-server-1  | 2026-09-23T08:24:15.986998913Z 2026-09-23T08:24:15.986Z  INFO 1 --- [discovery-server] [nio-8761-exec-1] o.a.c.c.C.[Tomcat].[localhost].[/]       : Initializing Spring DispatcherServlet 'dispatcherServlet'
discovery-server-1  | 2026-09-23T08:24:15.987189405Z 2026-09-23T08:24:15.986Z  INFO 1 --- [discovery-server] [nio-8761-exec-1] o.s.web.servlet.DispatcherServlet        : Initializing Servlet 'dispatcherServlet'
discovery-server-1  | 2026-09-23T08:24:15.990112133Z 2026-09-23T08:24:15.989Z  INFO 1 --- [discovery-server] [nio-8761-exec-1] o.s.web.servlet.DispatcherServlet        : Completed initialization in 2 ms
discovery-server-1  | 2026-09-23T08:24:34.235326526Z 2026-09-23T08:24:34.232Z  INFO 1 --- [discovery-server] [nio-8761-exec-4] c.n.e.registry.AbstractInstanceRegistry  : Registered instance VISITS-SERVICE/bcfaa03abecd:visits-service:8082 with status UP (replication=false)
discovery-server-1  | 2026-09-23T08:24:34.954004498Z 2026-09-23T08:24:34.953Z  INFO 1 --- [discovery-server] [nio-8761-exec-5] c.n.e.registry.AbstractInstanceRegistry  : Registered instance VISITS-SERVICE/bcfaa03abecd:visits-service:8082 with status UP (replication=true)
discovery-server-1  | 2026-09-23T08:24:36.267525544Z 2026-09-23T08:24:36.267Z  INFO 1 --- [discovery-server] [nio-8761-exec-7] c.n.e.registry.AbstractInstanceRegistry  : Registered instance CUSTOMERS-SERVICE/0b77757afeeb:customers-service:8081 with status UP (replication=false)
discovery-server-1  | 2026-09-23T08:24:36.783897505Z 2026-09-23T08:24:36.783Z  INFO 1 --- [discovery-server] [nio-8761-exec-8] c.n.e.registry.AbstractInstanceRegistry  : Registered instance CUSTOMERS-SERVICE/0b77757afeeb:customers-service:8081 with status UP (replication=true)
discovery-server-1  | 2026-09-23T08:24:51.871485330Z 2026-09-23T08:24:51.870Z  INFO 1 --- [discovery-server] [nio-8761-exec-2] c.n.e.registry.AbstractInstanceRegistry  : Registered instance API-GATEWAY/8d3175be6380:api-gateway:8080 with status UP (replication=false)
discovery-server-1  | 2026-09-23T08:24:52.379454938Z 2026-09-23T08:24:52.379Z  INFO 1 --- [discovery-server] [nio-8761-exec-3] c.n.e.registry.AbstractInstanceRegistry  : Registered instance API-GATEWAY/8d3175be6380:api-gateway:8080 with status UP (replication=true)
discovery-server-1  | 2026-09-23T08:25:15.875216670Z 2026-09-23T08:25:15.874Z  INFO 1 --- [discovery-server] [a-EvictionTimer] c.n.e.registry.AbstractInstanceRegistry  : Running the evict task with compensationTime 0ms
discovery-server-1  | 2026-09-23T08:25:28.095138944Z 2026-09-23T08:25:28.094Z  INFO 1 --- [discovery-server] [nio-8761-exec-3] c.n.e.registry.AbstractInstanceRegistry  : Registered instance VISITS-SERVICE/bcfaa03abecd:visits-service:8082 with status DOWN (replication=false)
discovery-server-1  | 2026-09-23T08:25:28.612149983Z 2026-09-23T08:25:28.611Z  INFO 1 --- [discovery-server] [nio-8761-exec-4] c.n.e.registry.AbstractInstanceRegistry  : Registered instance VISITS-SERVICE/bcfaa03abecd:visits-service:8082 with status DOWN (replication=true)
discovery-server-1  | 2026-09-23T08:25:43.268475929Z 2026-09-23T08:25:43.267Z  INFO 1 --- [discovery-server] [nio-8761-exec-1] c.n.e.registry.AbstractInstanceRegistry  : Registered instance VISITS-SERVICE/f13d66734eea:visits-service:8082 with status UP (replication=false)
discovery-server-1  | 2026-09-23T08:25:43.784417429Z 2026-09-23T08:25:43.783Z  INFO 1 --- [discovery-server] [nio-8761-exec-2] c.n.e.registry.AbstractInstanceRegistry  : Registered instance VISITS-SERVICE/f13d66734eea:visits-service:8082 with status UP (replication=true)
