visits-service-1  | 2026-09-23T08:25:34.104124953Z 08:25:34,103 |-WARN in ch.qos.logback.core.model.processor.ImplicitModelHandler - Ignoring unknown property [jmxConfigurator] in [ch.qos.logback.classic.LoggerContext]
visits-service-1  | 2026-09-23T08:25:34.174546895Z 
visits-service-1  | 2026-09-23T08:25:34.174585411Z   .   ____          _            __ _ _
visits-service-1  | 2026-09-23T08:25:34.174590621Z  /\\ / ___'_ __ _ _(_)_ __  __ _ \ \ \ \
visits-service-1  | 2026-09-23T08:25:34.174594970Z ( ( )\___ | '_ | '_| | '_ \/ _` | \ \ \ \
visits-service-1  | 2026-09-23T08:25:34.174599008Z  \\/  ___)| |_)| | | | | || (_| |  ) ) ) )
visits-service-1  | 2026-09-23T08:25:34.174602876Z   '  |____| .__|_| |_|_| |_\__, | / / / /
visits-service-1  | 2026-09-23T08:25:34.174607014Z  =========|_|==============|___/=/_/_/_/
visits-service-1  | 2026-09-23T08:25:34.174610982Z 
visits-service-1  | 2026-09-23T08:25:34.176576397Z  :: Spring Boot ::                (v4.0.1)
visits-service-1  | 2026-09-23T08:25:34.176601357Z 
visits-service-1  | 2026-09-23T08:25:34.249091963Z 2026-09-23T08:25:34.246Z  INFO 1 --- [visits-service] [           main] [                                                 ] o.s.s.p.visits.VisitsServiceApplication  : Starting VisitsServiceApplication v4.0.1 using Java 17.0.20 with PID 1 (/application/BOOT-INF/classes started by root in /application)
visits-service-1  | 2026-09-23T08:25:34.250559831Z 2026-09-23T08:25:34.250Z  INFO 1 --- [visits-service] [           main] [                                                 ] o.s.s.p.visits.VisitsServiceApplication  : The following 1 profile is active: "docker"
visits-service-1  | 2026-09-23T08:25:34.300022313Z 2026-09-23T08:25:34.299Z  INFO 1 --- [visits-service] [           main] [                                                 ] o.s.c.c.c.ConfigServerConfigDataLoader   : Fetching config from server at : http://localhost:8888/
visits-service-1  | 2026-09-23T08:25:34.300358116Z 2026-09-23T08:25:34.300Z  INFO 1 --- [visits-service] [           main] [                                                 ] o.s.c.c.c.ConfigServerConfigDataLoader   : Exception on Url - http://localhost:8888/:org.springframework.web.client.ResourceAccessException: I/O error on GET request for "http://localhost:8888/visits-service/default": Connection refused. Will be trying the next url if available
visits-service-1  | 2026-09-23T08:25:34.300665091Z 2026-09-23T08:25:34.300Z  WARN 1 --- [visits-service] [           main] [                                                 ] o.s.c.c.c.ConfigServerConfigDataLoader   : Could not locate PropertySource ([ConfigServerConfigDataResource@fac80 uris = array<String>['http://localhost:8888/'], optional = true, profiles = 'default']): I/O error on GET request for "http://localhost:8888/visits-service/default": Connection refused
visits-service-1  | 2026-09-23T08:25:34.300918861Z 2026-09-23T08:25:34.300Z  INFO 1 --- [visits-service] [           main] [                                                 ] o.s.c.c.c.ConfigServerConfigDataLoader   : Fetching config from server at : http://config-server:8888
visits-service-1  | 2026-09-23T08:25:34.301086060Z 2026-09-23T08:25:34.300Z  INFO 1 --- [visits-service] [           main] [                                                 ] o.s.c.c.c.ConfigServerConfigDataLoader   : Located environment: name=visits-service, profiles=[docker], label=null, version=323993ce2519c6d02df63e08bf4458d123d3b611, state=
visits-service-1  | 2026-09-23T08:25:34.301334988Z 2026-09-23T08:25:34.301Z  INFO 1 --- [visits-service] [           main] [                                                 ] o.s.c.c.c.ConfigServerConfigDataLoader   : Fetching config from server at : http://config-server:8888
visits-service-1  | 2026-09-23T08:25:34.301616725Z 2026-09-23T08:25:34.301Z  INFO 1 --- [visits-service] [           main] [                                                 ] o.s.c.c.c.ConfigServerConfigDataLoader   : Located environment: name=visits-service, profiles=[default], label=null, version=323993ce2519c6d02df63e08bf4458d123d3b611, state=
visits-service-1  | 2026-09-23T08:25:34.301859651Z 2026-09-23T08:25:34.301Z  INFO 1 --- [visits-service] [           main] [                                                 ] o.s.c.c.c.ConfigServerConfigDataLoader   : Fetching config from server at : http://localhost:8888/
visits-service-1  | 2026-09-23T08:25:34.302157901Z 2026-09-23T08:25:34.301Z  INFO 1 --- [visits-service] [           main] [                                                 ] o.s.c.c.c.ConfigServerConfigDataLoader   : Exception on Url - http://localhost:8888/:org.springframework.web.client.ResourceAccessException: I/O error on GET request for "http://localhost:8888/visits-service/docker": Connection refused. Will be trying the next url if available
visits-service-1  | 2026-09-23T08:25:34.302391471Z 2026-09-23T08:25:34.302Z  WARN 1 --- [visits-service] [           main] [                                                 ] o.s.c.c.c.ConfigServerConfigDataLoader   : Could not locate PropertySource ([ConfigServerConfigDataResource@6e4ea0bd uris = array<String>['http://localhost:8888/'], optional = true, profiles = 'docker']): I/O error on GET request for "http://localhost:8888/visits-service/docker": Connection refused
visits-service-1  | 2026-09-23T08:25:34.302700815Z 2026-09-23T08:25:34.302Z  INFO 1 --- [visits-service] [           main] [                                                 ] o.s.c.c.c.ConfigServerConfigDataLoader   : Fetching config from server at : http://localhost:8888/
visits-service-1  | 2026-09-23T08:25:34.302817365Z 2026-09-23T08:25:34.302Z  INFO 1 --- [visits-service] [           main] [                                                 ] o.s.c.c.c.ConfigServerConfigDataLoader   : Exception on Url - http://localhost:8888/:org.springframework.web.client.ResourceAccessException: I/O error on GET request for "http://localhost:8888/visits-service/default": Connection refused. Will be trying the next url if available
visits-service-1  | 2026-09-23T08:25:34.303020016Z 2026-09-23T08:25:34.302Z  WARN 1 --- [visits-service] [           main] [                                                 ] o.s.c.c.c.ConfigServerConfigDataLoader   : Could not locate PropertySource ([ConfigServerConfigDataResource@56f2bbea uris = array<String>['http://localhost:8888/'], optional = true, profiles = 'default']): I/O error on GET request for "http://localhost:8888/visits-service/default": Connection refused
visits-service-1  | 2026-09-23T08:25:35.674288433Z 2026-09-23T08:25:35.673Z  INFO 1 --- [visits-service] [           main] [                                                 ] .s.d.r.c.RepositoryConfigurationDelegate : Bootstrapping Spring Data JPA repositories in DEFAULT mode.
visits-service-1  | 2026-09-23T08:25:35.854836349Z 2026-09-23T08:25:35.853Z  INFO 1 --- [visits-service] [           main] [                                                 ] .s.d.r.c.RepositoryConfigurationDelegate : Finished Spring Data repository scanning in 165 ms. Found 1 JPA repository interface.
visits-service-1  | 2026-09-23T08:25:36.404410502Z 2026-09-23T08:25:36.403Z  INFO 1 --- [visits-service] [           main] [                                                 ] o.s.cloud.context.scope.GenericScope     : BeanFactory id=039e684b-1d05-31eb-b6ff-27172c6bfc0c
visits-service-1  | 2026-09-23T08:25:37.241393727Z 2026-09-23T08:25:37.240Z  INFO 1 --- [visits-service] [           main] [                                                 ] o.s.boot.tomcat.TomcatWebServer          : Tomcat initialized with port 8082 (http)
visits-service-1  | 2026-09-23T08:25:37.261982228Z 2026-09-23T08:25:37.261Z  INFO 1 --- [visits-service] [           main] [                                                 ] o.apache.catalina.core.StandardService   : Starting service [Tomcat]
visits-service-1  | 2026-09-23T08:25:37.262572851Z 2026-09-23T08:25:37.262Z  INFO 1 --- [visits-service] [           main] [                                                 ] o.apache.catalina.core.StandardEngine    : Starting Servlet engine: [Apache Tomcat/11.0.15]
visits-service-1  | 2026-09-23T08:25:37.343914685Z 2026-09-23T08:25:37.343Z  INFO 1 --- [visits-service] [           main] [                                                 ] b.w.c.s.WebApplicationContextInitializer : Root WebApplicationContext: initialization completed in 3038 ms
visits-service-1  | 2026-09-23T08:25:38.289598055Z 2026-09-23T08:25:38.286Z  INFO 1 --- [visits-service] [           main] [                                                 ] com.zaxxer.hikari.HikariDataSource       : HikariPool-1 - Starting...
visits-service-1  | 2026-09-23T08:25:38.627545940Z 2026-09-23T08:25:38.626Z  INFO 1 --- [visits-service] [           main] [                                                 ] com.zaxxer.hikari.pool.PoolBase          : HikariPool-1 - Driver does not support get/set network timeout for connections. (feature not supported)
visits-service-1  | 2026-09-23T08:25:38.630408198Z 2026-09-23T08:25:38.629Z  INFO 1 --- [visits-service] [           main] [                                                 ] com.zaxxer.hikari.pool.HikariPool        : HikariPool-1 - Added connection org.hsqldb.jdbc.JDBCConnection@38b0e2a7
visits-service-1  | 2026-09-23T08:25:38.632396784Z 2026-09-23T08:25:38.631Z  INFO 1 --- [visits-service] [           main] [                                                 ] com.zaxxer.hikari.HikariDataSource       : HikariPool-1 - Start completed.
visits-service-1  | 2026-09-23T08:25:38.893447313Z 2026-09-23T08:25:38.892Z  INFO 1 --- [visits-service] [           main] [                                                 ] org.hibernate.orm.jpa                    : HHH008540: Processing PersistenceUnitInfo [name: default]
visits-service-1  | 2026-09-23T08:25:38.970885972Z 2026-09-23T08:25:38.970Z  INFO 1 --- [visits-service] [           main] [                                                 ] org.hibernate.orm.core                   : HHH000001: Hibernate ORM core version 7.2.0.Final
visits-service-1  | 2026-09-23T08:25:39.429183799Z 2026-09-23T08:25:39.427Z  INFO 1 --- [visits-service] [           main] [                                                 ] o.s.o.j.p.SpringPersistenceUnitInfo      : No LoadTimeWeaver setup: ignoring JPA class transformer
visits-service-1  | 2026-09-23T08:25:39.526145776Z 2026-09-23T08:25:39.525Z  INFO 1 --- [visits-service] [           main] [                                                 ] org.hibernate.orm.connections.pooling    : HHH10001005: Database info:
visits-service-1  | 2026-09-23T08:25:39.526171286Z 	Database JDBC URL [jdbc:hsqldb:mem:ad29b83c-55b8-426c-a682-51b9246f08c7]
visits-service-1  | 2026-09-23T08:25:39.526176616Z 	Database driver: HSQL Database Engine Driver
visits-service-1  | 2026-09-23T08:25:39.526181516Z 	Database dialect: HSQLDialect
visits-service-1  | 2026-09-23T08:25:39.526186295Z 	Database version: 2.7.3
visits-service-1  | 2026-09-23T08:25:39.526190524Z 	Default catalog/schema: PUBLIC/PUBLIC
visits-service-1  | 2026-09-23T08:25:39.526194672Z 	Autocommit mode: undefined/unknown
visits-service-1  | 2026-09-23T08:25:39.526199191Z 	Isolation level: READ_COMMITTED [default READ_COMMITTED]
visits-service-1  | 2026-09-23T08:25:39.526203469Z 	JDBC fetch size: none
visits-service-1  | 2026-09-23T08:25:39.526232937Z 	Pool: DataSourceConnectionProvider
visits-service-1  | 2026-09-23T08:25:39.526237697Z 	Minimum pool size: undefined/unknown
visits-service-1  | 2026-09-23T08:25:39.526241264Z 	Maximum pool size: undefined/unknown
visits-service-1  | 2026-09-23T08:25:39.697266837Z 2026-09-23T08:25:39.696Z  WARN 1 --- [visits-service] [           main] [                                                 ] org.hibernate.orm.deprecation            : HHH90000033: Encountered use of deprecated annotation [interface jakarta.persistence.Temporal] at org.springframework.samples.petclinic.visits.model.Visit.date.
visits-service-1  | 2026-09-23T08:25:40.493611248Z 2026-09-23T08:25:40.492Z  INFO 1 --- [visits-service] [           main] [                                                 ] org.hibernate.orm.core                   : HHH000489: No JTA platform available (set 'hibernate.transaction.jta.platform' to enable JTA platform integration)
visits-service-1  | 2026-09-23T08:25:40.504006817Z 2026-09-23T08:25:40.503Z  INFO 1 --- [visits-service] [           main] [                                                 ] j.LocalContainerEntityManagerFactoryBean : Initialized JPA EntityManagerFactory for persistence unit 'default'
visits-service-1  | 2026-09-23T08:25:40.675829223Z 2026-09-23T08:25:40.675Z  INFO 1 --- [visits-service] [           main] [                                                 ] o.s.d.j.r.query.QueryEnhancerFactories   : Hibernate is in classpath; If applicable, HQL parser will be used.
visits-service-1  | 2026-09-23T08:25:42.492938147Z 2026-09-23T08:25:42.492Z  INFO 1 --- [visits-service] [           main] [                                                 ] DiscoveryClientOptionalArgsConfiguration : Eureka HTTP Client uses RestClient.
visits-service-1  | 2026-09-23T08:25:42.584600403Z 2026-09-23T08:25:42.583Z  WARN 1 --- [visits-service] [           main] [                                                 ] iguration$LoadBalancerCaffeineWarnLogger : Spring Cloud LoadBalancer is currently working with the default cache. While this cache implementation is useful for development and tests, it's recommended to use Caffeine cache in production.You can switch to using Caffeine cache, by adding it and org.springframework.cache.caffeine.CaffeineCacheManager to the classpath.
visits-service-1  | 2026-09-23T08:25:42.603104723Z 2026-09-23T08:25:42.602Z  INFO 1 --- [visits-service] [           main] [                                                 ] o.s.b.a.e.web.EndpointLinksResolver      : Exposing 17 endpoints beneath base path '/actuator'
visits-service-1  | 2026-09-23T08:25:42.761692608Z 2026-09-23T08:25:42.760Z  INFO 1 --- [visits-service] [           main] [                                                 ] o.s.c.n.eureka.InstanceInfoFactory       : Setting initial instance status as: STARTING
visits-service-1  | 2026-09-23T08:25:42.795030653Z 2026-09-23T08:25:42.794Z  INFO 1 --- [visits-service] [           main] [                                                 ] com.netflix.discovery.DiscoveryClient    : Initializing Eureka in region us-east-1
visits-service-1  | 2026-09-23T08:25:42.799237840Z 2026-09-23T08:25:42.798Z  INFO 1 --- [visits-service] [           main] [                                                 ] c.n.d.s.r.aws.ConfigClusterResolver      : Resolving eureka endpoints via configuration
visits-service-1  | 2026-09-23T08:25:42.810740599Z 2026-09-23T08:25:42.809Z  INFO 1 --- [visits-service] [           main] [                                                 ] com.netflix.discovery.DiscoveryClient    : Disable delta property : false
visits-service-1  | 2026-09-23T08:25:42.811291462Z 2026-09-23T08:25:42.810Z  INFO 1 --- [visits-service] [           main] [                                                 ] com.netflix.discovery.DiscoveryClient    : Single vip registry refresh property : null
visits-service-1  | 2026-09-23T08:25:42.811846781Z 2026-09-23T08:25:42.811Z  INFO 1 --- [visits-service] [           main] [                                                 ] com.netflix.discovery.DiscoveryClient    : Force full registry fetch : false
visits-service-1  | 2026-09-23T08:25:42.812012919Z 2026-09-23T08:25:42.811Z  INFO 1 --- [visits-service] [           main] [                                                 ] com.netflix.discovery.DiscoveryClient    : Application is null : false
visits-service-1  | 2026-09-23T08:25:42.812114738Z 2026-09-23T08:25:42.811Z  INFO 1 --- [visits-service] [           main] [                                                 ] com.netflix.discovery.DiscoveryClient    : Registered Applications size is zero : true
visits-service-1  | 2026-09-23T08:25:42.812300325Z 2026-09-23T08:25:42.812Z  INFO 1 --- [visits-service] [           main] [                                                 ] com.netflix.discovery.DiscoveryClient    : Application version is -1: true
visits-service-1  | 2026-09-23T08:25:42.812489539Z 2026-09-23T08:25:42.812Z  INFO 1 --- [visits-service] [           main] [                                                 ] com.netflix.discovery.DiscoveryClient    : Getting all instance registry info from the eureka server
visits-service-1  | 2026-09-23T08:25:43.203669938Z 2026-09-23T08:25:43.202Z  INFO 1 --- [visits-service] [           main] [                                                 ] com.netflix.discovery.DiscoveryClient    : The response status is 200
visits-service-1  | 2026-09-23T08:25:43.206646234Z 2026-09-23T08:25:43.206Z  INFO 1 --- [visits-service] [           main] [                                                 ] com.netflix.discovery.DiscoveryClient    : Starting heartbeat executor: renew interval is: 30
visits-service-1  | 2026-09-23T08:25:43.209483160Z 2026-09-23T08:25:43.208Z  INFO 1 --- [visits-service] [           main] [                                                 ] c.n.discovery.InstanceInfoReplicator     : InstanceInfoReplicator onDemand update allowed rate per min is 4
visits-service-1  | 2026-09-23T08:25:43.212113549Z 2026-09-23T08:25:43.211Z  INFO 1 --- [visits-service] [           main] [                                                 ] com.netflix.discovery.DiscoveryClient    : Discovery Client initialized at timestamp 1790151943211 with initial instances count: 3
visits-service-1  | 2026-09-23T08:25:43.219666698Z 2026-09-23T08:25:43.218Z  INFO 1 --- [visits-service] [           main] [                                                 ] o.s.c.n.e.s.EurekaServiceRegistry        : Registering application VISITS-SERVICE with eureka with status UP
visits-service-1  | 2026-09-23T08:25:43.220682938Z 2026-09-23T08:25:43.220Z  INFO 1 --- [visits-service] [           main] [                                                 ] com.netflix.discovery.DiscoveryClient    : Saw local status change event StatusChangeEvent [timestamp=1790151943220, current=UP, previous=STARTING]
visits-service-1  | 2026-09-23T08:25:43.222510071Z 2026-09-23T08:25:43.221Z  INFO 1 --- [visits-service] [foReplicator-%d] [                                                 ] com.netflix.discovery.DiscoveryClient    : DiscoveryClient_VISITS-SERVICE/f13d66734eea:visits-service:8082: registering service...
visits-service-1  | 2026-09-23T08:25:43.240713560Z 2026-09-23T08:25:43.240Z  INFO 1 --- [visits-service] [           main] [                                                 ] o.s.boot.tomcat.TomcatWebServer          : Tomcat started on port 8082 (http) with context path '/'
visits-service-1  | 2026-09-23T08:25:43.242583388Z 2026-09-23T08:25:43.242Z  INFO 1 --- [visits-service] [           main] [                                                 ] .s.c.n.e.s.EurekaAutoServiceRegistration : Updating port to 8082
visits-service-1  | 2026-09-23T08:25:43.258097503Z 2026-09-23T08:25:43.257Z  INFO 1 --- [visits-service] [           main] [                                                 ] o.s.s.p.visits.VisitsServiceApplication  : Started VisitsServiceApplication in 12.527 seconds (process running for 13.189)
visits-service-1  | 2026-09-23T08:25:43.270666954Z 2026-09-23T08:25:43.270Z  INFO 1 --- [visits-service] [foReplicator-%d] [                                                 ] com.netflix.discovery.DiscoveryClient    : DiscoveryClient_VISITS-SERVICE/f13d66734eea:visits-service:8082 - registration status: 204
visits-service-1  | 2026-09-23T08:25:43.824258676Z 2026-09-23T08:25:43.823Z  WARN 1 --- [visits-service] [/api/v2/spans}}] [                                                 ] z.r.i.AsyncReporter$BoundedAsyncReporter : Spans were dropped due to exceptions. All subsequent errors will be logged at FINE level.
visits-service-1  | 2026-09-23T08:25:43.827265555Z 2026-09-23T08:25:43.824Z  WARN 1 --- [visits-service] [/api/v2/spans}}] [                                                 ] z.r.i.AsyncReporter$BoundedAsyncReporter : Dropped 12 spans due to ConnectException()
visits-service-1  | 2026-09-23T08:25:43.827279423Z 
visits-service-1  | 2026-09-23T08:25:43.827283421Z java.net.ConnectException
visits-service-1  | 2026-09-23T08:25:43.827286587Z 	at java.net.http/jdk.internal.net.http.HttpClientImpl.send(HttpClientImpl.java:900)
visits-service-1  | 2026-09-23T08:25:43.827290114Z 	at java.net.http/jdk.internal.net.http.HttpClientFacade.send(HttpClientFacade.java:133)
visits-service-1  | 2026-09-23T08:25:43.827293140Z 	at org.springframework.boot.zipkin.autoconfigure.ZipkinHttpClientSender.postSpans(ZipkinHttpClientSender.java:59)
visits-service-1  | 2026-09-23T08:25:43.827296316Z 	at org.springframework.boot.zipkin.autoconfigure.HttpSender.postSpans(HttpSender.java:69)
visits-service-1  | 2026-09-23T08:25:43.827299292Z 	at org.springframework.boot.zipkin.autoconfigure.HttpSender.postSpans(HttpSender.java:41)
visits-service-1  | 2026-09-23T08:25:43.827302248Z 	at zipkin2.reporter.BaseHttpSender.send(BaseHttpSender.java:123)
visits-service-1  | 2026-09-23T08:25:43.827305244Z 	at zipkin2.reporter.internal.AsyncReporter$BoundedAsyncReporter.flush(AsyncReporter.java:266)
visits-service-1  | 2026-09-23T08:25:43.827308190Z 	at zipkin2.reporter.internal.AsyncReporter$Flusher.run(AsyncReporter.java:352)
visits-service-1  | 2026-09-23T08:25:43.827311125Z 	at java.base/java.lang.Thread.run(Thread.java:840)
visits-service-1  | 2026-09-23T08:25:43.827338470Z Caused by: java.net.ConnectException
visits-service-1  | 2026-09-23T08:25:43.827343079Z 	at java.net.http/jdk.internal.net.http.common.Utils.toConnectException(Utils.java:1107)
visits-service-1  | 2026-09-23T08:25:43.827346125Z 	at java.net.http/jdk.internal.net.http.PlainHttpConnection.connectAsync(PlainHttpConnection.java:203)
visits-service-1  | 2026-09-23T08:25:43.827349081Z 	at java.net.http/jdk.internal.net.http.Http1Exchange.sendHeadersAsync(Http1Exchange.java:308)
visits-service-1  | 2026-09-23T08:25:43.827352006Z 	at java.net.http/jdk.internal.net.http.Exchange.lambda$responseAsyncImpl0$8(Exchange.java:564)
visits-service-1  | 2026-09-23T08:25:43.827354952Z 	at java.net.http/jdk.internal.net.http.Exchange.checkFor407(Exchange.java:435)
visits-service-1  | 2026-09-23T08:25:43.827357828Z 	at java.net.http/jdk.internal.net.http.Exchange.lambda$responseAsyncImpl0$9(Exchange.java:568)
visits-service-1  | 2026-09-23T08:25:43.827372657Z 	at java.base/java.util.concurrent.CompletableFuture.uniHandle(CompletableFuture.java:934)
visits-service-1  | 2026-09-23T08:25:43.827375773Z 	at java.base/java.util.concurrent.CompletableFuture.uniHandleStage(CompletableFuture.java:950)
visits-service-1  | 2026-09-23T08:25:43.827378689Z 	at java.base/java.util.concurrent.CompletableFuture.handle(CompletableFuture.java:2340)
visits-service-1  | 2026-09-23T08:25:43.827381585Z 	at java.net.http/jdk.internal.net.http.Exchange.responseAsyncImpl0(Exchange.java:568)
visits-service-1  | 2026-09-23T08:25:43.827384561Z 	at java.net.http/jdk.internal.net.http.Exchange.responseAsyncImpl(Exchange.java:411)
visits-service-1  | 2026-09-23T08:25:43.827388659Z 	at java.net.http/jdk.internal.net.http.Exchange.responseAsync(Exchange.java:403)
visits-service-1  | 2026-09-23T08:25:43.827391625Z 	at java.net.http/jdk.internal.net.http.MultiExchange.responseAsyncImpl(MultiExchange.java:430)
visits-service-1  | 2026-09-23T08:25:43.827394561Z 	at java.net.http/jdk.internal.net.http.MultiExchange.lambda$responseAsyncImpl$7(MultiExchange.java:471)
visits-service-1  | 2026-09-23T08:25:43.827397546Z 	at java.base/java.util.concurrent.CompletableFuture.uniHandle(CompletableFuture.java:934)
visits-service-1  | 2026-09-23T08:25:43.827400442Z 	at java.base/java.util.concurrent.CompletableFuture.uniHandleStage(CompletableFuture.java:950)
visits-service-1  | 2026-09-23T08:25:43.827403338Z 	at java.base/java.util.concurrent.CompletableFuture.handle(CompletableFuture.java:2340)
visits-service-1  | 2026-09-23T08:25:43.827406234Z 	at java.net.http/jdk.internal.net.http.MultiExchange.responseAsyncImpl(MultiExchange.java:461)
visits-service-1  | 2026-09-23T08:25:43.827409149Z 	at java.net.http/jdk.internal.net.http.MultiExchange.lambda$responseAsync0$2(MultiExchange.java:350)
visits-service-1  | 2026-09-23T08:25:43.827412075Z 	at java.base/java.util.concurrent.CompletableFuture$UniCompose.tryFire(CompletableFuture.java:1150)
visits-service-1  | 2026-09-23T08:25:43.827415001Z 	at java.base/java.util.concurrent.CompletableFuture.postComplete(CompletableFuture.java:510)
visits-service-1  | 2026-09-23T08:25:43.827417927Z 	at java.base/java.util.concurrent.CompletableFuture$AsyncSupply.run(CompletableFuture.java:1773)
visits-service-1  | 2026-09-23T08:25:43.827420853Z 	at java.net.http/jdk.internal.net.http.HttpClientImpl$DelegatingExecutor.execute(HttpClientImpl.java:174)
visits-service-1  | 2026-09-23T08:25:43.827423778Z 	at java.base/java.util.concurrent.CompletableFuture.completeAsync(CompletableFuture.java:2673)
visits-service-1  | 2026-09-23T08:25:43.827426684Z 	at java.net.http/jdk.internal.net.http.MultiExchange.responseAsync(MultiExchange.java:303)
visits-service-1  | 2026-09-23T08:25:43.827429590Z 	at java.net.http/jdk.internal.net.http.HttpClientImpl.sendAsync(HttpClientImpl.java:991)
visits-service-1  | 2026-09-23T08:25:43.827432516Z 	at java.net.http/jdk.internal.net.http.HttpClientImpl.send(HttpClientImpl.java:878)
visits-service-1  | 2026-09-23T08:25:43.827435582Z 	... 8 common frames omitted
visits-service-1  | 2026-09-23T08:25:43.827438447Z Caused by: java.nio.channels.UnresolvedAddressException
visits-service-1  | 2026-09-23T08:25:43.827441283Z 	at java.base/sun.nio.ch.Net.checkAddress(Net.java:159)
visits-service-1  | 2026-09-23T08:25:43.827444149Z 	at java.base/sun.nio.ch.Net.checkAddress(Net.java:167)
visits-service-1  | 2026-09-23T08:25:43.827447004Z 	at java.base/sun.nio.ch.SocketChannelImpl.checkRemote(SocketChannelImpl.java:816)
visits-service-1  | 2026-09-23T08:25:43.827455631Z 	at java.base/sun.nio.ch.SocketChannelImpl.connect(SocketChannelImpl.java:839)
visits-service-1  | 2026-09-23T08:25:43.827458647Z 	at java.net.http/jdk.internal.net.http.PlainHttpConnection.lambda$connectAsync$0(PlainHttpConnection.java:187)
visits-service-1  | 2026-09-23T08:25:43.827461854Z 	at java.base/java.security.AccessController.doPrivileged(AccessController.java:569)
visits-service-1  | 2026-09-23T08:25:43.827464810Z 	at java.net.http/jdk.internal.net.http.PlainHttpConnection.connectAsync(PlainHttpConnection.java:189)
visits-service-1  | 2026-09-23T08:25:43.827467775Z 	... 33 common frames omitted
visits-service-1  | 2026-09-23T08:25:43.827470611Z 
visits-service-1  | 2026-09-23T08:25:45.552751390Z 2026-09-23T08:25:45.552Z  INFO 1 --- [visits-service] [nio-8082-exec-1] [                                                 ] o.a.c.c.C.[Tomcat].[localhost].[/]       : Initializing Spring DispatcherServlet 'dispatcherServlet'
visits-service-1  | 2026-09-23T08:25:45.553190887Z 2026-09-23T08:25:45.552Z  INFO 1 --- [visits-service] [nio-8082-exec-1] [                                                 ] o.s.web.servlet.DispatcherServlet        : Initializing Servlet 'dispatcherServlet'
visits-service-1  | 2026-09-23T08:25:45.555591177Z 2026-09-23T08:25:45.555Z  INFO 1 --- [visits-service] [nio-8082-exec-1] [                                                 ] o.s.web.servlet.DispatcherServlet        : Completed initialization in 2 ms
visits-service-1  | 2026-09-23T08:26:02.072583716Z 2026-09-23T08:26:02.071Z  WARN 1 --- [visits-service] [nio-8082-exec-3] [6ab38d1a35cd8d62090d1a8087dbd2cf-090d1a8087dbd2cf] .w.s.m.s.DefaultHandlerExceptionResolver : Resolved [org.springframework.web.bind.MissingServletRequestParameterException: Required request parameter 'includeDetails' for method parameter type boolean is not present]
