2026-09-23T15:23:50.1322232+07:00	exit=0	docker version
2026-09-23T15:23:50.3703710+07:00	exit=0	docker compose version --short
2026-09-23T15:23:52.8197910+07:00	exit=0	docker compose -p p01-independent-rerun -f D:\vector-rag\benchmark\p01\derived\docker-compose-rerun.yml up -d config-server
2026-09-23T15:24:06.8142574+07:00	exit=0	docker compose -p p01-independent-rerun -f D:\vector-rag\benchmark\p01\derived\docker-compose-rerun.yml up -d discovery-server
2026-09-23T15:24:17.2956172+07:00	exit=0	docker compose -p p01-independent-rerun -f D:\vector-rag\benchmark\p01\derived\docker-compose-rerun.yml up -d customers-service visits-service
2026-09-23T15:24:40.3006973+07:00	exit=0	docker compose ps -q visits-service
2026-09-23T15:24:40.5061966+07:00	exit=0	docker inspect service IP visits-service
2026-09-23T15:24:41.6270702+07:00	exit=0	docker compose -p p01-independent-rerun -f D:\vector-rag\benchmark\p01\derived\docker-compose-rerun.yml up -d api-gateway
2026-09-23T15:25:25.6367317+07:00	exit=0	docker compose logs config-server (baseline)
2026-09-23T15:25:26.1189735+07:00	exit=0	docker compose logs discovery-server (baseline)
2026-09-23T15:25:26.6293730+07:00	exit=0	docker compose logs customers-service (baseline)
2026-09-23T15:25:27.0996294+07:00	exit=0	docker compose logs visits-service (baseline)
2026-09-23T15:25:27.6100396+07:00	exit=0	docker compose logs api-gateway (baseline)
2026-09-23T15:25:30.3151392+07:00	exit=0	docker compose -p p01-independent-rerun -f D:\vector-rag\benchmark\p01\derived\docker-compose-rerun.yml up -d --no-deps --force-recreate visits-service
2026-09-23T15:25:46.7209340+07:00	exit=0	docker compose ps -q visits-service
2026-09-23T15:25:46.9486389+07:00	exit=0	docker inspect service IP visits-service
2026-09-23T15:26:02.7218724+07:00	exit=0	docker compose logs config-server (mutated)
2026-09-23T15:26:03.2102208+07:00	exit=0	docker compose logs discovery-server (mutated)
2026-09-23T15:26:03.6639528+07:00	exit=0	docker compose logs customers-service (mutated)
2026-09-23T15:26:04.1223504+07:00	exit=0	docker compose logs visits-service (mutated)
2026-09-23T15:26:04.6695674+07:00	exit=0	docker compose logs api-gateway (mutated)
2026-09-23T15:26:05.1865763+07:00	exit=0	docker compose ps --format json
2026-09-23T15:26:08.0592775+07:00	exit=0	docker compose -p p01-independent-rerun -f D:\vector-rag\benchmark\p01\derived\docker-compose-rerun.yml down --volumes --remove-orphans
