customers-service-1  | 2026-09-23T08:17:53.826736998Z 08:17:53,825 |-WARN in ch.qos.logback.core.model.processor.ImplicitModelHandler - Ignoring unknown property [jmxConfigurator] in [ch.qos.logback.classic.LoggerContext]
customers-service-1  | 2026-09-23T08:17:53.907124516Z 
customers-service-1  | 2026-09-23T08:17:53.907154575Z   .   ____          _            __ _ _
customers-service-1  | 2026-09-23T08:17:53.907158462Z  /\\ / ___'_ __ _ _(_)_ __  __ _ \ \ \ \
customers-service-1  | 2026-09-23T08:17:53.907161408Z ( ( )\___ | '_ | '_| | '_ \/ _` | \ \ \ \
customers-service-1  | 2026-09-23T08:17:53.907164234Z  \\/  ___)| |_)| | | | | || (_| |  ) ) ) )
customers-service-1  | 2026-09-23T08:17:53.907166969Z   '  |____| .__|_| |_|_| |_\__, | / / / /
customers-service-1  | 2026-09-23T08:17:53.907169574Z  =========|_|==============|___/=/_/_/_/
customers-service-1  | 2026-09-23T08:17:53.907172159Z 
customers-service-1  | 2026-09-23T08:17:53.907395817Z  :: Spring Boot ::                (v4.0.1)
customers-service-1  | 2026-09-23T08:17:53.907404364Z 
customers-service-1  | 2026-09-23T08:17:53.999159615Z 2026-09-23T08:17:53.995Z  INFO 1 --- [customers-service] [           main] [                                                 ] o.s.s.p.c.CustomersServiceApplication    : Starting CustomersServiceApplication v4.0.1 using Java 17.0.20 with PID 1 (/application/BOOT-INF/classes started by root in /application)
customers-service-1  | 2026-09-23T08:17:54.001269223Z 2026-09-23T08:17:54.000Z  INFO 1 --- [customers-service] [           main] [                                                 ] o.s.s.p.c.CustomersServiceApplication    : The following 1 profile is active: "docker"
customers-service-1  | 2026-09-23T08:17:54.071840925Z 2026-09-23T08:17:54.070Z  INFO 1 --- [customers-service] [           main] [                                                 ] o.s.c.c.c.ConfigServerConfigDataLoader   : Fetching config from server at : http://localhost:8888/
customers-service-1  | 2026-09-23T08:17:54.073202936Z 2026-09-23T08:17:54.072Z  INFO 1 --- [customers-service] [           main] [                                                 ] o.s.c.c.c.ConfigServerConfigDataLoader   : Exception on Url - http://localhost:8888/:org.springframework.web.client.ResourceAccessException: I/O error on GET request for "http://localhost:8888/customers-service/default": Connection refused. Will be trying the next url if available
customers-service-1  | 2026-09-23T08:17:54.074017023Z 2026-09-23T08:17:54.073Z  WARN 1 --- [customers-service] [           main] [                                                 ] o.s.c.c.c.ConfigServerConfigDataLoader   : Could not locate PropertySource ([ConfigServerConfigDataResource@fac80 uris = array<String>['http://localhost:8888/'], optional = true, profiles = 'default']): I/O error on GET request for "http://localhost:8888/customers-service/default": Connection refused
customers-service-1  | 2026-09-23T08:17:54.074880825Z 2026-09-23T08:17:54.074Z  INFO 1 --- [customers-service] [           main] [                                                 ] o.s.c.c.c.ConfigServerConfigDataLoader   : Fetching config from server at : http://config-server:8888
customers-service-1  | 2026-09-23T08:17:54.075270955Z 2026-09-23T08:17:54.074Z  INFO 1 --- [customers-service] [           main] [                                                 ] o.s.c.c.c.ConfigServerConfigDataLoader   : Located environment: name=customers-service, profiles=[docker], label=null, version=323993ce2519c6d02df63e08bf4458d123d3b611, state=
customers-service-1  | 2026-09-23T08:17:54.076600236Z 2026-09-23T08:17:54.075Z  INFO 1 --- [customers-service] [           main] [                                                 ] o.s.c.c.c.ConfigServerConfigDataLoader   : Fetching config from server at : http://config-server:8888
customers-service-1  | 2026-09-23T08:17:54.077408680Z 2026-09-23T08:17:54.076Z  INFO 1 --- [customers-service] [           main] [                                                 ] o.s.c.c.c.ConfigServerConfigDataLoader   : Located environment: name=customers-service, profiles=[default], label=null, version=323993ce2519c6d02df63e08bf4458d123d3b611, state=
customers-service-1  | 2026-09-23T08:17:54.078086343Z 2026-09-23T08:17:54.077Z  INFO 1 --- [customers-service] [           main] [                                                 ] o.s.c.c.c.ConfigServerConfigDataLoader   : Fetching config from server at : http://localhost:8888/
customers-service-1  | 2026-09-23T08:17:54.078826295Z 2026-09-23T08:17:54.078Z  INFO 1 --- [customers-service] [           main] [                                                 ] o.s.c.c.c.ConfigServerConfigDataLoader   : Exception on Url - http://localhost:8888/:org.springframework.web.client.ResourceAccessException: I/O error on GET request for "http://localhost:8888/customers-service/docker": Connection refused. Will be trying the next url if available
customers-service-1  | 2026-09-23T08:17:54.079507458Z 2026-09-23T08:17:54.079Z  WARN 1 --- [customers-service] [           main] [                                                 ] o.s.c.c.c.ConfigServerConfigDataLoader   : Could not locate PropertySource ([ConfigServerConfigDataResource@6e4ea0bd uris = array<String>['http://localhost:8888/'], optional = true, profiles = 'docker']): I/O error on GET request for "http://localhost:8888/customers-service/docker": Connection refused
customers-service-1  | 2026-09-23T08:17:54.079821097Z 2026-09-23T08:17:54.079Z  INFO 1 --- [customers-service] [           main] [                                                 ] o.s.c.c.c.ConfigServerConfigDataLoader   : Fetching config from server at : http://localhost:8888/
customers-service-1  | 2026-09-23T08:17:54.080062852Z 2026-09-23T08:17:54.079Z  INFO 1 --- [customers-service] [           main] [                                                 ] o.s.c.c.c.ConfigServerConfigDataLoader   : Exception on Url - http://localhost:8888/:org.springframework.web.client.ResourceAccessException: I/O error on GET request for "http://localhost:8888/customers-service/default": Connection refused. Will be trying the next url if available
customers-service-1  | 2026-09-23T08:17:54.080171634Z 2026-09-23T08:17:54.079Z  WARN 1 --- [customers-service] [           main] [                                                 ] o.s.c.c.c.ConfigServerConfigDataLoader   : Could not locate PropertySource ([ConfigServerConfigDataResource@56f2bbea uris = array<String>['http://localhost:8888/'], optional = true, profiles = 'default']): I/O error on GET request for "http://localhost:8888/customers-service/default": Connection refused
customers-service-1  | 2026-09-23T08:17:56.122664103Z 2026-09-23T08:17:56.122Z  INFO 1 --- [customers-service] [           main] [                                                 ] .s.d.r.c.RepositoryConfigurationDelegate : Bootstrapping Spring Data JPA repositories in DEFAULT mode.
customers-service-1  | 2026-09-23T08:17:56.339264128Z 2026-09-23T08:17:56.338Z  INFO 1 --- [customers-service] [           main] [                                                 ] .s.d.r.c.RepositoryConfigurationDelegate : Finished Spring Data repository scanning in 202 ms. Found 2 JPA repository interfaces.
customers-service-1  | 2026-09-23T08:17:57.032001697Z 2026-09-23T08:17:57.031Z  INFO 1 --- [customers-service] [           main] [                                                 ] o.s.cloud.context.scope.GenericScope     : BeanFactory id=915a3209-3627-306d-96ad-ee3ecfe559f4
customers-service-1  | 2026-09-23T08:17:58.743677060Z 2026-09-23T08:17:58.733Z  INFO 1 --- [customers-service] [           main] [                                                 ] o.s.boot.tomcat.TomcatWebServer          : Tomcat initialized with port 8081 (http)
customers-service-1  | 2026-09-23T08:17:58.786704638Z 2026-09-23T08:17:58.785Z  INFO 1 --- [customers-service] [           main] [                                                 ] o.apache.catalina.core.StandardService   : Starting service [Tomcat]
customers-service-1  | 2026-09-23T08:17:58.790317201Z 2026-09-23T08:17:58.788Z  INFO 1 --- [customers-service] [           main] [                                                 ] o.apache.catalina.core.StandardEngine    : Starting Servlet engine: [Apache Tomcat/11.0.15]
customers-service-1  | 2026-09-23T08:17:58.908630875Z 2026-09-23T08:17:58.907Z  INFO 1 --- [customers-service] [           main] [                                                 ] b.w.c.s.WebApplicationContextInitializer : Root WebApplicationContext: initialization completed in 4821 ms
customers-service-1  | 2026-09-23T08:18:00.697777102Z 2026-09-23T08:18:00.693Z  INFO 1 --- [customers-service] [           main] [                                                 ] com.zaxxer.hikari.HikariDataSource       : HikariPool-1 - Starting...
customers-service-1  | 2026-09-23T08:18:01.228856839Z 2026-09-23T08:18:01.226Z  INFO 1 --- [customers-service] [           main] [                                                 ] com.zaxxer.hikari.pool.PoolBase          : HikariPool-1 - Driver does not support get/set network timeout for connections. (feature not supported)
customers-service-1  | 2026-09-23T08:18:01.237278090Z 2026-09-23T08:18:01.231Z  INFO 1 --- [customers-service] [           main] [                                                 ] com.zaxxer.hikari.pool.HikariPool        : HikariPool-1 - Added connection org.hsqldb.jdbc.JDBCConnection@716eae1
customers-service-1  | 2026-09-23T08:18:01.237314101Z 2026-09-23T08:18:01.235Z  INFO 1 --- [customers-service] [           main] [                                                 ] com.zaxxer.hikari.HikariDataSource       : HikariPool-1 - Start completed.
customers-service-1  | 2026-09-23T08:18:01.638121268Z 2026-09-23T08:18:01.637Z  INFO 1 --- [customers-service] [           main] [                                                 ] org.hibernate.orm.jpa                    : HHH008540: Processing PersistenceUnitInfo [name: default]
customers-service-1  | 2026-09-23T08:18:01.716673329Z 2026-09-23T08:18:01.715Z  INFO 1 --- [customers-service] [           main] [                                                 ] org.hibernate.orm.core                   : HHH000001: Hibernate ORM core version 7.2.0.Final
customers-service-1  | 2026-09-23T08:18:02.212518696Z 2026-09-23T08:18:02.212Z  INFO 1 --- [customers-service] [           main] [                                                 ] o.s.o.j.p.SpringPersistenceUnitInfo      : No LoadTimeWeaver setup: ignoring JPA class transformer
customers-service-1  | 2026-09-23T08:18:02.291370724Z 2026-09-23T08:18:02.290Z  INFO 1 --- [customers-service] [           main] [                                                 ] org.hibernate.orm.connections.pooling    : HHH10001005: Database info:
customers-service-1  | 2026-09-23T08:18:02.291407516Z 	Database JDBC URL [jdbc:hsqldb:mem:1de49426-d872-4f2a-8186-3bbc4c4dbf1b]
customers-service-1  | 2026-09-23T08:18:02.291419309Z 	Database driver: HSQL Database Engine Driver
customers-service-1  | 2026-09-23T08:18:02.291428818Z 	Database dialect: HSQLDialect
customers-service-1  | 2026-09-23T08:18:02.291437595Z 	Database version: 2.7.3
customers-service-1  | 2026-09-23T08:18:02.291446462Z 	Default catalog/schema: PUBLIC/PUBLIC
customers-service-1  | 2026-09-23T08:18:02.291455199Z 	Autocommit mode: undefined/unknown
customers-service-1  | 2026-09-23T08:18:02.291463826Z 	Isolation level: READ_COMMITTED [default READ_COMMITTED]
customers-service-1  | 2026-09-23T08:18:02.291494927Z 	JDBC fetch size: none
customers-service-1  | 2026-09-23T08:18:02.291500648Z 	Pool: DataSourceConnectionProvider
customers-service-1  | 2026-09-23T08:18:02.291505738Z 	Minimum pool size: undefined/unknown
customers-service-1  | 2026-09-23T08:18:02.291510798Z 	Maximum pool size: undefined/unknown
customers-service-1  | 2026-09-23T08:18:02.484506780Z 2026-09-23T08:18:02.483Z  WARN 1 --- [customers-service] [           main] [                                                 ] org.hibernate.orm.deprecation            : HHH90000033: Encountered use of deprecated annotation [interface jakarta.persistence.Temporal] at org.springframework.samples.petclinic.customers.model.Pet.birthDate.
customers-service-1  | 2026-09-23T08:18:03.768421051Z 2026-09-23T08:18:03.767Z  INFO 1 --- [customers-service] [           main] [                                                 ] org.hibernate.orm.core                   : HHH000489: No JTA platform available (set 'hibernate.transaction.jta.platform' to enable JTA platform integration)
customers-service-1  | 2026-09-23T08:18:03.780744106Z 2026-09-23T08:18:03.780Z  INFO 1 --- [customers-service] [           main] [                                                 ] j.LocalContainerEntityManagerFactoryBean : Initialized JPA EntityManagerFactory for persistence unit 'default'
customers-service-1  | 2026-09-23T08:18:04.061426549Z 2026-09-23T08:18:04.060Z  INFO 1 --- [customers-service] [           main] [                                                 ] o.s.d.j.r.query.QueryEnhancerFactories   : Hibernate is in classpath; If applicable, HQL parser will be used.
customers-service-1  | 2026-09-23T08:18:06.548100474Z 2026-09-23T08:18:06.541Z  WARN 1 --- [customers-service] [/api/v2/spans}}] [                                                 ] z.r.i.AsyncReporter$BoundedAsyncReporter : Spans were dropped due to exceptions. All subsequent errors will be logged at FINE level.
customers-service-1  | 2026-09-23T08:18:06.551874374Z 2026-09-23T08:18:06.542Z  WARN 1 --- [customers-service] [/api/v2/spans}}] [                                                 ] z.r.i.AsyncReporter$BoundedAsyncReporter : Dropped 45 spans due to ConnectException()
customers-service-1  | 2026-09-23T08:18:06.551902819Z 
customers-service-1  | 2026-09-23T08:18:06.551907528Z java.net.ConnectException
customers-service-1  | 2026-09-23T08:18:06.551911696Z 	at java.net.http/jdk.internal.net.http.HttpClientImpl.send(HttpClientImpl.java:900)
customers-service-1  | 2026-09-23T08:18:06.551916796Z 	at java.net.http/jdk.internal.net.http.HttpClientFacade.send(HttpClientFacade.java:133)
customers-service-1  | 2026-09-23T08:18:06.551921415Z 	at org.springframework.boot.zipkin.autoconfigure.ZipkinHttpClientSender.postSpans(ZipkinHttpClientSender.java:59)
customers-service-1  | 2026-09-23T08:18:06.551925253Z 	at org.springframework.boot.zipkin.autoconfigure.HttpSender.postSpans(HttpSender.java:69)
customers-service-1  | 2026-09-23T08:18:06.551928940Z 	at org.springframework.boot.zipkin.autoconfigure.HttpSender.postSpans(HttpSender.java:41)
customers-service-1  | 2026-09-23T08:18:06.551932898Z 	at zipkin2.reporter.BaseHttpSender.send(BaseHttpSender.java:123)
customers-service-1  | 2026-09-23T08:18:06.551936916Z 	at zipkin2.reporter.internal.AsyncReporter$BoundedAsyncReporter.flush(AsyncReporter.java:266)
customers-service-1  | 2026-09-23T08:18:06.551940873Z 	at zipkin2.reporter.internal.AsyncReporter$Flusher.run(AsyncReporter.java:352)
customers-service-1  | 2026-09-23T08:18:06.551993386Z 	at java.base/java.lang.Thread.run(Thread.java:840)
customers-service-1  | 2026-09-23T08:18:06.552017974Z Caused by: java.net.ConnectException
customers-service-1  | 2026-09-23T08:18:06.552022593Z 	at java.net.http/jdk.internal.net.http.common.Utils.toConnectException(Utils.java:1107)
customers-service-1  | 2026-09-23T08:18:06.552026370Z 	at java.net.http/jdk.internal.net.http.PlainHttpConnection.connectAsync(PlainHttpConnection.java:203)
customers-service-1  | 2026-09-23T08:18:06.552030077Z 	at java.net.http/jdk.internal.net.http.Http1Exchange.sendHeadersAsync(Http1Exchange.java:308)
customers-service-1  | 2026-09-23T08:18:06.552033735Z 	at java.net.http/jdk.internal.net.http.Exchange.lambda$responseAsyncImpl0$8(Exchange.java:564)
customers-service-1  | 2026-09-23T08:18:06.552037522Z 	at java.net.http/jdk.internal.net.http.Exchange.checkFor407(Exchange.java:435)
customers-service-1  | 2026-09-23T08:18:06.552041079Z 	at java.net.http/jdk.internal.net.http.Exchange.lambda$responseAsyncImpl0$9(Exchange.java:568)
customers-service-1  | 2026-09-23T08:18:06.552044796Z 	at java.base/java.util.concurrent.CompletableFuture.uniHandle(CompletableFuture.java:934)
customers-service-1  | 2026-09-23T08:18:06.552048644Z 	at java.base/java.util.concurrent.CompletableFuture.uniHandleStage(CompletableFuture.java:950)
customers-service-1  | 2026-09-23T08:18:06.552052371Z 	at java.base/java.util.concurrent.CompletableFuture.handle(CompletableFuture.java:2340)
customers-service-1  | 2026-09-23T08:18:06.552055878Z 	at java.net.http/jdk.internal.net.http.Exchange.responseAsyncImpl0(Exchange.java:568)
customers-service-1  | 2026-09-23T08:18:06.552061409Z 	at java.net.http/jdk.internal.net.http.Exchange.responseAsyncImpl(Exchange.java:411)
customers-service-1  | 2026-09-23T08:18:06.552065096Z 	at java.net.http/jdk.internal.net.http.Exchange.responseAsync(Exchange.java:403)
customers-service-1  | 2026-09-23T08:18:06.552068603Z 	at java.net.http/jdk.internal.net.http.MultiExchange.responseAsyncImpl(MultiExchange.java:430)
customers-service-1  | 2026-09-23T08:18:06.552072270Z 	at java.net.http/jdk.internal.net.http.MultiExchange.lambda$responseAsyncImpl$7(MultiExchange.java:471)
customers-service-1  | 2026-09-23T08:18:06.552075807Z 	at java.base/java.util.concurrent.CompletableFuture.uniHandle(CompletableFuture.java:934)
customers-service-1  | 2026-09-23T08:18:06.552079464Z 	at java.base/java.util.concurrent.CompletableFuture.uniHandleStage(CompletableFuture.java:950)
customers-service-1  | 2026-09-23T08:18:06.552082991Z 	at java.base/java.util.concurrent.CompletableFuture.handle(CompletableFuture.java:2340)
customers-service-1  | 2026-09-23T08:18:06.552086478Z 	at java.net.http/jdk.internal.net.http.MultiExchange.responseAsyncImpl(MultiExchange.java:461)
customers-service-1  | 2026-09-23T08:18:06.552089904Z 	at java.net.http/jdk.internal.net.http.MultiExchange.lambda$responseAsync0$2(MultiExchange.java:350)
customers-service-1  | 2026-09-23T08:18:06.552093371Z 	at java.base/java.util.concurrent.CompletableFuture$UniCompose.tryFire(CompletableFuture.java:1150)
customers-service-1  | 2026-09-23T08:18:06.552096778Z 	at java.base/java.util.concurrent.CompletableFuture.postComplete(CompletableFuture.java:510)
customers-service-1  | 2026-09-23T08:18:06.552100244Z 	at java.base/java.util.concurrent.CompletableFuture$AsyncSupply.run(CompletableFuture.java:1773)
customers-service-1  | 2026-09-23T08:18:06.552103671Z 	at java.net.http/jdk.internal.net.http.HttpClientImpl$DelegatingExecutor.execute(HttpClientImpl.java:174)
customers-service-1  | 2026-09-23T08:18:06.552107098Z 	at java.base/java.util.concurrent.CompletableFuture.completeAsync(CompletableFuture.java:2673)
customers-service-1  | 2026-09-23T08:18:06.552116977Z 	at java.net.http/jdk.internal.net.http.MultiExchange.responseAsync(MultiExchange.java:303)
customers-service-1  | 2026-09-23T08:18:06.552120414Z 	at java.net.http/jdk.internal.net.http.HttpClientImpl.sendAsync(HttpClientImpl.java:991)
customers-service-1  | 2026-09-23T08:18:06.552124241Z 	at java.net.http/jdk.internal.net.http.HttpClientImpl.send(HttpClientImpl.java:878)
customers-service-1  | 2026-09-23T08:18:06.552128319Z 	... 8 common frames omitted
customers-service-1  | 2026-09-23T08:18:06.552132127Z Caused by: java.nio.channels.UnresolvedAddressException
customers-service-1  | 2026-09-23T08:18:06.552136675Z 	at java.base/sun.nio.ch.Net.checkAddress(Net.java:159)
customers-service-1  | 2026-09-23T08:18:06.552141876Z 	at java.base/sun.nio.ch.Net.checkAddress(Net.java:167)
customers-service-1  | 2026-09-23T08:18:06.552146354Z 	at java.base/sun.nio.ch.SocketChannelImpl.checkRemote(SocketChannelImpl.java:816)
customers-service-1  | 2026-09-23T08:18:06.552150943Z 	at java.base/sun.nio.ch.SocketChannelImpl.connect(SocketChannelImpl.java:839)
customers-service-1  | 2026-09-23T08:18:06.552154661Z 	at java.net.http/jdk.internal.net.http.PlainHttpConnection.lambda$connectAsync$0(PlainHttpConnection.java:187)
customers-service-1  | 2026-09-23T08:18:06.552159149Z 	at java.base/java.security.AccessController.doPrivileged(AccessController.java:569)
customers-service-1  | 2026-09-23T08:18:06.552162857Z 	at java.net.http/jdk.internal.net.http.PlainHttpConnection.connectAsync(PlainHttpConnection.java:189)
customers-service-1  | 2026-09-23T08:18:06.552166484Z 	... 33 common frames omitted
customers-service-1  | 2026-09-23T08:18:06.552170331Z 
customers-service-1  | 2026-09-23T08:18:07.614464269Z 2026-09-23T08:18:07.612Z  INFO 1 --- [customers-service] [           main] [                                                 ] DiscoveryClientOptionalArgsConfiguration : Eureka HTTP Client uses RestClient.
customers-service-1  | 2026-09-23T08:18:07.704365124Z 2026-09-23T08:18:07.703Z  WARN 1 --- [customers-service] [           main] [                                                 ] iguration$LoadBalancerCaffeineWarnLogger : Spring Cloud LoadBalancer is currently working with the default cache. While this cache implementation is useful for development and tests, it's recommended to use Caffeine cache in production.You can switch to using Caffeine cache, by adding it and org.springframework.cache.caffeine.CaffeineCacheManager to the classpath.
customers-service-1  | 2026-09-23T08:18:07.716930068Z 2026-09-23T08:18:07.716Z  INFO 1 --- [customers-service] [           main] [                                                 ] o.s.b.a.e.web.EndpointLinksResolver      : Exposing 17 endpoints beneath base path '/actuator'
customers-service-1  | 2026-09-23T08:18:07.858608125Z 2026-09-23T08:18:07.858Z  INFO 1 --- [customers-service] [           main] [                                                 ] o.s.c.n.eureka.InstanceInfoFactory       : Setting initial instance status as: STARTING
customers-service-1  | 2026-09-23T08:18:07.906784344Z 2026-09-23T08:18:07.906Z  INFO 1 --- [customers-service] [           main] [                                                 ] com.netflix.discovery.DiscoveryClient    : Initializing Eureka in region us-east-1
customers-service-1  | 2026-09-23T08:18:07.914357634Z 2026-09-23T08:18:07.913Z  INFO 1 --- [customers-service] [           main] [                                                 ] c.n.d.s.r.aws.ConfigClusterResolver      : Resolving eureka endpoints via configuration
customers-service-1  | 2026-09-23T08:18:07.935861160Z 2026-09-23T08:18:07.933Z  INFO 1 --- [customers-service] [           main] [                                                 ] com.netflix.discovery.DiscoveryClient    : Disable delta property : false
customers-service-1  | 2026-09-23T08:18:07.937721973Z 2026-09-23T08:18:07.936Z  INFO 1 --- [customers-service] [           main] [                                                 ] com.netflix.discovery.DiscoveryClient    : Single vip registry refresh property : null
customers-service-1  | 2026-09-23T08:18:07.937939157Z 2026-09-23T08:18:07.937Z  INFO 1 --- [customers-service] [           main] [                                                 ] com.netflix.discovery.DiscoveryClient    : Force full registry fetch : false
customers-service-1  | 2026-09-23T08:18:07.938120591Z 2026-09-23T08:18:07.937Z  INFO 1 --- [customers-service] [           main] [                                                 ] com.netflix.discovery.DiscoveryClient    : Application is null : false
customers-service-1  | 2026-09-23T08:18:07.938291905Z 2026-09-23T08:18:07.938Z  INFO 1 --- [customers-service] [           main] [                                                 ] com.netflix.discovery.DiscoveryClient    : Registered Applications size is zero : true
customers-service-1  | 2026-09-23T08:18:07.939123327Z 2026-09-23T08:18:07.938Z  INFO 1 --- [customers-service] [           main] [                                                 ] com.netflix.discovery.DiscoveryClient    : Application version is -1: true
customers-service-1  | 2026-09-23T08:18:07.939152013Z 2026-09-23T08:18:07.938Z  INFO 1 --- [customers-service] [           main] [                                                 ] com.netflix.discovery.DiscoveryClient    : Getting all instance registry info from the eureka server
customers-service-1  | 2026-09-23T08:18:08.296727698Z 2026-09-23T08:18:08.296Z  INFO 1 --- [customers-service] [           main] [                                                 ] com.netflix.discovery.DiscoveryClient    : The response status is 200
customers-service-1  | 2026-09-23T08:18:08.304141824Z 2026-09-23T08:18:08.303Z  INFO 1 --- [customers-service] [           main] [                                                 ] com.netflix.discovery.DiscoveryClient    : Starting heartbeat executor: renew interval is: 30
customers-service-1  | 2026-09-23T08:18:08.307420824Z 2026-09-23T08:18:08.306Z  INFO 1 --- [customers-service] [           main] [                                                 ] c.n.discovery.InstanceInfoReplicator     : InstanceInfoReplicator onDemand update allowed rate per min is 4
customers-service-1  | 2026-09-23T08:18:08.309561468Z 2026-09-23T08:18:08.309Z  INFO 1 --- [customers-service] [           main] [                                                 ] com.netflix.discovery.DiscoveryClient    : Discovery Client initialized at timestamp 1790151488308 with initial instances count: 0
customers-service-1  | 2026-09-23T08:18:08.316175225Z 2026-09-23T08:18:08.315Z  INFO 1 --- [customers-service] [           main] [                                                 ] o.s.c.n.e.s.EurekaServiceRegistry        : Registering application CUSTOMERS-SERVICE with eureka with status UP
customers-service-1  | 2026-09-23T08:18:08.317333626Z 2026-09-23T08:18:08.316Z  INFO 1 --- [customers-service] [           main] [                                                 ] com.netflix.discovery.DiscoveryClient    : Saw local status change event StatusChangeEvent [timestamp=1790151488316, current=UP, previous=STARTING]
customers-service-1  | 2026-09-23T08:18:08.319111209Z 2026-09-23T08:18:08.318Z  INFO 1 --- [customers-service] [foReplicator-%d] [                                                 ] com.netflix.discovery.DiscoveryClient    : DiscoveryClient_CUSTOMERS-SERVICE/91f8ddb228b5:customers-service:8081: registering service...
customers-service-1  | 2026-09-23T08:18:08.336226587Z 2026-09-23T08:18:08.335Z  INFO 1 --- [customers-service] [           main] [                                                 ] o.s.boot.tomcat.TomcatWebServer          : Tomcat started on port 8081 (http) with context path '/'
customers-service-1  | 2026-09-23T08:18:08.337401051Z 2026-09-23T08:18:08.337Z  INFO 1 --- [customers-service] [           main] [                                                 ] .s.c.n.e.s.EurekaAutoServiceRegistration : Updating port to 8081
customers-service-1  | 2026-09-23T08:18:08.356310185Z 2026-09-23T08:18:08.355Z  INFO 1 --- [customers-service] [           main] [                                                 ] o.s.s.p.c.CustomersServiceApplication    : Started CustomersServiceApplication in 20.399 seconds (process running for 21.427)
customers-service-1  | 2026-09-23T08:18:08.383090689Z 2026-09-23T08:18:08.382Z  INFO 1 --- [customers-service] [foReplicator-%d] [                                                 ] com.netflix.discovery.DiscoveryClient    : DiscoveryClient_CUSTOMERS-SERVICE/91f8ddb228b5:customers-service:8081 - registration status: 204
customers-service-1  | 2026-09-23T08:18:08.754967771Z 2026-09-23T08:18:08.754Z  INFO 1 --- [customers-service] [nio-8081-exec-1] [                                                 ] o.a.c.c.C.[Tomcat].[localhost].[/]       : Initializing Spring DispatcherServlet 'dispatcherServlet'
customers-service-1  | 2026-09-23T08:18:08.755562334Z 2026-09-23T08:18:08.755Z  INFO 1 --- [customers-service] [nio-8081-exec-1] [                                                 ] o.s.web.servlet.DispatcherServlet        : Initializing Servlet 'dispatcherServlet'
customers-service-1  | 2026-09-23T08:18:08.760342970Z 2026-09-23T08:18:08.759Z  INFO 1 --- [customers-service] [nio-8081-exec-1] [                                                 ] o.s.web.servlet.DispatcherServlet        : Completed initialization in 4 ms
customers-service-1  | 2026-09-23T08:18:38.305515545Z 2026-09-23T08:18:38.304Z  INFO 1 --- [customers-service] [reshExecutor-%d] [                                                 ] com.netflix.discovery.DiscoveryClient    : Disable delta property : false
customers-service-1  | 2026-09-23T08:18:38.306155747Z 2026-09-23T08:18:38.305Z  INFO 1 --- [customers-service] [reshExecutor-%d] [                                                 ] com.netflix.discovery.DiscoveryClient    : Single vip registry refresh property : null
customers-service-1  | 2026-09-23T08:18:38.306676334Z 2026-09-23T08:18:38.306Z  INFO 1 --- [customers-service] [reshExecutor-%d] [                                                 ] com.netflix.discovery.DiscoveryClient    : Force full registry fetch : false
customers-service-1  | 2026-09-23T08:18:38.306864797Z 2026-09-23T08:18:38.306Z  INFO 1 --- [customers-service] [reshExecutor-%d] [                                                 ] com.netflix.discovery.DiscoveryClient    : Application is null : false
customers-service-1  | 2026-09-23T08:18:38.307008680Z 2026-09-23T08:18:38.306Z  INFO 1 --- [customers-service] [reshExecutor-%d] [                                                 ] com.netflix.discovery.DiscoveryClient    : Registered Applications size is zero : true
customers-service-1  | 2026-09-23T08:18:38.307190403Z 2026-09-23T08:18:38.306Z  INFO 1 --- [customers-service] [reshExecutor-%d] [                                                 ] com.netflix.discovery.DiscoveryClient    : Application version is -1: false
customers-service-1  | 2026-09-23T08:18:38.307486205Z 2026-09-23T08:18:38.307Z  INFO 1 --- [customers-service] [reshExecutor-%d] [                                                 ] com.netflix.discovery.DiscoveryClient    : Getting all instance registry info from the eureka server
customers-service-1  | 2026-09-23T08:18:38.334129738Z 2026-09-23T08:18:38.333Z  INFO 1 --- [customers-service] [reshExecutor-%d] [                                                 ] com.netflix.discovery.DiscoveryClient    : The response status is 200
