discovery-server-1  | 2026-09-23T08:17:40.687370910Z 
discovery-server-1  | 2026-09-23T08:17:40.687452289Z   .   ____          _            __ _ _
discovery-server-1  | 2026-09-23T08:17:40.687459092Z  /\\ / ___'_ __ _ _(_)_ __  __ _ \ \ \ \
discovery-server-1  | 2026-09-23T08:17:40.687463661Z ( ( )\___ | '_ | '_| | '_ \/ _` | \ \ \ \
discovery-server-1  | 2026-09-23T08:17:40.687467769Z  \\/  ___)| |_)| | | | | || (_| |  ) ) ) )
discovery-server-1  | 2026-09-23T08:17:40.687471807Z   '  |____| .__|_| |_|_| |_\__, | / / / /
discovery-server-1  | 2026-09-23T08:17:40.687475835Z  =========|_|==============|___/=/_/_/_/
discovery-server-1  | 2026-09-23T08:17:40.687479933Z 
discovery-server-1  | 2026-09-23T08:17:40.687922836Z  :: Spring Boot ::                (v4.0.1)
discovery-server-1  | 2026-09-23T08:17:40.687937104Z 
discovery-server-1  | 2026-09-23T08:17:40.773826021Z 2026-09-23T08:17:40.771Z  INFO 1 --- [discovery-server] [           main] o.s.s.p.d.DiscoveryServerApplication     : Starting DiscoveryServerApplication v4.0.1 using Java 17.0.20 with PID 1 (/application/BOOT-INF/classes started by root in /application)
discovery-server-1  | 2026-09-23T08:17:40.775498434Z 2026-09-23T08:17:40.774Z  INFO 1 --- [discovery-server] [           main] o.s.s.p.d.DiscoveryServerApplication     : The following 1 profile is active: "docker"
discovery-server-1  | 2026-09-23T08:17:40.835198138Z 2026-09-23T08:17:40.834Z  INFO 1 --- [discovery-server] [           main] o.s.c.c.c.ConfigServerConfigDataLoader   : Fetching config from server at : http://localhost:8888/
discovery-server-1  | 2026-09-23T08:17:40.835572726Z 2026-09-23T08:17:40.834Z  INFO 1 --- [discovery-server] [           main] o.s.c.c.c.ConfigServerConfigDataLoader   : Exception on Url - http://localhost:8888/:org.springframework.web.client.ResourceAccessException: I/O error on GET request for "http://localhost:8888/discovery-server/default": Connection refused. Will be trying the next url if available
discovery-server-1  | 2026-09-23T08:17:40.835995925Z 2026-09-23T08:17:40.835Z  WARN 1 --- [discovery-server] [           main] o.s.c.c.c.ConfigServerConfigDataLoader   : Could not locate PropertySource ([ConfigServerConfigDataResource@6edcd0d8 uris = array<String>['http://localhost:8888/'], optional = true, profiles = 'default']): I/O error on GET request for "http://localhost:8888/discovery-server/default": Connection refused
discovery-server-1  | 2026-09-23T08:17:40.836921759Z 2026-09-23T08:17:40.836Z  INFO 1 --- [discovery-server] [           main] o.s.c.c.c.ConfigServerConfigDataLoader   : Fetching config from server at : http://config-server:8888
discovery-server-1  | 2026-09-23T08:17:40.836950395Z 2026-09-23T08:17:40.836Z  INFO 1 --- [discovery-server] [           main] o.s.c.c.c.ConfigServerConfigDataLoader   : Located environment: name=discovery-server, profiles=[docker], label=null, version=323993ce2519c6d02df63e08bf4458d123d3b611, state=
discovery-server-1  | 2026-09-23T08:17:40.837461503Z 2026-09-23T08:17:40.837Z  INFO 1 --- [discovery-server] [           main] o.s.c.c.c.ConfigServerConfigDataLoader   : Fetching config from server at : http://config-server:8888
discovery-server-1  | 2026-09-23T08:17:40.837641091Z 2026-09-23T08:17:40.837Z  INFO 1 --- [discovery-server] [           main] o.s.c.c.c.ConfigServerConfigDataLoader   : Located environment: name=discovery-server, profiles=[default], label=null, version=323993ce2519c6d02df63e08bf4458d123d3b611, state=
discovery-server-1  | 2026-09-23T08:17:40.838619761Z 2026-09-23T08:17:40.838Z  INFO 1 --- [discovery-server] [           main] o.s.c.c.c.ConfigServerConfigDataLoader   : Fetching config from server at : http://localhost:8888/
discovery-server-1  | 2026-09-23T08:17:40.838752913Z 2026-09-23T08:17:40.838Z  INFO 1 --- [discovery-server] [           main] o.s.c.c.c.ConfigServerConfigDataLoader   : Exception on Url - http://localhost:8888/:org.springframework.web.client.ResourceAccessException: I/O error on GET request for "http://localhost:8888/discovery-server/docker": Connection refused. Will be trying the next url if available
discovery-server-1  | 2026-09-23T08:17:40.838803061Z 2026-09-23T08:17:40.838Z  WARN 1 --- [discovery-server] [           main] o.s.c.c.c.ConfigServerConfigDataLoader   : Could not locate PropertySource ([ConfigServerConfigDataResource@1706a5c9 uris = array<String>['http://localhost:8888/'], optional = true, profiles = 'docker']): I/O error on GET request for "http://localhost:8888/discovery-server/docker": Connection refused
discovery-server-1  | 2026-09-23T08:17:40.839235114Z 2026-09-23T08:17:40.838Z  INFO 1 --- [discovery-server] [           main] o.s.c.c.c.ConfigServerConfigDataLoader   : Fetching config from server at : http://localhost:8888/
discovery-server-1  | 2026-09-23T08:17:40.839473019Z 2026-09-23T08:17:40.839Z  INFO 1 --- [discovery-server] [           main] o.s.c.c.c.ConfigServerConfigDataLoader   : Exception on Url - http://localhost:8888/:org.springframework.web.client.ResourceAccessException: I/O error on GET request for "http://localhost:8888/discovery-server/default": Connection refused. Will be trying the next url if available
discovery-server-1  | 2026-09-23T08:17:40.839613333Z 2026-09-23T08:17:40.839Z  WARN 1 --- [discovery-server] [           main] o.s.c.c.c.ConfigServerConfigDataLoader   : Could not locate PropertySource ([ConfigServerConfigDataResource@64412d34 uris = array<String>['http://localhost:8888/'], optional = true, profiles = 'default']): I/O error on GET request for "http://localhost:8888/discovery-server/default": Connection refused
discovery-server-1  | 2026-09-23T08:17:42.119197236Z 2026-09-23T08:17:42.118Z  INFO 1 --- [discovery-server] [           main] o.s.cloud.context.scope.GenericScope     : BeanFactory id=84fd98dd-dd53-32f5-9281-4fc95c535fbe
discovery-server-1  | 2026-09-23T08:17:42.483918090Z 2026-09-23T08:17:42.483Z  INFO 1 --- [discovery-server] [           main] o.s.boot.tomcat.TomcatWebServer          : Tomcat initialized with port 8761 (http)
discovery-server-1  | 2026-09-23T08:17:42.501033042Z 2026-09-23T08:17:42.500Z  INFO 1 --- [discovery-server] [           main] o.apache.catalina.core.StandardService   : Starting service [Tomcat]
discovery-server-1  | 2026-09-23T08:17:42.501345454Z 2026-09-23T08:17:42.501Z  INFO 1 --- [discovery-server] [           main] o.apache.catalina.core.StandardEngine    : Starting Servlet engine: [Apache Tomcat/11.0.15]
discovery-server-1  | 2026-09-23T08:17:42.559283134Z 2026-09-23T08:17:42.558Z  INFO 1 --- [discovery-server] [           main] b.w.c.s.WebApplicationContextInitializer : Root WebApplicationContext: initialization completed in 1716 ms
discovery-server-1  | 2026-09-23T08:17:43.712888453Z 2026-09-23T08:17:43.712Z  INFO 1 --- [discovery-server] [           main] c.n.d.provider.DiscoveryJerseyProvider   : Using JSON encoding codec LegacyJacksonJson
discovery-server-1  | 2026-09-23T08:17:43.712930354Z 2026-09-23T08:17:43.712Z  INFO 1 --- [discovery-server] [           main] c.n.d.provider.DiscoveryJerseyProvider   : Using JSON decoding codec LegacyJacksonJson
discovery-server-1  | 2026-09-23T08:17:43.920823206Z 2026-09-23T08:17:43.920Z  INFO 1 --- [discovery-server] [           main] c.n.d.provider.DiscoveryJerseyProvider   : Using XML encoding codec XStreamXml
discovery-server-1  | 2026-09-23T08:17:43.920863395Z 2026-09-23T08:17:43.920Z  INFO 1 --- [discovery-server] [           main] c.n.d.provider.DiscoveryJerseyProvider   : Using XML decoding codec XStreamXml
discovery-server-1  | 2026-09-23T08:17:44.194374456Z 2026-09-23T08:17:44.193Z  INFO 1 --- [discovery-server] [           main] o.s.v.b.OptionalValidatorFactoryBean     : Failed to set up a Bean Validation provider: jakarta.validation.NoProviderFoundException: Unable to create a Configuration, because no Jakarta Validation provider could be found. Add a provider like Hibernate Validator (RI) to your classpath.
discovery-server-1  | 2026-09-23T08:17:45.113080327Z 2026-09-23T08:17:45.112Z  WARN 1 --- [discovery-server] [           main] iguration$LoadBalancerCaffeineWarnLogger : Spring Cloud LoadBalancer is currently working with the default cache. While this cache implementation is useful for development and tests, it's recommended to use Caffeine cache in production.You can switch to using Caffeine cache, by adding it and org.springframework.cache.caffeine.CaffeineCacheManager to the classpath.
discovery-server-1  | 2026-09-23T08:17:45.135772572Z 2026-09-23T08:17:45.135Z  INFO 1 --- [discovery-server] [           main] o.s.c.n.eureka.InstanceInfoFactory       : Setting initial instance status as: STARTING
discovery-server-1  | 2026-09-23T08:17:45.154634679Z 2026-09-23T08:17:45.154Z  INFO 1 --- [discovery-server] [           main] com.netflix.discovery.DiscoveryClient    : Initializing Eureka in region us-east-1
discovery-server-1  | 2026-09-23T08:17:45.154666030Z 2026-09-23T08:17:45.154Z  INFO 1 --- [discovery-server] [           main] com.netflix.discovery.DiscoveryClient    : Client configured to neither register nor query for data.
discovery-server-1  | 2026-09-23T08:17:45.156212301Z 2026-09-23T08:17:45.155Z  INFO 1 --- [discovery-server] [           main] com.netflix.discovery.DiscoveryClient    : Discovery Client initialized at timestamp 1790151465155 with initial instances count: 0
discovery-server-1  | 2026-09-23T08:17:45.196819674Z 2026-09-23T08:17:45.196Z  INFO 1 --- [discovery-server] [           main] c.n.eureka.DefaultEurekaServerContext    : Initializing ...
discovery-server-1  | 2026-09-23T08:17:45.198757697Z 2026-09-23T08:17:45.198Z  INFO 1 --- [discovery-server] [           main] c.n.eureka.cluster.PeerEurekaNodes       : Adding new peer nodes [http://localhost:8761/eureka/]
discovery-server-1  | 2026-09-23T08:17:45.377931667Z 2026-09-23T08:17:45.377Z  INFO 1 --- [discovery-server] [           main] c.n.d.provider.DiscoveryJerseyProvider   : Using JSON encoding codec LegacyJacksonJson
discovery-server-1  | 2026-09-23T08:17:45.377976424Z 2026-09-23T08:17:45.377Z  INFO 1 --- [discovery-server] [           main] c.n.d.provider.DiscoveryJerseyProvider   : Using JSON decoding codec LegacyJacksonJson
discovery-server-1  | 2026-09-23T08:17:45.377981685Z 2026-09-23T08:17:45.377Z  INFO 1 --- [discovery-server] [           main] c.n.d.provider.DiscoveryJerseyProvider   : Using XML encoding codec XStreamXml
discovery-server-1  | 2026-09-23T08:17:45.378064535Z 2026-09-23T08:17:45.377Z  INFO 1 --- [discovery-server] [           main] c.n.d.provider.DiscoveryJerseyProvider   : Using XML decoding codec XStreamXml
discovery-server-1  | 2026-09-23T08:17:45.458598853Z 2026-09-23T08:17:45.457Z  INFO 1 --- [discovery-server] [           main] c.n.eureka.cluster.PeerEurekaNodes       : Replica node URL:  http://localhost:8761/eureka/
discovery-server-1  | 2026-09-23T08:17:45.471918588Z 2026-09-23T08:17:45.471Z  INFO 1 --- [discovery-server] [           main] c.n.e.registry.AbstractInstanceRegistry  : Finished initializing remote region registries. All known remote regions: []
discovery-server-1  | 2026-09-23T08:17:45.471965279Z 2026-09-23T08:17:45.471Z  INFO 1 --- [discovery-server] [           main] c.n.eureka.DefaultEurekaServerContext    : Initialized
discovery-server-1  | 2026-09-23T08:17:45.491229760Z 2026-09-23T08:17:45.490Z  INFO 1 --- [discovery-server] [           main] o.s.b.a.e.web.EndpointLinksResolver      : Exposing 16 endpoints beneath base path '/actuator'
discovery-server-1  | 2026-09-23T08:17:45.595877519Z 2026-09-23T08:17:45.595Z  INFO 1 --- [discovery-server] [           main] o.s.c.n.e.s.EurekaServiceRegistry        : Registering application DISCOVERY-SERVER with eureka with status UP
discovery-server-1  | 2026-09-23T08:17:45.611534045Z 2026-09-23T08:17:45.610Z  INFO 1 --- [discovery-server] [       Thread-9] o.s.c.n.e.server.EurekaServerBootstrap   : isAws returned false
discovery-server-1  | 2026-09-23T08:17:45.612227290Z 2026-09-23T08:17:45.611Z  INFO 1 --- [discovery-server] [       Thread-9] o.s.c.n.e.server.EurekaServerBootstrap   : Initialized server context
discovery-server-1  | 2026-09-23T08:17:45.612478744Z 2026-09-23T08:17:45.612Z  INFO 1 --- [discovery-server] [       Thread-9] c.n.e.r.PeerAwareInstanceRegistryImpl    : Got 1 instances from neighboring DS node
discovery-server-1  | 2026-09-23T08:17:45.612620959Z 2026-09-23T08:17:45.612Z  INFO 1 --- [discovery-server] [       Thread-9] c.n.e.r.PeerAwareInstanceRegistryImpl    : Renew threshold is: 1
discovery-server-1  | 2026-09-23T08:17:45.612840229Z 2026-09-23T08:17:45.612Z  INFO 1 --- [discovery-server] [       Thread-9] c.n.e.r.PeerAwareInstanceRegistryImpl    : Changing status to UP
discovery-server-1  | 2026-09-23T08:17:45.617124476Z 2026-09-23T08:17:45.616Z  INFO 1 --- [discovery-server] [       Thread-9] e.s.EurekaServerInitializerConfiguration : Started Eureka Server
discovery-server-1  | 2026-09-23T08:17:45.622655084Z 2026-09-23T08:17:45.621Z  INFO 1 --- [discovery-server] [           main] o.s.boot.tomcat.TomcatWebServer          : Tomcat started on port 8761 (http) with context path '/'
discovery-server-1  | 2026-09-23T08:17:45.624344613Z 2026-09-23T08:17:45.623Z  INFO 1 --- [discovery-server] [           main] .s.c.n.e.s.EurekaAutoServiceRegistration : Updating port to 8761
discovery-server-1  | 2026-09-23T08:17:45.639129540Z 2026-09-23T08:17:45.638Z  INFO 1 --- [discovery-server] [           main] o.s.s.p.d.DiscoveryServerApplication     : Started DiscoveryServerApplication in 8.436 seconds (process running for 9.19)
discovery-server-1  | 2026-09-23T08:17:45.872624178Z 2026-09-23T08:17:45.871Z  INFO 1 --- [discovery-server] [nio-8761-exec-1] o.a.c.c.C.[Tomcat].[localhost].[/]       : Initializing Spring DispatcherServlet 'dispatcherServlet'
discovery-server-1  | 2026-09-23T08:17:45.873001357Z 2026-09-23T08:17:45.872Z  INFO 1 --- [discovery-server] [nio-8761-exec-1] o.s.web.servlet.DispatcherServlet        : Initializing Servlet 'dispatcherServlet'
discovery-server-1  | 2026-09-23T08:17:45.876361795Z 2026-09-23T08:17:45.875Z  INFO 1 --- [discovery-server] [nio-8761-exec-1] o.s.web.servlet.DispatcherServlet        : Completed initialization in 3 ms
discovery-server-1  | 2026-09-23T08:18:07.986000559Z 2026-09-23T08:18:07.985Z  INFO 1 --- [discovery-server] [nio-8761-exec-4] c.n.e.registry.AbstractInstanceRegistry  : Registered instance VISITS-SERVICE/a269f19a6536:visits-service:8082 with status UP (replication=false)
discovery-server-1  | 2026-09-23T08:18:08.380473202Z 2026-09-23T08:18:08.380Z  INFO 1 --- [discovery-server] [nio-8761-exec-6] c.n.e.registry.AbstractInstanceRegistry  : Registered instance CUSTOMERS-SERVICE/91f8ddb228b5:customers-service:8081 with status UP (replication=false)
discovery-server-1  | 2026-09-23T08:18:08.650744391Z 2026-09-23T08:18:08.650Z  INFO 1 --- [discovery-server] [nio-8761-exec-7] c.n.e.registry.AbstractInstanceRegistry  : Registered instance VISITS-SERVICE/a269f19a6536:visits-service:8082 with status UP (replication=true)
discovery-server-1  | 2026-09-23T08:18:08.651660817Z 2026-09-23T08:18:08.651Z  INFO 1 --- [discovery-server] [nio-8761-exec-7] c.n.e.registry.AbstractInstanceRegistry  : Registered instance CUSTOMERS-SERVICE/91f8ddb228b5:customers-service:8081 with status UP (replication=true)
discovery-server-1  | 2026-09-23T08:18:21.544770008Z 2026-09-23T08:18:21.544Z  INFO 1 --- [discovery-server] [nio-8761-exec-9] c.n.e.registry.AbstractInstanceRegistry  : Registered instance API-GATEWAY/5aec6877dbcf:api-gateway:8080 with status UP (replication=false)
discovery-server-1  | 2026-09-23T08:18:22.063752169Z 2026-09-23T08:18:22.063Z  INFO 1 --- [discovery-server] [io-8761-exec-10] c.n.e.registry.AbstractInstanceRegistry  : Registered instance API-GATEWAY/5aec6877dbcf:api-gateway:8080 with status UP (replication=true)
discovery-server-1  | 2026-09-23T08:18:45.614886918Z 2026-09-23T08:18:45.614Z  INFO 1 --- [discovery-server] [a-EvictionTimer] c.n.e.registry.AbstractInstanceRegistry  : Running the evict task with compensationTime 0ms
discovery-server-1  | 2026-09-23T08:18:57.572301141Z 2026-09-23T08:18:57.571Z  INFO 1 --- [discovery-server] [nio-8761-exec-9] c.n.e.registry.AbstractInstanceRegistry  : Registered instance VISITS-SERVICE/a269f19a6536:visits-service:8082 with status DOWN (replication=false)
discovery-server-1  | 2026-09-23T08:18:58.080172252Z 2026-09-23T08:18:58.079Z  INFO 1 --- [discovery-server] [io-8761-exec-10] c.n.e.registry.AbstractInstanceRegistry  : Registered instance VISITS-SERVICE/a269f19a6536:visits-service:8082 with status DOWN (replication=true)
discovery-server-1  | 2026-09-23T08:19:12.685848171Z 2026-09-23T08:19:12.685Z  INFO 1 --- [discovery-server] [nio-8761-exec-7] c.n.e.registry.AbstractInstanceRegistry  : Registered instance VISITS-SERVICE/50c4eca9e21a:visits-service:8082 with status UP (replication=false)
discovery-server-1  | 2026-09-23T08:19:13.201453283Z 2026-09-23T08:19:13.200Z  INFO 1 --- [discovery-server] [nio-8761-exec-8] c.n.e.registry.AbstractInstanceRegistry  : Registered instance VISITS-SERVICE/50c4eca9e21a:visits-service:8082 with status UP (replication=true)
