config-server-1  | 2026-09-23T08:17:24.155179816Z 
config-server-1  | 2026-09-23T08:17:24.155320741Z   .   ____          _            __ _ _
config-server-1  | 2026-09-23T08:17:24.155327224Z  /\\ / ___'_ __ _ _(_)_ __  __ _ \ \ \ \
config-server-1  | 2026-09-23T08:17:24.155331042Z ( ( )\___ | '_ | '_| | '_ \/ _` | \ \ \ \
config-server-1  | 2026-09-23T08:17:24.155334458Z  \\/  ___)| |_)| | | | | || (_| |  ) ) ) )
config-server-1  | 2026-09-23T08:17:24.155337404Z   '  |____| .__|_| |_|_| |_\__, | / / / /
config-server-1  | 2026-09-23T08:17:24.155340680Z  =========|_|==============|___/=/_/_/_/
config-server-1  | 2026-09-23T08:17:24.155343566Z 
config-server-1  | 2026-09-23T08:17:24.155728092Z  :: Spring Boot ::                (v4.0.1)
config-server-1  | 2026-09-23T08:17:24.155742821Z 
config-server-1  | 2026-09-23T08:17:24.253833782Z 2026-09-23T08:17:24.249Z  INFO 1 --- [           main] o.s.s.p.config.ConfigServerApplication   : Starting ConfigServerApplication v4.0.1 using Java 17.0.20 with PID 1 (/application/BOOT-INF/classes started by root in /application)
config-server-1  | 2026-09-23T08:17:24.256355285Z 2026-09-23T08:17:24.255Z  INFO 1 --- [           main] o.s.s.p.config.ConfigServerApplication   : The following 1 profile is active: "docker"
config-server-1  | 2026-09-23T08:17:25.328657456Z 2026-09-23T08:17:25.328Z  INFO 1 --- [           main] o.s.cloud.context.scope.GenericScope     : BeanFactory id=6d1c9e9d-ef40-32be-9e63-ab5fef88f9b6
config-server-1  | 2026-09-23T08:17:25.713831874Z 2026-09-23T08:17:25.712Z  INFO 1 --- [           main] o.s.boot.tomcat.TomcatWebServer          : Tomcat initialized with port 8888 (http)
config-server-1  | 2026-09-23T08:17:25.733111473Z 2026-09-23T08:17:25.732Z  INFO 1 --- [           main] o.apache.catalina.core.StandardService   : Starting service [Tomcat]
config-server-1  | 2026-09-23T08:17:25.733340170Z 2026-09-23T08:17:25.733Z  INFO 1 --- [           main] o.apache.catalina.core.StandardEngine    : Starting Servlet engine: [Apache Tomcat/11.0.15]
config-server-1  | 2026-09-23T08:17:25.789726371Z 2026-09-23T08:17:25.789Z  INFO 1 --- [           main] b.w.c.s.WebApplicationContextInitializer : Root WebApplicationContext: initialization completed in 1455 ms
config-server-1  | 2026-09-23T08:17:26.005806239Z 2026-09-23T08:17:26.005Z  INFO 1 --- [           main] o.s.b.w.a.WelcomePageHandlerMapping      : Adding welcome page: class path resource [static/index.html]
config-server-1  | 2026-09-23T08:17:27.080487159Z 2026-09-23T08:17:27.080Z  INFO 1 --- [           main] o.s.boot.tomcat.TomcatWebServer          : Tomcat started on port 8888 (http) with context path '/'
config-server-1  | 2026-09-23T08:17:27.114909569Z 2026-09-23T08:17:27.114Z  INFO 1 --- [           main] o.s.s.p.config.ConfigServerApplication   : Started ConfigServerApplication in 3.629 seconds (process running for 4.49)
config-server-1  | 2026-09-23T08:17:29.203611439Z 2026-09-23T08:17:29.203Z  INFO 1 --- [nio-8888-exec-1] o.a.c.c.C.[Tomcat].[localhost].[/]       : Initializing Spring DispatcherServlet 'dispatcherServlet'
config-server-1  | 2026-09-23T08:17:29.204015127Z 2026-09-23T08:17:29.203Z  INFO 1 --- [nio-8888-exec-1] o.s.web.servlet.DispatcherServlet        : Initializing Servlet 'dispatcherServlet'
config-server-1  | 2026-09-23T08:17:29.206353445Z 2026-09-23T08:17:29.205Z  INFO 1 --- [nio-8888-exec-1] o.s.web.servlet.DispatcherServlet        : Completed initialization in 2 ms
config-server-1  | 2026-09-23T08:17:35.561571589Z 2026-09-23T08:17:35.560Z  INFO 1 --- [nio-8888-exec-1] o.s.c.c.s.e.NativeEnvironmentRepository  : Adding property source: Config resource 'file [/tmp/config-repo-15647614556935784336/api-gateway.yml]' via location 'file:/tmp/config-repo-15647614556935784336/' (document #1)
config-server-1  | 2026-09-23T08:17:35.561794043Z 2026-09-23T08:17:35.561Z  INFO 1 --- [nio-8888-exec-1] o.s.c.c.s.e.NativeEnvironmentRepository  : Adding property source: Config resource 'file [/tmp/config-repo-15647614556935784336/api-gateway.yml]' via location 'file:/tmp/config-repo-15647614556935784336/' (document #0)
config-server-1  | 2026-09-23T08:17:35.562056214Z 2026-09-23T08:17:35.561Z  INFO 1 --- [nio-8888-exec-1] o.s.c.c.s.e.NativeEnvironmentRepository  : Adding property source: Config resource 'file [/tmp/config-repo-15647614556935784336/application.yml]' via location 'file:/tmp/config-repo-15647614556935784336/' (document #2)
config-server-1  | 2026-09-23T08:17:35.562343277Z 2026-09-23T08:17:35.562Z  INFO 1 --- [nio-8888-exec-1] o.s.c.c.s.e.NativeEnvironmentRepository  : Adding property source: Config resource 'file [/tmp/config-repo-15647614556935784336/application.yml]' via location 'file:/tmp/config-repo-15647614556935784336/' (document #0)
config-server-1  | 2026-09-23T08:17:39.395365293Z 2026-09-23T08:17:39.394Z  INFO 1 --- [nio-8888-exec-3] o.s.c.c.s.e.NativeEnvironmentRepository  : Adding property source: Config resource 'file [/tmp/config-repo-15647614556935784336/discovery-server.yml]' via location 'file:/tmp/config-repo-15647614556935784336/'
config-server-1  | 2026-09-23T08:17:39.395419018Z 2026-09-23T08:17:39.394Z  INFO 1 --- [nio-8888-exec-3] o.s.c.c.s.e.NativeEnvironmentRepository  : Adding property source: Config resource 'file [/tmp/config-repo-15647614556935784336/application.yml]' via location 'file:/tmp/config-repo-15647614556935784336/' (document #2)
config-server-1  | 2026-09-23T08:17:39.395429348Z 2026-09-23T08:17:39.395Z  INFO 1 --- [nio-8888-exec-3] o.s.c.c.s.e.NativeEnvironmentRepository  : Adding property source: Config resource 'file [/tmp/config-repo-15647614556935784336/application.yml]' via location 'file:/tmp/config-repo-15647614556935784336/' (document #0)
config-server-1  | 2026-09-23T08:17:40.483166396Z 2026-09-23T08:17:40.482Z  INFO 1 --- [nio-8888-exec-4] o.s.c.c.s.e.NativeEnvironmentRepository  : Adding property source: Config resource 'file [/tmp/config-repo-15647614556935784336/discovery-server.yml]' via location 'file:/tmp/config-repo-15647614556935784336/'
config-server-1  | 2026-09-23T08:17:40.483347177Z 2026-09-23T08:17:40.483Z  INFO 1 --- [nio-8888-exec-4] o.s.c.c.s.e.NativeEnvironmentRepository  : Adding property source: Config resource 'file [/tmp/config-repo-15647614556935784336/application.yml]' via location 'file:/tmp/config-repo-15647614556935784336/' (document #0)
config-server-1  | 2026-09-23T08:17:50.564964776Z 2026-09-23T08:17:50.564Z  INFO 1 --- [nio-8888-exec-5] o.s.c.c.s.e.NativeEnvironmentRepository  : Adding property source: Config resource 'file [/tmp/config-repo-15647614556935784336/visits-service.yml]' via location 'file:/tmp/config-repo-15647614556935784336/' (document #1)
config-server-1  | 2026-09-23T08:17:50.565012229Z 2026-09-23T08:17:50.564Z  INFO 1 --- [nio-8888-exec-5] o.s.c.c.s.e.NativeEnvironmentRepository  : Adding property source: Config resource 'file [/tmp/config-repo-15647614556935784336/application.yml]' via location 'file:/tmp/config-repo-15647614556935784336/' (document #2)
config-server-1  | 2026-09-23T08:17:50.565059553Z 2026-09-23T08:17:50.564Z  INFO 1 --- [nio-8888-exec-5] o.s.c.c.s.e.NativeEnvironmentRepository  : Adding property source: Config resource 'file [/tmp/config-repo-15647614556935784336/application.yml]' via location 'file:/tmp/config-repo-15647614556935784336/' (document #0)
config-server-1  | 2026-09-23T08:17:51.549156852Z 2026-09-23T08:17:51.548Z  INFO 1 --- [nio-8888-exec-6] o.s.c.c.s.e.NativeEnvironmentRepository  : Adding property source: Config resource 'file [/tmp/config-repo-15647614556935784336/customers-service.yml]' via location 'file:/tmp/config-repo-15647614556935784336/' (document #1)
config-server-1  | 2026-09-23T08:17:51.549339872Z 2026-09-23T08:17:51.549Z  INFO 1 --- [nio-8888-exec-6] o.s.c.c.s.e.NativeEnvironmentRepository  : Adding property source: Config resource 'file [/tmp/config-repo-15647614556935784336/application.yml]' via location 'file:/tmp/config-repo-15647614556935784336/' (document #2)
config-server-1  | 2026-09-23T08:17:51.549413516Z 2026-09-23T08:17:51.549Z  INFO 1 --- [nio-8888-exec-6] o.s.c.c.s.e.NativeEnvironmentRepository  : Adding property source: Config resource 'file [/tmp/config-repo-15647614556935784336/application.yml]' via location 'file:/tmp/config-repo-15647614556935784336/' (document #0)
config-server-1  | 2026-09-23T08:17:52.535188378Z 2026-09-23T08:17:52.534Z  INFO 1 --- [nio-8888-exec-7] o.s.c.c.s.e.NativeEnvironmentRepository  : Adding property source: Config resource 'file [/tmp/config-repo-15647614556935784336/visits-service.yml]' via location 'file:/tmp/config-repo-15647614556935784336/' (document #0)
config-server-1  | 2026-09-23T08:17:52.535702088Z 2026-09-23T08:17:52.535Z  INFO 1 --- [nio-8888-exec-7] o.s.c.c.s.e.NativeEnvironmentRepository  : Adding property source: Config resource 'file [/tmp/config-repo-15647614556935784336/application.yml]' via location 'file:/tmp/config-repo-15647614556935784336/' (document #0)
config-server-1  | 2026-09-23T08:17:53.522729241Z 2026-09-23T08:17:53.522Z  INFO 1 --- [nio-8888-exec-8] o.s.c.c.s.e.NativeEnvironmentRepository  : Adding property source: Config resource 'file [/tmp/config-repo-15647614556935784336/customers-service.yml]' via location 'file:/tmp/config-repo-15647614556935784336/' (document #0)
config-server-1  | 2026-09-23T08:17:53.523105417Z 2026-09-23T08:17:53.522Z  INFO 1 --- [nio-8888-exec-8] o.s.c.c.s.e.NativeEnvironmentRepository  : Adding property source: Config resource 'file [/tmp/config-repo-15647614556935784336/application.yml]' via location 'file:/tmp/config-repo-15647614556935784336/' (document #0)
config-server-1  | 2026-09-23T08:18:13.952382721Z 2026-09-23T08:18:13.951Z  INFO 1 --- [nio-8888-exec-9] o.s.c.c.s.e.NativeEnvironmentRepository  : Adding property source: Config resource 'file [/tmp/config-repo-15647614556935784336/api-gateway.yml]' via location 'file:/tmp/config-repo-15647614556935784336/' (document #1)
config-server-1  | 2026-09-23T08:18:13.952580044Z 2026-09-23T08:18:13.952Z  INFO 1 --- [nio-8888-exec-9] o.s.c.c.s.e.NativeEnvironmentRepository  : Adding property source: Config resource 'file [/tmp/config-repo-15647614556935784336/api-gateway.yml]' via location 'file:/tmp/config-repo-15647614556935784336/' (document #0)
config-server-1  | 2026-09-23T08:18:13.952642238Z 2026-09-23T08:18:13.952Z  INFO 1 --- [nio-8888-exec-9] o.s.c.c.s.e.NativeEnvironmentRepository  : Adding property source: Config resource 'file [/tmp/config-repo-15647614556935784336/application.yml]' via location 'file:/tmp/config-repo-15647614556935784336/' (document #2)
config-server-1  | 2026-09-23T08:18:13.952858247Z 2026-09-23T08:18:13.952Z  INFO 1 --- [nio-8888-exec-9] o.s.c.c.s.e.NativeEnvironmentRepository  : Adding property source: Config resource 'file [/tmp/config-repo-15647614556935784336/application.yml]' via location 'file:/tmp/config-repo-15647614556935784336/' (document #0)
config-server-1  | 2026-09-23T08:18:15.036012022Z 2026-09-23T08:18:15.035Z  INFO 1 --- [io-8888-exec-10] o.s.c.c.s.e.NativeEnvironmentRepository  : Adding property source: Config resource 'file [/tmp/config-repo-15647614556935784336/api-gateway.yml]' via location 'file:/tmp/config-repo-15647614556935784336/' (document #0)
config-server-1  | 2026-09-23T08:18:15.036049666Z 2026-09-23T08:18:15.035Z  INFO 1 --- [io-8888-exec-10] o.s.c.c.s.e.NativeEnvironmentRepository  : Adding property source: Config resource 'file [/tmp/config-repo-15647614556935784336/application.yml]' via location 'file:/tmp/config-repo-15647614556935784336/' (document #0)
config-server-1  | 2026-09-23T08:19:02.175837129Z 2026-09-23T08:19:02.175Z  INFO 1 --- [nio-8888-exec-4] o.s.c.c.s.e.NativeEnvironmentRepository  : Adding property source: Config resource 'file [/tmp/config-repo-15647614556935784336/visits-service.yml]' via location 'file:/tmp/config-repo-15647614556935784336/' (document #1)
config-server-1  | 2026-09-23T08:19:02.175901725Z 2026-09-23T08:19:02.175Z  INFO 1 --- [nio-8888-exec-4] o.s.c.c.s.e.NativeEnvironmentRepository  : Adding property source: Config resource 'file [/tmp/config-repo-15647614556935784336/application.yml]' via location 'file:/tmp/config-repo-15647614556935784336/' (document #2)
config-server-1  | 2026-09-23T08:19:02.175907897Z 2026-09-23T08:19:02.175Z  INFO 1 --- [nio-8888-exec-4] o.s.c.c.s.e.NativeEnvironmentRepository  : Adding property source: Config resource 'file [/tmp/config-repo-15647614556935784336/application.yml]' via location 'file:/tmp/config-repo-15647614556935784336/' (document #0)
config-server-1  | 2026-09-23T08:19:03.289265095Z 2026-09-23T08:19:03.288Z  INFO 1 --- [nio-8888-exec-5] o.s.c.c.s.e.NativeEnvironmentRepository  : Adding property source: Config resource 'file [/tmp/config-repo-15647614556935784336/visits-service.yml]' via location 'file:/tmp/config-repo-15647614556935784336/' (document #0)
config-server-1  | 2026-09-23T08:19:03.289621492Z 2026-09-23T08:19:03.289Z  INFO 1 --- [nio-8888-exec-5] o.s.c.c.s.e.NativeEnvironmentRepository  : Adding property source: Config resource 'file [/tmp/config-repo-15647614556935784336/application.yml]' via location 'file:/tmp/config-repo-15647614556935784336/' (document #0)
