[
  {
    "statement": 1,
    "sha256": "090be3bbfe98985ef7c99bd19f57889df7145efb978818da44e5e965c54b63c4",
    "status": "ok",
    "duration_seconds": 0.087
  },
  {
    "statement": 2,
    "sha256": "afbb63e9d0a0676413958b6da48e42d3b47a5e8b69654d31e6d3635c5a3b898e",
    "status": "ok",
    "duration_seconds": 0.044
  },
  {
    "statement": 3,
    "sha256": "6765e2bee9919b4d6bee51fc36b094c39c23deb4e893a34e0a15241a0102bfa2",
    "status": "ok",
    "duration_seconds": 0.037
  },
  {
    "statement": 4,
    "sha256": "945f1a5da5fca4fe339547d3794749b7a2ab8cd9c8618db902d7646d6ea640cb",
    "status": "ok",
    "duration_seconds": 0.035
  },
  {
    "statement": 5,
    "sha256": "227766024d1e6904c776af4dcf9c134bdeb38c73fe47898cfbc3242025618be8",
    "status": "ok",
    "duration_seconds": 0.286
  },
  {
    "statement": 6,
    "sha256": "834853391f77eef6c373773c76903ca0f8b7a08052847e294db758066c36cc2f",
    "status": "ok",
    "duration_seconds": 0.024
  },
  {
    "statement": 7,
    "sha256": "6b8112baccac758f763dee78f81b7186770c0dde71583a17cbddaf34a5eb5beb",
    "status": "ok",
    "duration_seconds": 0.098
  },
  {
    "statement": 8,
    "sha256": "aec288fd1e549c7f1d0d5ff1bf56b6e194bafe5f1f00c65345a279576ecab530",
    "status": "ok",
    "duration_seconds": 0.243
  },
  {
    "statement": 9,
    "sha256": "5897764eb7e9ac3305d6726ec29ddbbaf0af32f6e753e276c8afae26ef1c77fa",
    "status": "ok",
    "duration_seconds": 0.022
  },
  {
    "statement": 10,
    "sha256": "b4a5a03b271aa0ff1743784cbbd596dfcb01c04c005e78ffea80df9e02fadbda",
    "status": "ok",
    "duration_seconds": 0.034
  },
  {
    "statement": 11,
    "sha256": "1d01e1f2095088a5da551c593f9e00d83fb6699bdd7be1812e4c4e2210933af8",
    "status": "ok",
    "duration_seconds": 0.023
  },
  {
    "statement": 12,
    "sha256": "9df384dbfdb1d530115b5c9f55eee0df5253c355405c65e77501afa9faed8b0f",
    "status": "ok",
    "duration_seconds": 0.025
  },
  {
    "statement": 13,
    "sha256": "d5d9de77f05f2b92fc8c855f5b6f4d1af8a2b781c216e081a5411472b83b0b63",
    "status": "ok",
    "duration_seconds": 0.07
  },
  {
    "statement": 14,
    "sha256": "aa44f5a835b1ad10b9f3d0e29ca176944218e767fa4232c7f32a26b458ff8aaf",
    "status": "ok",
    "duration_seconds": 0.082
  },
  {
    "statement": 15,
    "sha256": "06e0e0f8c957dc5c5a3615942275e8d9ca8634e16c8ce8af413657088a889d39",
    "status": "ok",
    "duration_seconds": 0.045
  },
  {
    "statement": 16,
    "sha256": "013d06fa46b0f65f81861925b483c02e6f34fa9f2a65187688851f7b69cf36bf",
    "status": "ok",
    "duration_seconds": 0.02
  },
  {
    "statement": 17,
    "sha256": "c8656125b517fa617b35d3409299404595a48d9ff070531ea8888d1a507f6688",
    "status": "ok",
    "duration_seconds": 0.02
  },
  {
    "statement": 18,
    "sha256": "8f2b557a166b5c52cd61c3e7be137d0a09738baaca4e19ab05d0d20eadc19918",
    "status": "ok",
    "duration_seconds": 0.02
  },
  {
    "statement": 19,
    "sha256": "20269beafeb061f0db00c7c5e8cf8d68353a7c98ed4d1d1b1adb9ecedb2cbcd2",
    "status": "ok",
    "duration_seconds": 0.041
  },
  {
    "statement": 20,
    "sha256": "424e0177677f1e9aead265f7c1ec57ec2873e0afa593f23f10dcf6fc9c484834",
    "status": "ok",
    "duration_seconds": 0.067
  },
  {
    "statement": 21,
    "sha256": "c741fe1c261060820c8748ff521ecbeb4b7907f8756957ccabcfc2bc78f2490f",
    "status": "ok",
    "duration_seconds": 0.021
  },
  {
    "statement": 22,
    "sha256": "062332af7d67a9961eb812787f95716d37d33b11bcfe28ac4010bd63270d49af",
    "status": "ok",
    "duration_seconds": 0.02
  },
  {
    "statement": 23,
    "sha256": "0b469568475a42b133fdb49d7193d274ce1b9ea141dda1290a9b95c023c4f0a9",
    "status": "ok",
    "duration_seconds": 0.044
  },
  {
    "statement": 24,
    "sha256": "145cec9efc4025537a4f008a43b6a6bc531adea444c1e85c72b2eefd070a5983",
    "status": "ok",
    "duration_seconds": 0.069
  },
  {
    "statement": 25,
    "sha256": "bc29c84648a5d43a3f104075f040190496e038b3c965b784d0f5317f5d74409b",
    "status": "ok",
    "duration_seconds": 0.016
  },
  {
    "statement": 26,
    "sha256": "1241b1a1fd2fed8e489657785e34dde62cecee5dae4a474945e67d06503ceeae",
    "status": "ok",
    "duration_seconds": 0.019
  },
  {
    "statement": 27,
    "sha256": "0187a8c354922c37c3c39dd7807f2c53b57a4c24ef84730d7ee9a6d5da746ec3",
    "status": "ok",
    "duration_seconds": 0.033
  },
  {
    "statement": 28,
    "sha256": "cd74ec8441659b4fe6c27fb383b10cafd9a18dc19e3dc9499668f3efc74a2833",
    "status": "ok",
    "duration_seconds": 0.019
  },
  {
    "statement": 29,
    "sha256": "44b9d24f5392b34f85367f9ea54bdc8d44704195e8a7bc323302dfb535d28dc9",
    "status": "ok",
    "duration_seconds": 0.033
  },
  {
    "statement": 30,
    "sha256": "4d88413f80af18e6b0d4f51ccbad301df92169fecff9095779a98013474f3c24",
    "status": "ok",
    "duration_seconds": 0.059
  },
  {
    "statement": 31,
    "sha256": "b55f0cd9adecc0758a1f6016eeaeb40fb738a34c9db81276377d77ccb2212ecf",
    "status": "ok",
    "duration_seconds": 0.111
  },
  {
    "statement": 32,
    "sha256": "d595aff2eb023c04155dc47bc87485f601346034bb351d210987a8d6a6095dc6",
    "status": "ok",
    "duration_seconds": 0.075
  },
  {
    "statement": 33,
    "sha256": "9615eed19547b231841ec95dee3dbc74685568bfe58ed943de8541d7c3fdcb9f",
    "status": "failed",
    "error": "{code: Neo.ClientError.Statement.SyntaxError} {message: Invalid input 'THIS': expected 'FOREACH', 'ALTER', 'ORDER BY', 'CALL', 'USING PERIODIC COMMIT', 'CREATE', 'LOAD CSV', 'START DATABASE', 'STOP DATABASE', 'DEALLOCATE', 'DELETE', 'DENY', 'DETACH', 'DROP', 'DRYRUN', 'FINISH', 'GRANT', 'INSERT', 'LIMIT', 'MATCH', 'MERGE', 'NODETACH', 'OFFSET', 'OPTIONAL', 'REALLOCATE', 'REMOVE', 'RENAME', 'RETURN', 'REVOKE', 'ENABLE SERVER', 'SET', 'SHOW', 'SKIP', 'TERMINATE', 'UNWIND', 'USE' or 'WITH' (line 1, column 1 (offset: 0))\n\"THIS IS MALFORMED CYPHER\"\n ^}"
  }
]
